Component: ARM Compiler 5.05 update 2 (build 169) Tool: armlink [4d0f33]

==============================================================================

Section Cross References

    app.o(.text) refers to bsp.o(.text) for BSP_TSI_SliderRead
    app.o(.text) refers to os_time.o(.text) for OSTimeDlyHMSM
    app.o(.text) refers to bsp_lcd.o(.text) for BSP_LCD_Write
    app.o(.text) refers to os_task.o(.text) for OSTaskCreate
    app.o(.text) refers to os_stat.o(.text) for OSStatTaskCPUUsageInit
    app.o(.text) refers to cpu_core.o(.text) for CPU_IntDisMeasMaxCurReset
    app.o(.text) refers to lib_mem.o(.text) for Mem_Init
    app.o(.text) refers to lib_math.o(.text) for Math_Init
    app.o(.text) refers to bsp_int.o(.text) for BSP_IntDisAll
    app.o(.text) refers to os_core.o(.text) for OSInit
    app.o(.text) refers to app.o(.data) for App_TSI_SliderPosPct
    app.o(.text) refers to app.o(.bss) for App_Task_LCD_Stk
    os_app_hooks.o(.text) refers to cpu_a.o(.text) for CPU_SR_Save
    os_app_hooks.o(.text) refers to cpu_core.o(.text) for CPU_IntDisMeasStart
    os_app_hooks.o(.text) refers to os_var.o(.data) for OS_AppTaskCreateHookPtr
    bsp.o(.text) refers to bsp_int.o(.text) for BSP_IntVectSet
    bsp.o(.text) refers to cpu_a.o(.text) for CPU_SR_Save
    bsp.o(.text) refers to cpu_core.o(.text) for CPU_IntDisMeasStart
    bsp.o(.text) refers to bsp.o(.bss) for BSP_TSI_Slider
    bsp.o(.text) refers to aeabi_sdiv.o(.text) for __aeabi_uidivmod
    bsp.o(.text) refers to os_cpu_c.o(.text) for OS_CPU_SysTickInit
    bsp.o(.text) refers to bsp.o(.data) for BSP_CPU_ClkFreq_MHz
    bsp.o(.text) refers to os_cfg_app.o(.constdata) for OSCfg_TickRate_Hz
    bsp_int.o(.text) refers to cpu_c.o(.text) for CPU_IntSrcDis
    bsp_int.o(.text) refers to cpu_a.o(.text) for CPU_IntDis
    bsp_int.o(.text) refers to cpu_core.o(.text) for CPU_IntDisMeasStart
    bsp_int.o(.text) refers to os_core.o(.text) for OSIntEnter
    bsp_int.o(.text) refers to bsp_int.o(.bss) for BSP_IntVectTbl
    cpu_bsp.o(.text) refers to bsp.o(.text) for BSP_CPU_ClkFreq
    cpu_bsp.o(.text) refers to cpu_core.o(.text) for CPU_TS_TmrFreqSet
    cpu_bsp.o(.text) refers to lludiv.o(.text) for __aeabi_uldivmod
    bsp_os.o(.text) refers to os_sem.o(.text) for OSSemCreate
    bsp_os.o(.text) refers to aeabi_sdiv.o(.text) for __aeabi_uidivmod
    bsp_os.o(.text) refers to os_time.o(.text) for OSTimeDlyHMSM
    bsp_os.o(.text) refers to os_cfg_app.o(.constdata) for OSCfg_TickRate_Hz
    cstartup.o(STACK) refers (Special) to heapauxi.o(.text) for __use_two_region_memory
    cstartup.o(HEAP) refers (Special) to heapauxi.o(.text) for __use_two_region_memory
    cstartup.o(RESET) refers (Special) to heapauxi.o(.text) for __use_two_region_memory
    cstartup.o(RESET) refers to cstartup.o(STACK) for __initial_sp
    cstartup.o(RESET) refers to cstartup.o(.text) for App_Reset_ISR
    cstartup.o(RESET) refers to os_cpu_a.o(.text) for OS_CPU_PendSVHandler
    cstartup.o(RESET) refers to os_cpu_c.o(.text) for OS_CPU_SysTickHandler
    cstartup.o(RESET) refers to bsp_int.o(.text) for BSP_IntHandlerDMA0
    cstartup.o(.ARM.__at_0x400) refers (Special) to heapauxi.o(.text) for __use_two_region_memory
    cstartup.o(.text) refers (Special) to heapauxi.o(.text) for __use_two_region_memory
    cstartup.o(.text) refers to __main.o(!!!main) for __main
    cstartup.o(.text) refers to cstartup.o(HEAP) for Heap_Mem
    cstartup.o(.text) refers to cstartup.o(STACK) for Stack_Mem
    bsp_lcd.o(.text) refers to bsp_lcd.o(.data) for BSP_LCD_WFRL
    lib_math.o(.text) refers to cpu_a.o(.text) for CPU_SR_Save
    lib_math.o(.text) refers to cpu_core.o(.text) for CPU_IntDisMeasStart
    lib_math.o(.text) refers to lib_math.o(.data) for Math_RandSeedCur
    lib_mem.o(.text) refers to cpu_a.o(.text) for CPU_SR_Save
    lib_mem.o(.text) refers to cpu_core.o(.text) for CPU_IntDisMeasStart
    lib_mem.o(.text) refers to lib_mem.o(.data) for Mem_SegHeadPtr
    lib_mem.o(.text) refers to lib_mem.o(.bss) for Mem_Heap
    lib_str.o(.text) refers to lib_ascii.o(.text) for ASCII_ToLower
    lib_str.o(.text) refers to aeabi_sdiv.o(.text) for __aeabi_uidivmod
    lib_str.o(.text) refers to lib_str.o(.constdata) for Str_MultOvfThTbl_Int32U
    os_cfg_app.o(.constdata) refers to os_cfg_app.o(.bss) for OSCfg_IdleTaskStk
    os_core.o(.text) refers to cpu_a.o(.text) for CPU_SR_Save
    os_core.o(.text) refers to cpu_core.o(.text) for CPU_IntDisMeasStart
    os_core.o(.text) refers to os_cpu_c.o(.text) for OSIdleTaskHook
    os_core.o(.text) refers to os_task.o(.text) for OSTaskCreate
    os_core.o(.text) refers to os_prio.o(.text) for OS_PrioInit
    os_core.o(.text) refers to os_flag.o(.text) for OS_FlagInit
    os_core.o(.text) refers to os_mem.o(.text) for OS_MemInit
    os_core.o(.text) refers to os_msg.o(.text) for OS_MsgPoolInit
    os_core.o(.text) refers to os_mutex.o(.text) for OS_MutexInit
    os_core.o(.text) refers to os_q.o(.text) for OS_QInit
[...]
    ..\..\..\..\..\Software\uCOS-III\Source\os_tick.c 0x00000000   Number         0  os_tick.o ABSOLUTE
    ..\..\..\..\..\Software\uCOS-III\Source\os_time.c 0x00000000   Number         0  os_time.o ABSOLUTE
    ..\..\..\..\..\Software\uCOS-III\Source\os_tmr.c 0x00000000   Number         0  os_tmr.o ABSOLUTE
    ..\..\..\..\..\Software\uCOS-III\Source\os_var.c 0x00000000   Number         0  os_var.o ABSOLUTE
    ..\..\BSP\OS\uCOS-III\bsp_os.c           0x00000000   Number         0  bsp_os.o ABSOLUTE
    ..\..\BSP\bsp.c                          0x00000000   Number         0  bsp.o ABSOLUTE
    ..\..\BSP\bsp_i2c.c                      0x00000000   Number         0  bsp_i2c.o ABSOLUTE
    ..\..\BSP\bsp_int.c                      0x00000000   Number         0  bsp_int.o ABSOLUTE
    ..\..\BSP\bsp_lcd.c                      0x00000000   Number         0  bsp_lcd.o ABSOLUTE
    ..\..\BSP\cpu_bsp.c                      0x00000000   Number         0  cpu_bsp.o ABSOLUTE
    ..\\..\\..\\..\\..\\Software\\uC-CPU\\ARM-Cortex-M0\\RealView\\cpu_a.asm 0x00000000   Number         0  cpu_a.o ABSOLUTE
    ..\\..\\..\\..\\..\\Software\\uCOS-III\\Ports\\ARM-Cortex-M0\\Generic\\RealView\\os_cpu_a.s 0x00000000   Number         0  os_cpu_a.o ABSOLUTE
    ..\\..\\BSP\\KeilMDK\\cstartup.s         0x00000000   Number         0  cstartup.o ABSOLUTE
    ..\app.c                                 0x00000000   Number         0  app.o ABSOLUTE
    ..\os_app_hooks.c                        0x00000000   Number         0  os_app_hooks.o ABSOLUTE
    dc.s                                     0x00000000   Number         0  dc.o ABSOLUTE
    !!!main                                  0x000000c0   Section        8  __main.o(!!!main)
    !!!scatter                               0x000000c8   Section       60  __scatter.o(!!!scatter)
    !!handler_copy                           0x00000104   Section       26  __scatter_copy.o(!!handler_copy)
    !!handler_zi                             0x00000120   Section       28  __scatter_zi.o(!!handler_zi)
    .ARM.Collect$$libinit$$00000000          0x0000013c   Section        2  libinit.o(.ARM.Collect$$libinit$$00000000)
    .ARM.Collect$$libinit$$00000002          0x0000013e   Section        0  libinit2.o(.ARM.Collect$$libinit$$00000002)
    .ARM.Collect$$libinit$$00000004          0x0000013e   Section        0  libinit2.o(.ARM.Collect$$libinit$$00000004)
    .ARM.Collect$$libinit$$0000000A          0x0000013e   Section        0  libinit2.o(.ARM.Collect$$libinit$$0000000A)
    .ARM.Collect$$libinit$$0000000C          0x0000013e   Section        0  libinit2.o(.ARM.Collect$$libinit$$0000000C)
    .ARM.Collect$$libinit$$0000000E          0x0000013e   Section        0  libinit2.o(.ARM.Collect$$libinit$$0000000E)
    .ARM.Collect$$libinit$$00000011          0x0000013e   Section        0  libinit2.o(.ARM.Collect$$libinit$$00000011)
    .ARM.Collect$$libinit$$00000013          0x0000013e   Section        0  libinit2.o(.ARM.Collect$$libinit$$00000013)
    .ARM.Collect$$libinit$$00000015          0x0000013e   Section        0  libinit2.o(.ARM.Collect$$libinit$$00000015)
    .ARM.Collect$$libinit$$00000017          0x0000013e   Section        0  libinit2.o(.ARM.Collect$$libinit$$00000017)
    .ARM.Collect$$libinit$$00000019          0x0000013e   Section        0  libinit2.o(.ARM.Collect$$libinit$$00000019)
    .ARM.Collect$$libinit$$0000001B          0x0000013e   Section        0  libinit2.o(.ARM.Collect$$libinit$$0000001B)
    .ARM.Collect$$libinit$$0000001D          0x0000013e   Section        0  libinit2.o(.ARM.Collect$$libinit$$0000001D)
    .ARM.Collect$$libinit$$0000001F          0x0000013e   Section        0  libinit2.o(.ARM.Collect$$libinit$$0000001F)
    .ARM.Collect$$libinit$$00000021          0x0000013e   Section        0  libinit2.o(.ARM.Collect$$libinit$$00000021)
    .ARM.Collect$$libinit$$00000023          0x0000013e   Section        0  libinit2.o(.ARM.Collect$$libinit$$00000023)
    .ARM.Collect$$libinit$$00000025          0x0000013e   Section        0  libinit2.o(.ARM.Collect$$libinit$$00000025)
    .ARM.Collect$$libinit$$0000002C          0x0000013e   Section        0  libinit2.o(.ARM.Collect$$libinit$$0000002C)
    .ARM.Collect$$libinit$$0000002E          0x0000013e   Section        0  libinit2.o(.ARM.Collect$$libinit$$0000002E)
    .ARM.Collect$$libinit$$00000030          0x0000013e   Section        0  libinit2.o(.ARM.Collect$$libinit$$00000030)
    .ARM.Collect$$libinit$$00000032          0x0000013e   Section        0  libinit2.o(.ARM.Collect$$libinit$$00000032)
    .ARM.Collect$$libinit$$00000033          0x0000013e   Section        2  libinit2.o(.ARM.Collect$$libinit$$00000033)
    .ARM.Collect$$libshutdown$$00000000      0x00000140   Section        2  libshutdown.o(.ARM.Collect$$libshutdown$$00000000)
    .ARM.Collect$$libshutdown$$00000003      0x00000142   Section        0  libshutdown2.o(.ARM.Collect$$libshutdown$$00000003)
    .ARM.Collect$$libshutdown$$00000006      0x00000142   Section        0  libshutdown2.o(.ARM.Collect$$libshutdown$$00000006)
    .ARM.Collect$$libshutdown$$00000009      0x00000142   Section        0  libshutdown2.o(.ARM.Collect$$libshutdown$$00000009)
    .ARM.Collect$$libshutdown$$0000000B      0x00000142   Section        0  libshutdown2.o(.ARM.Collect$$libshutdown$$0000000B)
    .ARM.Collect$$libshutdown$$0000000E      0x00000142   Section        0  libshutdown2.o(.ARM.Collect$$libshutdown$$0000000E)
    .ARM.Collect$$libshutdown$$0000000F      0x00000142   Section        2  libshutdown2.o(.ARM.Collect$$libshutdown$$0000000F)
    .ARM.Collect$$rtentry$$00000000          0x00000144   Section        0  __rtentry.o(.ARM.Collect$$rtentry$$00000000)
    .ARM.Collect$$rtentry$$00000002          0x00000144   Section        0  __rtentry2.o(.ARM.Collect$$rtentry$$00000002)
    .ARM.Collect$$rtentry$$00000004          0x00000144   Section        6  __rtentry4.o(.ARM.Collect$$rtentry$$00000004)
    .ARM.Collect$$rtentry$$00000009          0x0000014a   Section        0  __rtentry2.o(.ARM.Collect$$rtentry$$00000009)
    .ARM.Collect$$rtentry$$0000000A          0x0000014a   Section        4  __rtentry2.o(.ARM.Collect$$rtentry$$0000000A)
    .ARM.Collect$$rtentry$$0000000C          0x0000014e   Section        0  __rtentry2.o(.ARM.Collect$$rtentry$$0000000C)
    .ARM.Collect$$rtentry$$0000000D          0x0000014e   Section        8  __rtentry2.o(.ARM.Collect$$rtentry$$0000000D)
    .ARM.Collect$$rtexit$$00000000           0x00000156   Section        2  rtexit.o(.ARM.Collect$$rtexit$$00000000)
    .ARM.Collect$$rtexit$$00000002           0x00000158   Section        0  rtexit2.o(.ARM.Collect$$rtexit$$00000002)
    .ARM.Collect$$rtexit$$00000003           0x00000158   Section        4  rtexit2.o(.ARM.Collect$$rtexit$$00000003)
    .ARM.Collect$$rtexit$$00000004           0x0000015c   Section        6  rtexit2.o(.ARM.Collect$$rtexit$$00000004)
    .text                                    0x00000164   Section        0  app.o(.text)
    App_TaskTSI_Slider                       0x00000165   Thumb Code    32  app.o(.text)
    App_Task_LCD                             0x00000185   Thumb Code    68  app.o(.text)
    App_TaskCreate                           0x000001c9   Thumb Code   100  app.o(.text)
    App_ObjCreate                            0x0000022d   Thumb Code     2  app.o(.text)
    App_TaskStart                            0x0000022f   Thumb Code    86  app.o(.text)
    App_Task_LED                             0x000002dd   Thumb Code    54  app.o(.text)
    .text                                    0x0000038c   Section        0  cpu_bsp.o(.text)
    .text                                    0x000003dc   Section        0  os_cfg_app.o(.text)
    .text                                    0x000003e0   Section       30  cpu_a.o(.text)
    .text                                    0x000003fe   Section        2  use_no_semi.o(.text)
    .ARM.__at_0x400                          0x00000400   Section       16  cstartup.o(.ARM.__at_0x400)
    .text                                    0x00000410   Section        0  bsp.o(.text)
    BSP_Timer_Init                           0x00000411   Thumb Code    28  bsp.o(.text)
    BSP_IRC_Init                             0x0000042d   Thumb Code    64  bsp.o(.text)
    BSP_TSI_SelfCal                          0x0000046d   Thumb Code   256  bsp.o(.text)
    BSP_TSI_IntHandler                       0x0000056d   Thumb Code   182  bsp.o(.text)
    BSP_TSI_Init                             0x00000623   Thumb Code    92  bsp.o(.text)
    BSP_SW_Init                              0x0000067f   Thumb Code    38  bsp.o(.text)
    BSP_LED_Init                             0x00000705   Thumb Code    56  bsp.o(.text)
    BSP_PLL_Init                             0x0000073d   Thumb Code   270  bsp.o(.text)
    .text                                    0x00000b64   Section        0  bsp_int.o(.text)
    BSP_IntHandlerDummy                      0x00000c0d   Thumb Code     2  bsp_int.o(.text)
    BSP_IntHandler                           0x00000c25   Thumb Code    68  bsp_int.o(.text)
    .text                                    0x00000db0   Section       48  cstartup.o(.text)
    .text                                    0x00000de0   Section        0  bsp_lcd.o(.text)
    .text                                    0x000010f0   Section        0  lib_ascii.o(.text)
    .text                                    0x0000134c   Section        0  lib_math.o(.text)
    .text                                    0x000013e0   Section        0  lib_mem.o(.text)
    Mem_SegCreateCritical                    0x000013e1   Thumb Code    28  lib_mem.o(.text)
    Mem_SegAllocExtCritical                  0x000016d5   Thumb Code   134  lib_mem.o(.text)
    Mem_SegAllocInternal                     0x0000175b   Thumb Code   108  lib_mem.o(.text)
    Mem_SegOverlapChkCritical                0x00001981   Thumb Code    82  lib_mem.o(.text)
    Mem_DynPoolCreateInternal                0x00001ca7   Thumb Code   196  lib_mem.o(.text)
    .text                                    0x00001f70   Section        0  lib_str.o(.text)
    Str_FmtNbr_Int32                         0x00002489   Thumb Code   502  lib_str.o(.text)
    Str_ParseNbr_Int32                       0x000026db   Thumb Code   456  lib_str.o(.text)
    .text                                    0x0000290c   Section        0  os_core.o(.text)
    .text                                    0x00003514   Section        0  os_dbg.o(.text)
    .text                                    0x000036bc   Section        0  os_flag.o(.text)
    .text                                    0x000040f4   Section        0  os_mem.o(.text)
    .text                                    0x000042a0   Section        0  os_msg.o(.text)
    .text                                    0x00004454   Section        0  os_mutex.o(.text)
    .text                                    0x00004c24   Section        0  os_prio.o(.text)
    .text                                    0x00004ca8   Section        0  os_q.o(.text)
    .text                                    0x0000527c   Section        0  os_sem.o(.text)
    .text                                    0x000058c0   Section        0  os_stat.o(.text)
    .text                                    0x00005f28   Section        0  os_task.o(.text)
    .text                                    0x00007260   Section        0  os_tick.o(.text)
    OS_TickListUpdateTimeout                 0x00007261   Thumb Code   222  os_tick.o(.text)
    OS_TickListUpdateDly                     0x0000733f   Thumb Code   154  os_tick.o(.text)
    .text                                    0x000076bc   Section        0  os_time.o(.text)
    .text                                    0x00007abc   Section        0  os_tmr.o(.text)
    OS_TmrUnlock                             0x00007abd   Thumb Code    14  os_tmr.o(.text)
    OS_TmrLock                               0x00007aed   Thumb Code    20  os_tmr.o(.text)
    .text                                    0x000080d8   Section      156  os_cpu_a.o(.text)
    .text                                    0x00008174   Section        0  os_cpu_c.o(.text)
    .text                                    0x000083d4   Section        0  cpu_core.o(.text)
    CPU_NameInit                             0x0000846f   Thumb Code     8  cpu_core.o(.text)
    CPU_IntDisMeasInit                       0x00008477   Thumb Code   104  cpu_core.o(.text)
    CPU_TS_Init                              0x000084df   Thumb Code    14  cpu_core.o(.text)
    CPU_IntDisMeasMaxCalc                    0x000085f1   Thumb Code    24  cpu_core.o(.text)
    .text                                    0x000088ac   Section        0  cpu_c.o(.text)
    .text                                    0x00008e70   Section        0  lludiv.o(.text)
    .text                                    0x00008f72   Section      346  aeabi_sdiv.o(.text)
    .text                                    0x000090cc   Section        0  heapauxi.o(.text)
    .text                                    0x000090d2   Section       62  sys_stackheap_outer.o(.text)
    .text                                    0x00009110   Section        0  exit.o(.text)
    .text                                    0x0000911c   Section        8  libspace.o(.text)
    .text                                    0x00009124   Section        0  sys_exit.o(.text)
    .text                                    0x00009130   Section        0  indicate_semi.o(.text)
    i.__ARM_common_switch8                   0x00009130   Section        0  os_core.o(i.__ARM_common_switch8)
    .constdata                               0x0000914c   Section      148  lib_str.o(.constdata)
    Str_MultOvfThTbl_Int32U                  0x0000914c   Data         148  lib_str.o(.constdata)
    .constdata                               0x000091e0   Section      148  os_cfg_app.o(.constdata)
    .constdata                               0x00009274   Section      360  os_dbg.o(.constdata)
    .constdata                               0x000093dc   Section      260  cpu_core.o(.constdata)
    CPU_CntLeadZerosTbl                      0x000093dc   Data         256  cpu_core.o(.constdata)
    .data                                    0x1fffe000   Section        6  app.o(.data)
    App_LCD_Dig1                             0x1fffe000   Data           1  app.o(.data)
    App_LCD_Dig2                             0x1fffe001   Data           1  app.o(.data)
    App_LCD_Dig3                             0x1fffe002   Data           1  app.o(.data)
    App_LCD_Dig4                             0x1fffe003   Data           1  app.o(.data)
    App_TSI_SliderPosMm                      0x1fffe004   Data           1  app.o(.data)
    App_TSI_SliderPosPct                     0x1fffe005   Data           1  app.o(.data)
    .data                                    0x1fffe008   Section        4  bsp.o(.data)
    BSP_CPU_ClkFreq_MHz                      0x1fffe008   Data           4  bsp.o(.data)
    .data                                    0x1fffe00c   Section       32  bsp_lcd.o(.data)
    BSP_LCD_WFRL                             0x1fffe00c   Data          16  bsp_lcd.o(.data)
    BSP_LCD_WFRH                             0x1fffe01c   Data          16  bsp_lcd.o(.data)
    .data                                    0x1fffe02c   Section        4  lib_math.o(.data)
    .data                                    0x1fffe030   Section        4  lib_mem.o(.data)
    .data                                    0x1fffe034   Section        8  os_prio.o(.data)
    .data                                    0x1fffe03c   Section      204  os_var.o(.data)
    .data                                    0x1fffe108   Section        4  os_cpu_c.o(.data)
    .data                                    0x1fffe10c   Section       28  cpu_core.o(.data)
    .bss                                     0x1fffe128   Section     2800  app.o(.bss)
    App_TaskStartTCB                         0x1fffe128   Data         188  app.o(.bss)
    App_TaskStartStk                         0x1fffe1e4   Data         512  app.o(.bss)
    App_Task_LCD_TCB                         0x1fffe3e4   Data         188  app.o(.bss)
    App_Task_LCD_Stk                         0x1fffe4a0   Data         512  app.o(.bss)
    App_TaskTSI_SliderTCB                    0x1fffe6a0   Data         188  app.o(.bss)
    App_TaskTSI_SliderStk                    0x1fffe75c   Data         512  app.o(.bss)
    App_Task_LED_TCB                         0x1fffe95c   Data         188  app.o(.bss)
    App_Task_LED_Stk                         0x1fffea18   Data         512  app.o(.bss)
    .bss                                     0x1fffec18   Section       26  bsp.o(.bss)
    BSP_TSI_Slider                           0x1fffec18   Data          26  bsp.o(.bss)
    .bss                                     0x1fffec34   Section      424  bsp_int.o(.bss)
    BSP_IntVectTbl                           0x1fffec34   Data         424  bsp_int.o(.bss)
    .bss                                     0x1fffeddc   Section     2068  lib_mem.o(.bss)
    .bss                                     0x1ffff5f0   Section     4160  os_cfg_app.o(.bss)
    .bss                                     0x20000630   Section     1576  os_var.o(.bss)
    .bss                                     0x20000c58   Section       16  cpu_core.o(.bss)
    .bss                                     0x20000c68   Section       96  libspace.o(.bss)
    HEAP                                     0x20000cc8   Section        0  cstartup.o(HEAP)
    STACK                                    0x20000cc8   Section      256  cstartup.o(STACK)
    Heap_Mem                                 0x20000cc8   Data           0  cstartup.o(HEAP)
    Stack_Mem                                0x20000cc8   Data         256  cstartup.o(STACK)
    __initial_sp                             0x20000dc8   Data           0  cstartup.o(STACK)

    Global Symbols

    Symbol Name                              Value     Ov Type        Size  Object(Section)

    BuildAttributes$$THM_ISAv3M$S$PE$A:L22$X:L11$S22$IEEE1$IW$USESV6$~STKCKD$USESV7$~SHL$OSPACE$ROPI$EBA8$UX$STANDARDLIB$REQ8$PRES8$EABIv2 0x00000000   Number         0  anon$$obj.o ABSOLUTE
    __ARM_use_no_argv                        0x00000000   Number         0  app.o ABSOLUTE
    __Vectors                                0x00000000   Data           4  cstartup.o(RESET)
    __ARM_exceptions_init                     - Undefined Weak Reference
    __alloca_initialize                       - Undefined Weak Reference
    __arm_preinit_                            - Undefined Weak Reference
    __cpp_initialize__aeabi_                  - Undefined Weak Reference
    __cxa_finalize                            - Undefined Weak Reference
    __rt_locale                               - Undefined Weak Reference
    __sigvec_lookup                           - Undefined Weak Reference
    _atexit_init                              - Undefined Weak Reference
    _call_atexit_fns                          - Undefined Weak Reference
    _clock_init                               - Undefined Weak Reference
    _fp_trap_init                             - Undefined Weak Reference
    _fp_trap_shutdown                         - Undefined Weak Reference
    _get_lc_collate                           - Undefined Weak Reference
    _get_lc_ctype                             - Undefined Weak Reference
    _get_lc_monetary                          - Undefined Weak Reference
    _get_lc_numeric                           - Undefined Weak Reference
    _get_lc_time                              - Undefined Weak Reference
    _getenv_init                              - Undefined Weak Reference
    _handle_redirection                       - Undefined Weak Reference
    _init_alloc                               - Undefined Weak Reference
    _init_user_alloc                          - Undefined Weak Reference
    _initio                                   - Undefined Weak Reference
    _rand_init                                - Undefined Weak Reference
    _signal_finish                            - Undefined Weak Reference
    _signal_init                              - Undefined Weak Reference
    _terminate_alloc                          - Undefined Weak Reference
    _terminate_user_alloc                     - Undefined Weak Reference
    _terminateio                              - Undefined Weak Reference
    __Vectors_End                            0x000000c0   Data           0  cstartup.o(RESET)
    __Vectors_Size                           0x000000c0   Number         0  cstartup.o ABSOLUTE
    __main                                   0x000000c1   Thumb Code     8  __main.o(!!!main)
    __scatterload                            0x000000c9   Thumb Code     0  __scatter.o(!!!scatter)
    __scatterload_rt2                        0x000000c9   Thumb Code    52  __scatter.o(!!!scatter)
    __scatterload_rt2_thumb_only             0x000000c9   Thumb Code     0  __scatter.o(!!!scatter)
    __scatterload_null                       0x000000d9   Thumb Code     0  __scatter.o(!!!scatter)
    __scatterload_copy                       0x00000105   Thumb Code    26  __scatter_copy.o(!!handler_copy)
    __scatterload_zeroinit                   0x00000121   Thumb Code    28  __scatter_zi.o(!!handler_zi)
    __rt_lib_init                            0x0000013d   Thumb Code     0  libinit.o(.ARM.Collect$$libinit$$00000000)
    __rt_lib_init_alloca_1                   0x0000013f   Thumb Code     0  libinit2.o(.ARM.Collect$$libinit$$0000002E)
    __rt_lib_init_argv_1                     0x0000013f   Thumb Code     0  libinit2.o(.ARM.Collect$$libinit$$0000002C)
    __rt_lib_init_atexit_1                   0x0000013f   Thumb Code     0  libinit2.o(.ARM.Collect$$libinit$$0000001B)
    __rt_lib_init_clock_1                    0x0000013f   Thumb Code     0  libinit2.o(.ARM.Collect$$libinit$$00000021)
    __rt_lib_init_cpp_1                      0x0000013f   Thumb Code     0  libinit2.o(.ARM.Collect$$libinit$$00000032)
    __rt_lib_init_exceptions_1               0x0000013f   Thumb Code     0  libinit2.o(.ARM.Collect$$libinit$$00000030)
    __rt_lib_init_fp_1                       0x0000013f   Thumb Code     0  libinit2.o(.ARM.Collect$$libinit$$00000002)
    __rt_lib_init_fp_trap_1                  0x0000013f   Thumb Code     0  libinit2.o(.ARM.Collect$$libinit$$0000001F)
    __rt_lib_init_getenv_1                   0x0000013f   Thumb Code     0  libinit2.o(.ARM.Collect$$libinit$$00000023)
    __rt_lib_init_heap_1                     0x0000013f   Thumb Code     0  libinit2.o(.ARM.Collect$$libinit$$0000000A)
    __rt_lib_init_lc_collate_1               0x0000013f   Thumb Code     0  libinit2.o(.ARM.Collect$$libinit$$00000011)
    __rt_lib_init_lc_ctype_1                 0x0000013f   Thumb Code     0  libinit2.o(.ARM.Collect$$libinit$$00000013)
    __rt_lib_init_lc_monetary_1              0x0000013f   Thumb Code     0  libinit2.o(.ARM.Collect$$libinit$$00000015)
    __rt_lib_init_lc_numeric_1               0x0000013f   Thumb Code     0  libinit2.o(.ARM.Collect$$libinit$$00000017)
    __rt_lib_init_lc_time_1                  0x0000013f   Thumb Code     0  libinit2.o(.ARM.Collect$$libinit$$00000019)
    __rt_lib_init_preinit_1                  0x0000013f   Thumb Code     0  libinit2.o(.ARM.Collect$$libinit$$00000004)
    __rt_lib_init_rand_1                     0x0000013f   Thumb Code     0  libinit2.o(.ARM.Collect$$libinit$$0000000E)
    __rt_lib_init_return                     0x0000013f   Thumb Code     0  libinit2.o(.ARM.Collect$$libinit$$00000033)
    __rt_lib_init_signal_1                   0x0000013f   Thumb Code     0  libinit2.o(.ARM.Collect$$libinit$$0000001D)
    __rt_lib_init_stdio_1                    0x0000013f   Thumb Code     0  libinit2.o(.ARM.Collect$$libinit$$00000025)
    __rt_lib_init_user_alloc_1               0x0000013f   Thumb Code     0  libinit2.o(.ARM.Collect$$libinit$$0000000C)
    __rt_lib_shutdown                        0x00000141   Thumb Code     0  libshutdown.o(.ARM.Collect$$libshutdown$$00000000)
    __rt_lib_shutdown_fp_trap_1              0x00000143   Thumb Code     0  libshutdown2.o(.ARM.Collect$$libshutdown$$00000006)
    __rt_lib_shutdown_heap_1                 0x00000143   Thumb Code     0  libshutdown2.o(.ARM.Collect$$libshutdown$$0000000E)
    __rt_lib_shutdown_return                 0x00000143   Thumb Code     0  libshutdown2.o(.ARM.Collect$$libshutdown$$0000000F)
    __rt_lib_shutdown_signal_1               0x00000143   Thumb Code     0  libshutdown2.o(.ARM.Collect$$libshutdown$$00000009)
    __rt_lib_shutdown_stdio_1                0x00000143   Thumb Code     0  libshutdown2.o(.ARM.Collect$$libshutdown$$00000003)
    __rt_lib_shutdown_user_alloc_1           0x00000143   Thumb Code     0  libshutdown2.o(.ARM.Collect$$libshutdown$$0000000B)
    __rt_entry                               0x00000145   Thumb Code     0  __rtentry.o(.ARM.Collect$$rtentry$$00000000)
    __rt_entry_presh_1                       0x00000145   Thumb Code     0  __rtentry2.o(.ARM.Collect$$rtentry$$00000002)
    __rt_entry_sh                            0x00000145   Thumb Code     0  __rtentry4.o(.ARM.Collect$$rtentry$$00000004)
    __rt_entry_li                            0x0000014b   Thumb Code     0  __rtentry2.o(.ARM.Collect$$rtentry$$0000000A)
    __rt_entry_postsh_1                      0x0000014b   Thumb Code     0  __rtentry2.o(.ARM.Collect$$rtentry$$00000009)
    __rt_entry_main                          0x0000014f   Thumb Code     0  __rtentry2.o(.ARM.Collect$$rtentry$$0000000D)
    __rt_entry_postli_1                      0x0000014f   Thumb Code     0  __rtentry2.o(.ARM.Collect$$rtentry$$0000000C)
    __rt_exit                                0x00000157   Thumb Code     0  rtexit.o(.ARM.Collect$$rtexit$$00000000)
    __rt_exit_ls                             0x00000159   Thumb Code     0  rtexit2.o(.ARM.Collect$$rtexit$$00000003)
    __rt_exit_prels_1                        0x00000159   Thumb Code     0  rtexit2.o(.ARM.Collect$$rtexit$$00000002)
    __rt_exit_exit                           0x0000015d   Thumb Code     0  rtexit2.o(.ARM.Collect$$rtexit$$00000004)
    main                                     0x00000285   Thumb Code    88  app.o(.text)
    CPU_TS_TmrInit                           0x0000038d   Thumb Code    18  cpu_bsp.o(.text)
    CPU_TS_TmrRd                             0x0000039f   Thumb Code     4  cpu_bsp.o(.text)
    CPU_TS32_to_uSec                         0x000003a3   Thumb Code    54  cpu_bsp.o(.text)
    OSCfg_Init                               0x000003dd   Thumb Code     2  os_cfg_app.o(.text)
    CPU_IntDis                               0x000003e1   Thumb Code     0  cpu_a.o(.text)
    CPU_IntEn                                0x000003e5   Thumb Code     0  cpu_a.o(.text)
    CPU_SR_Save                              0x000003e9   Thumb Code     0  cpu_a.o(.text)
    CPU_SR_Restore                           0x000003f1   Thumb Code     0  cpu_a.o(.text)
    CPU_WaitForInt                           0x000003f7   Thumb Code     0  cpu_a.o(.text)
    CPU_WaitForExcept                        0x000003fb   Thumb Code     0  cpu_a.o(.text)
    __I$use$semihosting                      0x000003ff   Thumb Code     0  use_no_semi.o(.text)
    __use_no_semihosting_swi                 0x000003ff   Thumb Code     2  use_no_semi.o(.text)
    BSP_LED_Off                              0x000006a5   Thumb Code    96  bsp.o(.text)
    BSP_CPU_ClkFreq                          0x0000084b   Thumb Code     4  bsp.o(.text)
    BSP_Init                                 0x0000084f   Thumb Code   110  bsp.o(.text)
    BSP_Tick_Init                            0x000008bd   Thumb Code    28  bsp.o(.text)
    BSP_LED_On                               0x000008d9   Thumb Code    88  bsp.o(.text)
    BSP_LED_Toggle                           0x00000931   Thumb Code    88  bsp.o(.text)
    BSP_SW_Read                              0x00000989   Thumb Code    86  bsp.o(.text)
    BSP_TSI_SliderRead                       0x000009df   Thumb Code   206  bsp.o(.text)
    BSP_Timer_Dly                            0x00000aad   Thumb Code   138  bsp.o(.text)
    BSP_IntClr                               0x00000b65   Thumb Code     2  bsp_int.o(.text)
    BSP_IntDis                               0x00000b67   Thumb Code    20  bsp_int.o(.text)
    BSP_IntDisAll                            0x00000b7b   Thumb Code     8  bsp_int.o(.text)
    BSP_IntEn                                0x00000b83   Thumb Code    20  bsp_int.o(.text)
    BSP_IntVectSet                           0x00000b97   Thumb Code    56  bsp_int.o(.text)
    BSP_IntPrioSet                           0x00000bcf   Thumb Code    62  bsp_int.o(.text)
    BSP_IntInit                              0x00000c0f   Thumb Code    22  bsp_int.o(.text)
    BSP_IntHandlerDMA0                       0x00000c69   Thumb Code    10  bsp_int.o(.text)
    BSP_IntHandlerDMA1                       0x00000c73   Thumb Code    10  bsp_int.o(.text)
    BSP_IntHandlerDMA2                       0x00000c7d   Thumb Code    10  bsp_int.o(.text)
    BSP_IntHandlerDMA3                       0x00000c87   Thumb Code    10  bsp_int.o(.text)
    BSP_IntHandlerRSVD4                      0x00000c91   Thumb Code    10  bsp_int.o(.text)
    BSP_IntHandlerFTFA                       0x00000c9b   Thumb Code    10  bsp_int.o(.text)
    BSP_IntHandlerLVD                        0x00000ca5   Thumb Code    10  bsp_int.o(.text)
    BSP_IntHandlerLLWU                       0x00000caf   Thumb Code    10  bsp_int.o(.text)
    BSP_IntHandlerI2C0                       0x00000cb9   Thumb Code    10  bsp_int.o(.text)
    BSP_IntHandlerI2C1                       0x00000cc3   Thumb Code    10  bsp_int.o(.text)
    BSP_IntHandlerSPI0                       0x00000ccd   Thumb Code    10  bsp_int.o(.text)
    BSP_IntHandlerSPI1                       0x00000cd7   Thumb Code    10  bsp_int.o(.text)
    BSP_IntHandlerUART0_RX_TX                0x00000ce1   Thumb Code    10  bsp_int.o(.text)
    BSP_IntHandlerUART1_RX_TX                0x00000ceb   Thumb Code    10  bsp_int.o(.text)
    BSP_IntHandlerUART2_RX_TX                0x00000cf5   Thumb Code    10  bsp_int.o(.text)
    BSP_IntHandlerADC0                       0x00000cff   Thumb Code    10  bsp_int.o(.text)
    BSP_IntHandlerCMP0                       0x00000d09   Thumb Code    10  bsp_int.o(.text)
    BSP_IntHandlerTPM0                       0x00000d13   Thumb Code    10  bsp_int.o(.text)
    BSP_IntHandlerTPM1                       0x00000d1d   Thumb Code    10  bsp_int.o(.text)
    BSP_IntHandlerTPM2                       0x00000d27   Thumb Code    10  bsp_int.o(.text)
    BSP_IntHandlerRTC_ALARM                  0x00000d31   Thumb Code    10  bsp_int.o(.text)
    BSP_IntHandlerRTC_SECONDS                0x00000d3b   Thumb Code    10  bsp_int.o(.text)
    BSP_IntHandlerPIT                        0x00000d45   Thumb Code    10  bsp_int.o(.text)
    BSP_IntHandlerI2S0                       0x00000d4f   Thumb Code    10  bsp_int.o(.text)
    BSP_IntHandlerUSB_OTG                    0x00000d59   Thumb Code    10  bsp_int.o(.text)
    BSP_IntHandlerDAC0                       0x00000d63   Thumb Code    10  bsp_int.o(.text)
    BSP_IntHandlerTSI0                       0x00000d6d   Thumb Code    10  bsp_int.o(.text)
    BSP_IntHandlerMCG                        0x00000d77   Thumb Code    10  bsp_int.o(.text)
    BSP_IntHandlerLPTMR0                     0x00000d81   Thumb Code    10  bsp_int.o(.text)
    BSP_IntHandlerSLCD                       0x00000d8b   Thumb Code    10  bsp_int.o(.text)
    BSP_IntHandlerPORT_A                     0x00000d95   Thumb Code    10  bsp_int.o(.text)
    BSP_IntHandlerPORT_C_D                   0x00000d9f   Thumb Code    10  bsp_int.o(.text)
    App_Reset_ISR                            0x00000db1   Thumb Code    10  cstartup.o(.text)
    App_NMI_ISR                              0x00000dbb   Thumb Code     2  cstartup.o(.text)
    App_Fault_ISR                            0x00000dbd   Thumb Code     2  cstartup.o(.text)
    App_Spurious_ISR                         0x00000dbf   Thumb Code     2  cstartup.o(.text)
    __user_initial_stackheap                 0x00000dc1   Thumb Code     0  cstartup.o(.text)
    BSP_LCD_Clear                            0x00000de1   Thumb Code   110  bsp_lcd.o(.text)
    BSP_LCD_Init                             0x00000e4f   Thumb Code   240  bsp_lcd.o(.text)
    BSP_LCD_Write                            0x00000f3f   Thumb Code   384  bsp_lcd.o(.text)
    ASCII_IsAlpha                            0x000010f1   Thumb Code    48  lib_ascii.o(.text)
    ASCII_IsAlphaNum                         0x00001121   Thumb Code    76  lib_ascii.o(.text)
    ASCII_IsLower                            0x0000116d   Thumb Code    20  lib_ascii.o(.text)
    ASCII_IsUpper                            0x00001181   Thumb Code    20  lib_ascii.o(.text)
    ASCII_IsDig                              0x00001195   Thumb Code    20  lib_ascii.o(.text)
    ASCII_IsDigOct                           0x000011a9   Thumb Code    20  lib_ascii.o(.text)
    ASCII_IsDigHex                           0x000011bd   Thumb Code    36  lib_ascii.o(.text)
    ASCII_IsBlank                            0x000011e1   Thumb Code    20  lib_ascii.o(.text)
    ASCII_IsSpace                            0x000011f5   Thumb Code    36  lib_ascii.o(.text)
    ASCII_IsPrint                            0x00001219   Thumb Code    20  lib_ascii.o(.text)
    ASCII_IsGraph                            0x0000122d   Thumb Code    20  lib_ascii.o(.text)
    ASCII_IsPunct                            0x00001241   Thumb Code   138  lib_ascii.o(.text)
    ASCII_IsCtrl                             0x000012cb   Thumb Code    26  lib_ascii.o(.text)
    ASCII_ToLower                            0x000012e5   Thumb Code    32  lib_ascii.o(.text)
    ASCII_ToUpper                            0x00001305   Thumb Code    32  lib_ascii.o(.text)
    ASCII_Cmp                                0x00001325   Thumb Code    38  lib_ascii.o(.text)
    Math_RandSetSeed                         0x0000134d   Thumb Code    48  lib_math.o(.text)
    Math_Init                                0x0000137d   Thumb Code    10  lib_math.o(.text)
    Math_RandSeed                            0x00001387   Thumb Code    16  lib_math.o(.text)
    Math_Rand                                0x00001397   Thumb Code    60  lib_math.o(.text)
    Mem_SegCreate                            0x000013fd   Thumb Code    72  lib_mem.o(.text)
    Mem_Init                                 0x00001445   Thumb Code    50  lib_mem.o(.text)
    Mem_Set                                  0x00001477   Thumb Code    86  lib_mem.o(.text)
    Mem_Clr                                  0x000014cd   Thumb Code    18  lib_mem.o(.text)
    Mem_Copy                                 0x000014df   Thumb Code   118  lib_mem.o(.text)
    Mem_Move                                 0x00001555   Thumb Code   184  lib_mem.o(.text)
    Mem_Cmp                                  0x0000160d   Thumb Code   200  lib_mem.o(.text)
    Mem_HeapAlloc                            0x000017c7   Thumb Code    80  lib_mem.o(.text)
    Mem_SegRemSizeGet                        0x00001817   Thumb Code   134  lib_mem.o(.text)
    Mem_HeapGetSizeRem                       0x0000189d   Thumb Code    38  lib_mem.o(.text)
    Mem_SegClr                               0x000018c3   Thumb Code    56  lib_mem.o(.text)
    Mem_SegAlloc                             0x000018fb   Thumb Code    46  lib_mem.o(.text)
    Mem_SegAllocExt                          0x00001929   Thumb Code    46  lib_mem.o(.text)
    Mem_SegAllocHW                           0x00001957   Thumb Code    42  lib_mem.o(.text)
    Mem_PoolClr                              0x000019d3   Thumb Code    22  lib_mem.o(.text)
    Mem_PoolCreate                           0x000019e9   Thumb Code   376  lib_mem.o(.text)
    Mem_PoolBlkGet                           0x00001b61   Thumb Code    98  lib_mem.o(.text)
    Mem_PoolBlkFree                          0x00001bc3   Thumb Code   174  lib_mem.o(.text)
    Mem_PoolBlkGetNbrAvail                   0x00001c71   Thumb Code    54  lib_mem.o(.text)
    Mem_DynPoolCreate                        0x00001d6b   Thumb Code    42  lib_mem.o(.text)
    Mem_DynPoolCreateHW                      0x00001d95   Thumb Code    42  lib_mem.o(.text)
    Mem_DynPoolBlkGet                        0x00001dbf   Thumb Code   210  lib_mem.o(.text)
    Mem_DynPoolBlkFree                       0x00001e91   Thumb Code   140  lib_mem.o(.text)
    Mem_DynPoolBlkNbrAvailGet                0x00001f1d   Thumb Code    74  lib_mem.o(.text)
    Str_Len_N                                0x00001f71   Thumb Code    32  lib_str.o(.text)
    Str_Len                                  0x00001f91   Thumb Code    20  lib_str.o(.text)
    Str_Copy_N                               0x00001fa5   Thumb Code    82  lib_str.o(.text)
    Str_Copy                                 0x00001ff7   Thumb Code    24  lib_str.o(.text)
    Str_Cat_N                                0x0000200f   Thumb Code   108  lib_str.o(.text)
    Str_Cat                                  0x0000207b   Thumb Code    24  lib_str.o(.text)
    Str_Cmp_N                                0x00002093   Thumb Code   188  lib_str.o(.text)
    Str_Cmp                                  0x0000214f   Thumb Code    24  lib_str.o(.text)
    Str_CmpIgnoreCase_N                      0x00002167   Thumb Code   270  lib_str.o(.text)
    Str_CmpIgnoreCase                        0x00002275   Thumb Code    24  lib_str.o(.text)
    Str_Char_N                               0x0000228d   Thumb Code    82  lib_str.o(.text)
    Str_Char                                 0x000022df   Thumb Code    24  lib_str.o(.text)
    Str_Char_Last_N                          0x000022f7   Thumb Code    78  lib_str.o(.text)
    Str_Char_Last                            0x00002345   Thumb Code    24  lib_str.o(.text)
    Str_Char_Replace_N                       0x0000235d   Thumb Code    56  lib_str.o(.text)
    Str_Char_Replace                         0x00002395   Thumb Code    28  lib_str.o(.text)
    Str_Str_N                                0x000023b1   Thumb Code   192  lib_str.o(.text)
    Str_Str                                  0x00002471   Thumb Code    24  lib_str.o(.text)
    Str_FmtNbr_Int32U                        0x0000267f   Thumb Code    36  lib_str.o(.text)
    Str_FmtNbr_Int32S                        0x000026a3   Thumb Code    56  lib_str.o(.text)
    Str_ParseNbr_Int32U                      0x000028a3   Thumb Code    30  lib_str.o(.text)
    Str_ParseNbr_Int32S                      0x000028c1   Thumb Code    66  lib_str.o(.text)
    OS_IdleTask                              0x0000290d   Thumb Code    66  os_core.o(.text)
    OS_IdleTaskInit                          0x0000294f   Thumb Code    66  os_core.o(.text)
    OS_RdyListInit                           0x00002991   Thumb Code    30  os_core.o(.text)
    OSInit                                   0x000029af   Thumb Code   296  os_core.o(.text)
    OSIntEnter                               0x00002ad7   Thumb Code    34  os_core.o(.text)
    OSIntExit                                0x00002af9   Thumb Code   188  os_core.o(.text)
    OSSched                                  0x00002bb5   Thumb Code   128  os_core.o(.text)
    OS_SchedLockTimeMeasStart                0x00002c35   Thumb Code    20  os_core.o(.text)
    OSSchedLock                              0x00002c49   Thumb Code   106  os_core.o(.text)
    OS_SchedLockTimeMeasStop                 0x00002cb3   Thumb Code    46  os_core.o(.text)
    OSSchedUnlock                            0x00002ce1   Thumb Code   298  os_core.o(.text)
    OSStart                                  0x00002e0b   Thumb Code    74  os_core.o(.text)
    OSVersion                                0x00002e55   Thumb Code    10  os_core.o(.text)
    OS_PendDbgNameAdd                        0x00002e5f   Thumb Code    68  os_core.o(.text)
    OS_PendListInsertPrio                    0x00002ea3   Thumb Code   106  os_core.o(.text)
    OS_PendDataInit                          0x00002f0d   Thumb Code    38  os_core.o(.text)
    OS_RdyListRemove                         0x00002f33   Thumb Code    86  os_core.o(.text)
    OS_TaskBlock                             0x00002f89   Thumb Code    42  os_core.o(.text)
    OS_Pend                                  0x00002fb3   Thumb Code    98  os_core.o(.text)
    OS_PendListRemove1                       0x00003015   Thumb Code    66  os_core.o(.text)
    OS_PendListRemove                        0x00003057   Thumb Code    44  os_core.o(.text)
    OS_PendAbort1                            0x00003083   Thumb Code    36  os_core.o(.text)
    OS_RdyListInsertHead                     0x000030a7   Thumb Code    58  os_core.o(.text)
    OS_RdyListInsertTail                     0x000030e1   Thumb Code    56  os_core.o(.text)
    OS_RdyListInsert                         0x00003119   Thumb Code    40  os_core.o(.text)
    OS_PendAbort                             0x00003141   Thumb Code   274  os_core.o(.text)
    OS_PendDbgNameRemove                     0x00003253   Thumb Code    32  os_core.o(.text)
    OS_PendListChangePrio                    0x00003273   Thumb Code    62  os_core.o(.text)
    OS_PendListInit                          0x000032b1   Thumb Code    10  os_core.o(.text)
    OS_PendListInsertHead                    0x000032bb   Thumb Code    34  os_core.o(.text)
    OS_PendObjDel1                           0x000032dd   Thumb Code    36  os_core.o(.text)
    OS_PendObjDel                            0x00003301   Thumb Code   192  os_core.o(.text)
    OS_Post1                                 0x000033c1   Thumb Code    40  os_core.o(.text)
    OS_Post                                  0x000033e9   Thumb Code   224  os_core.o(.text)
    OS_RdyListMoveHeadToTail                 0x000034c9   Thumb Code    70  os_core.o(.text)
    OS_Dbg_Init                              0x00003515   Thumb Code   146  os_dbg.o(.text)
    OS_FlagDbgListAdd                        0x000036bd   Thumb Code    38  os_flag.o(.text)
    OSFlagCreate                             0x000036e3   Thumb Code   108  os_flag.o(.text)
    OS_FlagClr                               0x0000374f   Thumb Code    28  os_flag.o(.text)
    OS_FlagDbgListRemove                     0x0000376b   Thumb Code    50  os_flag.o(.text)
    OSFlagDel                                0x0000379d   Thumb Code   258  os_flag.o(.text)
    OS_FlagBlock                             0x0000389f   Thumb Code    46  os_flag.o(.text)
    OSFlagPend                               0x000038cd   Thumb Code  1214  os_flag.o(.text)
    OSFlagPendAbort                          0x00003d8b   Thumb Code   178  os_flag.o(.text)
    OSFlagPendGetFlagsRdy                    0x00003e3d   Thumb Code    74  os_flag.o(.text)
    OS_FlagTaskRdy                           0x00003e87   Thumb Code   102  os_flag.o(.text)
    OS_FlagPost                              0x00003eed   Thumb Code   454  os_flag.o(.text)
    OSFlagPost                               0x000040b3   Thumb Code    36  os_flag.o(.text)
    OS_FlagInit                              0x000040d7   Thumb Code    14  os_flag.o(.text)
    OS_MemDbgListAdd                         0x000040f5   Thumb Code    34  os_mem.o(.text)
    OSMemCreate                              0x00004117   Thumb Code   162  os_mem.o(.text)
    OSMemGet                                 0x000041b9   Thumb Code    98  os_mem.o(.text)
    OSMemPut                                 0x0000421b   Thumb Code   100  os_mem.o(.text)
    OS_MemInit                               0x0000427f   Thumb Code    14  os_mem.o(.text)
    OS_MsgPoolInit                           0x000042a1   Thumb Code    80  os_msg.o(.text)
    OS_MsgQFreeAll                           0x000042f1   Thumb Code    62  os_msg.o(.text)
    OS_MsgQInit                              0x0000432f   Thumb Code    14  os_msg.o(.text)
    OS_MsgQGet                               0x0000433d   Thumb Code   100  os_msg.o(.text)
    OS_MsgQPut                               0x000043a1   Thumb Code   160  os_msg.o(.text)
    OS_MutexDbgListAdd                       0x00004455   Thumb Code    38  os_mutex.o(.text)
    OSMutexCreate                            0x0000447b   Thumb Code   118  os_mutex.o(.text)
    OS_MutexClr                              0x000044f1   Thumb Code    42  os_mutex.o(.text)
    OS_MutexDbgListRemove                    0x0000451b   Thumb Code    50  os_mutex.o(.text)
    OSMutexDel                               0x0000454d   Thumb Code   398  os_mutex.o(.text)
    OSMutexPend                              0x000046db   Thumb Code   630  os_mutex.o(.text)
    OSMutexPendAbort                         0x00004951   Thumb Code   344  os_mutex.o(.text)
    OSMutexPost                              0x00004aa9   Thumb Code   326  os_mutex.o(.text)
    OS_MutexInit                             0x00004bef   Thumb Code    14  os_mutex.o(.text)
    OS_PrioInit                              0x00004c25   Thumb Code    20  os_prio.o(.text)
    OS_PrioGetHighest                        0x00004c39   Thumb Code    36  os_prio.o(.text)
    OS_PrioInsert                            0x00004c5d   Thumb Code    36  os_prio.o(.text)
    OS_PrioRemove                            0x00004c81   Thumb Code    36  os_prio.o(.text)
    OS_QDbgListAdd                           0x00004ca9   Thumb Code    38  os_q.o(.text)
    OSQCreate                                0x00004ccf   Thumb Code   112  os_q.o(.text)
    OS_QClr                                  0x00004d3f   Thumb Code    40  os_q.o(.text)
    OS_QDbgListRemove                        0x00004d67   Thumb Code    50  os_q.o(.text)
    OSQDel                                   0x00004d99   Thumb Code   258  os_q.o(.text)
    OSQFlush                                 0x00004e9b   Thumb Code    80  os_q.o(.text)
    OSQPend                                  0x00004eeb   Thumb Code   400  os_q.o(.text)
    OSQPendAbort                             0x0000507b   Thumb Code   244  os_q.o(.text)
    OS_QPost                                 0x0000516f   Thumb Code   204  os_q.o(.text)
    OSQPost                                  0x0000523b   Thumb Code    40  os_q.o(.text)
    OS_QInit                                 0x00005263   Thumb Code    14  os_q.o(.text)
    OS_SemDbgListAdd                         0x0000527d   Thumb Code    38  os_sem.o(.text)
    OSSemCreate                              0x000052a3   Thumb Code   108  os_sem.o(.text)
    OS_SemClr                                0x0000530f   Thumb Code    28  os_sem.o(.text)
    OS_SemDbgListRemove                      0x0000532b   Thumb Code    50  os_sem.o(.text)
    OSSemDel                                 0x0000535d   Thumb Code   258  os_sem.o(.text)
    OSSemPend                                0x0000545f   Thumb Code   386  os_sem.o(.text)
    OSSemPendAbort                           0x000055e1   Thumb Code   248  os_sem.o(.text)
    OS_SemPost                               0x000056d9   Thumb Code   318  os_sem.o(.text)
    OSSemPost                                0x00005817   Thumb Code    32  os_sem.o(.text)
    OSSemSet                                 0x00005837   Thumb Code   100  os_sem.o(.text)
    OS_SemInit                               0x0000589b   Thumb Code    14  os_sem.o(.text)
    OSStatReset                              0x000058c1   Thumb Code   320  os_stat.o(.text)
    OSStatTaskCPUUsageInit                   0x00005a01   Thumb Code   240  os_stat.o(.text)
    OS_StatTask                              0x00005af1   Thumb Code   846  os_stat.o(.text)
    OS_StatTaskInit                          0x00005e3f   Thumb Code   136  os_stat.o(.text)
    OSTaskChangePrio                         0x00005f29   Thumb Code   286  os_task.o(.text)
    OS_TaskDbgListAdd                        0x00006047   Thumb Code    42  os_task.o(.text)
    OS_TaskInitTCB                           0x00006071   Thumb Code   210  os_task.o(.text)
    OSTaskCreate                             0x00006143   Thumb Code   322  os_task.o(.text)
    OS_TaskDbgListRemove                     0x00006285   Thumb Code    72  os_task.o(.text)
    OSTaskDel                                0x000062cd   Thumb Code   364  os_task.o(.text)
    OSTaskQFlush                             0x00006439   Thumb Code   124  os_task.o(.text)
    OSTaskQPend                              0x000064b5   Thumb Code   456  os_task.o(.text)
    OSTaskQPendAbort                         0x0000667d   Thumb Code   138  os_task.o(.text)
    OS_TaskQPost                             0x00006707   Thumb Code   268  os_task.o(.text)
    OSTaskQPost                              0x00006813   Thumb Code    40  os_task.o(.text)
    OSTaskRegGet                             0x0000683b   Thumb Code    72  os_task.o(.text)
    OSTaskRegGetID                           0x00006883   Thumb Code    96  os_task.o(.text)
    OSTaskRegSet                             0x000068e3   Thumb Code    72  os_task.o(.text)
    OS_TaskResume                            0x0000692b   Thumb Code   296  os_task.o(.text)
    OSTaskResume                             0x00006a53   Thumb Code    72  os_task.o(.text)
    OSTaskSemPend                            0x00006a9b   Thumb Code   508  os_task.o(.text)
    OSTaskSemPendAbort                       0x00006c97   Thumb Code   214  os_task.o(.text)
    OS_TaskSemPost                           0x00006d6d   Thumb Code   494  os_task.o(.text)
    OSTaskSemPost                            0x00006f5b   Thumb Code    32  os_task.o(.text)
    OSTaskSemSet                             0x00006f7b   Thumb Code    86  os_task.o(.text)
    OSTaskStkChk                             0x00006fd1   Thumb Code   228  os_task.o(.text)
    OS_TaskSuspend                           0x000070b5   Thumb Code   306  os_task.o(.text)
    OSTaskSuspend                            0x000071e7   Thumb Code    48  os_task.o(.text)
    OS_TaskInit                              0x00007217   Thumb Code    18  os_task.o(.text)
    OS_TaskReturn                            0x00007229   Thumb Code    20  os_task.o(.text)
    OS_TickTask                              0x000073d9   Thumb Code   108  os_tick.o(.text)
    OS_TickTaskInit                          0x00007445   Thumb Code   140  os_tick.o(.text)
    OS_TickListInsert                        0x000074d1   Thumb Code   134  os_tick.o(.text)
    OS_TickListInsertDly                     0x00007557   Thumb Code   184  os_tick.o(.text)
    OS_TickListRemove                        0x0000760f   Thumb Code   170  os_tick.o(.text)
    OS_TickListResetPeak                     0x000076b9   Thumb Code     2  os_tick.o(.text)
    OSTimeDly                                0x000076bd   Thumb Code   180  os_time.o(.text)
    OSTimeDlyHMSM                            0x00007771   Thumb Code   278  os_time.o(.text)
    OSTimeDlyResume                          0x00007887   Thumb Code   354  os_time.o(.text)
    OSTimeGet                                0x000079e9   Thumb Code    54  os_time.o(.text)
    OSTimeSet                                0x00007a1f   Thumb Code    54  os_time.o(.text)
    OSTimeTick                               0x00007a55   Thumb Code    52  os_time.o(.text)
    OS_TmrDbgListAdd                         0x00007acb   Thumb Code    34  os_tmr.o(.text)
    OSTmrCreate                              0x00007b01   Thumb Code   100  os_tmr.o(.text)
    OS_TmrClr                                0x00007b65   Thumb Code    34  os_tmr.o(.text)
    OS_TmrUnlink                             0x00007b87   Thumb Code    62  os_tmr.o(.text)
    OS_TmrDbgListRemove                      0x00007bc5   Thumb Code    50  os_tmr.o(.text)
    OSTmrDel                                 0x00007bf7   Thumb Code   152  os_tmr.o(.text)
    OSTmrRemainGet                           0x00007c8f   Thumb Code   126  os_tmr.o(.text)
    OSTmrStart                               0x00007d0d   Thumb Code   214  os_tmr.o(.text)
    OSTmrStateGet                            0x00007de3   Thumb Code    66  os_tmr.o(.text)
    OSTmrStop                                0x00007e25   Thumb Code   228  os_tmr.o(.text)
    OS_TmrTask                               0x00007f09   Thumb Code   138  os_tmr.o(.text)
    OS_TmrInit                               0x00007f93   Thumb Code   206  os_tmr.o(.text)
    OS_TmrResetPeak                          0x00008061   Thumb Code     2  os_tmr.o(.text)
    OSStartHighRdy                           0x000080d9   Thumb Code     0  os_cpu_a.o(.text)
    OSCtxSw                                  0x000080f7   Thumb Code     0  os_cpu_a.o(.text)
    OSIntCtxSw                               0x000080ff   Thumb Code     0  os_cpu_a.o(.text)
    OS_CPU_PendSVHandler                     0x00008107   Thumb Code     0  os_cpu_a.o(.text)
    OSIdleTaskHook                           0x00008175   Thumb Code    18  os_cpu_c.o(.text)
    OSInitHook                               0x00008187   Thumb Code    28  os_cpu_c.o(.text)
    OSStatTaskHook                           0x000081a3   Thumb Code    18  os_cpu_c.o(.text)
    OSTaskCreateHook                         0x000081b5   Thumb Code    22  os_cpu_c.o(.text)
    OSTaskDelHook                            0x000081cb   Thumb Code    22  os_cpu_c.o(.text)
    OSTaskReturnHook                         0x000081e1   Thumb Code    22  os_cpu_c.o(.text)
    OSTaskStkInit                            0x000081f7   Thumb Code   108  os_cpu_c.o(.text)
    OSTaskSwHook                             0x00008263   Thumb Code   148  os_cpu_c.o(.text)
    OSTimeTickHook                           0x000082f7   Thumb Code    18  os_cpu_c.o(.text)
    OS_CPU_SysTickHandler                    0x00008309   Thumb Code    60  os_cpu_c.o(.text)
    OS_CPU_SysTickInit                       0x00008345   Thumb Code    46  os_cpu_c.o(.text)
    CPU_IntDisMeasStop                       0x000083d5   Thumb Code    64  cpu_core.o(.text)
    CPU_IntDisMeasStart                      0x00008415   Thumb Code    40  cpu_core.o(.text)
    CPU_NameClr                              0x0000843d   Thumb Code    50  cpu_core.o(.text)
    CPU_Init                                 0x000084ed   Thumb Code    16  cpu_core.o(.text)
    CPU_SW_Exception                         0x000084fd   Thumb Code     4  cpu_core.o(.text)
    CPU_NameGet                              0x00008501   Thumb Code    82  cpu_core.o(.text)
    CPU_NameSet                              0x00008553   Thumb Code   104  cpu_core.o(.text)
    CPU_TS_Get32                             0x000085bb   Thumb Code    12  cpu_core.o(.text)
    CPU_TS_Update                            0x000085c7   Thumb Code     2  cpu_core.o(.text)
    CPU_TS_TmrFreqGet                        0x000085c9   Thumb Code    34  cpu_core.o(.text)
    CPU_TS_TmrFreqSet                        0x000085eb   Thumb Code     6  cpu_core.o(.text)
    CPU_IntDisMeasMaxCurGet                  0x00008609   Thumb Code    40  cpu_core.o(.text)
    CPU_IntDisMeasMaxCurReset                0x00008631   Thumb Code    40  cpu_core.o(.text)
    CPU_IntDisMeasMaxGet                     0x00008659   Thumb Code    40  cpu_core.o(.text)
    CPU_CntLeadZeros32                       0x00008681   Thumb Code    62  cpu_core.o(.text)
    CPU_CntLeadZeros                         0x000086bf   Thumb Code    16  cpu_core.o(.text)
    CPU_CntLeadZeros08                       0x000086cf   Thumb Code    10  cpu_core.o(.text)
    CPU_CntLeadZeros16                       0x000086d9   Thumb Code    26  cpu_core.o(.text)
    CPU_CntLeadZeros64                       0x000086f3   Thumb Code   188  cpu_core.o(.text)
    CPU_CntTrailZeros                        0x000087af   Thumb Code    86  cpu_core.o(.text)
    CPU_CntTrailZeros08                      0x00008805   Thumb Code    36  cpu_core.o(.text)
    CPU_CntTrailZeros16                      0x00008829   Thumb Code    36  cpu_core.o(.text)
    CPU_CntTrailZeros32                      0x0000884d   Thumb Code    36  cpu_core.o(.text)
    CPU_CntTrailZeros64                      0x00008871   Thumb Code    60  cpu_core.o(.text)
    CPU_BitBandClr                           0x000088ad   Thumb Code    80  cpu_c.o(.text)
    CPU_BitBandSet                           0x000088fd   Thumb Code    80  cpu_c.o(.text)
    CPU_IntSrcDis                            0x0000894d   Thumb Code   202  cpu_c.o(.text)
    CPU_IntSrcEn                             0x00008a17   Thumb Code   204  cpu_c.o(.text)
    CPU_IntSrcPendClr                        0x00008ae3   Thumb Code   154  cpu_c.o(.text)
    CPU_IntSrcPrioSet                        0x00008b7d   Thumb Code   382  cpu_c.o(.text)
    CPU_IntSrcPrioGet                        0x00008cfb   Thumb Code   314  cpu_c.o(.text)
    CPU_RevBits                              0x00008e35   Thumb Code    42  cpu_c.o(.text)
    __aeabi_uldivmod                         0x00008e71   Thumb Code   258  lludiv.o(.text)
    _ll_udiv                                 0x00008e71   Thumb Code     0  lludiv.o(.text)
    __aeabi_uidiv                            0x00008f73   Thumb Code     0  aeabi_sdiv.o(.text)
    __aeabi_uidivmod                         0x00008f73   Thumb Code    20  aeabi_sdiv.o(.text)
    __aeabi_idiv                             0x00008f87   Thumb Code     0  aeabi_sdiv.o(.text)
    __aeabi_idivmod                          0x00008f87   Thumb Code   326  aeabi_sdiv.o(.text)
    __use_two_region_memory                  0x000090cd   Thumb Code     2  heapauxi.o(.text)
    __rt_heap_escrow$2region                 0x000090cf   Thumb Code     2  heapauxi.o(.text)
    __rt_heap_expand$2region                 0x000090d1   Thumb Code     2  heapauxi.o(.text)
    __user_setup_stackheap                   0x000090d3   Thumb Code    62  sys_stackheap_outer.o(.text)
    exit                                     0x00009111   Thumb Code    12  exit.o(.text)
    __user_libspace                          0x0000911d   Thumb Code     8  libspace.o(.text)
    __user_perproc_libspace                  0x0000911d   Thumb Code     0  libspace.o(.text)
    __user_perthread_libspace                0x0000911d   Thumb Code     0  libspace.o(.text)
    _sys_exit                                0x00009125   Thumb Code     8  sys_exit.o(.text)
    __ARM_common_switch8                     0x00009131   Thumb Code    28  os_core.o(i.__ARM_common_switch8)
    __semihosting_library_function           0x00009131   Thumb Code     0  indicate_semi.o(.text)
    OSCfg_IdleTaskStkBasePtr                 0x000091e0   Data           4  os_cfg_app.o(.constdata)
    OSCfg_IdleTaskStkLimit                   0x000091e4   Data           4  os_cfg_app.o(.constdata)
    OSCfg_IdleTaskStkSize                    0x000091e8   Data           4  os_cfg_app.o(.constdata)
    OSCfg_IdleTaskStkSizeRAM                 0x000091ec   Data           4  os_cfg_app.o(.constdata)
    OSCfg_IntQBasePtr                        0x000091f0   Data           4  os_cfg_app.o(.constdata)
    OSCfg_IntQSize                           0x000091f4   Data           2  os_cfg_app.o(.constdata)
    OSCfg_IntQSizeRAM                        0x000091f8   Data           4  os_cfg_app.o(.constdata)
    OSCfg_IntQTaskStkBasePtr                 0x000091fc   Data           4  os_cfg_app.o(.constdata)
    OSCfg_IntQTaskStkLimit                   0x00009200   Data           4  os_cfg_app.o(.constdata)
    OSCfg_IntQTaskStkSize                    0x00009204   Data           4  os_cfg_app.o(.constdata)
    OSCfg_IntQTaskStkSizeRAM                 0x00009208   Data           4  os_cfg_app.o(.constdata)
    OSCfg_ISRStkBasePtr                      0x0000920c   Data           4  os_cfg_app.o(.constdata)
    OSCfg_ISRStkSize                         0x00009210   Data           4  os_cfg_app.o(.constdata)
    OSCfg_ISRStkSizeRAM                      0x00009214   Data           4  os_cfg_app.o(.constdata)
    OSCfg_MsgPoolSize                        0x00009218   Data           2  os_cfg_app.o(.constdata)
    OSCfg_MsgPoolSizeRAM                     0x0000921c   Data           4  os_cfg_app.o(.constdata)
    OSCfg_MsgPoolBasePtr                     0x00009220   Data           4  os_cfg_app.o(.constdata)
    OSCfg_StatTaskPrio                       0x00009224   Data           1  os_cfg_app.o(.constdata)
    OSCfg_StatTaskRate_Hz                    0x00009228   Data           4  os_cfg_app.o(.constdata)
    OSCfg_StatTaskStkBasePtr                 0x0000922c   Data           4  os_cfg_app.o(.constdata)
    OSCfg_StatTaskStkLimit                   0x00009230   Data           4  os_cfg_app.o(.constdata)
    OSCfg_StatTaskStkSize                    0x00009234   Data           4  os_cfg_app.o(.constdata)
    OSCfg_StatTaskStkSizeRAM                 0x00009238   Data           4  os_cfg_app.o(.constdata)
    OSCfg_StkSizeMin                         0x0000923c   Data           4  os_cfg_app.o(.constdata)
    OSCfg_TickRate_Hz                        0x00009240   Data           4  os_cfg_app.o(.constdata)
    OSCfg_TickTaskPrio                       0x00009244   Data           1  os_cfg_app.o(.constdata)
    OSCfg_TickTaskStkBasePtr                 0x00009248   Data           4  os_cfg_app.o(.constdata)
    OSCfg_TickTaskStkLimit                   0x0000924c   Data           4  os_cfg_app.o(.constdata)
    OSCfg_TickTaskStkSize                    0x00009250   Data           4  os_cfg_app.o(.constdata)
    OSCfg_TickTaskStkSizeRAM                 0x00009254   Data           4  os_cfg_app.o(.constdata)
    OSCfg_TmrTaskPrio                        0x00009258   Data           1  os_cfg_app.o(.constdata)
    OSCfg_TmrTaskRate_Hz                     0x0000925c   Data           4  os_cfg_app.o(.constdata)
    OSCfg_TmrTaskStkBasePtr                  0x00009260   Data           4  os_cfg_app.o(.constdata)
    OSCfg_TmrTaskStkLimit                    0x00009264   Data           4  os_cfg_app.o(.constdata)
    OSCfg_TmrTaskStkSize                     0x00009268   Data           4  os_cfg_app.o(.constdata)
    OSCfg_TmrTaskStkSizeRAM                  0x0000926c   Data           4  os_cfg_app.o(.constdata)
    OSCfg_DataSizeRAM                        0x00009270   Data           4  os_cfg_app.o(.constdata)
    OSDbg_DbgEn                              0x00009274   Data           1  os_dbg.o(.constdata)
    OSDbg_ArgChkEn                           0x00009275   Data           1  os_dbg.o(.constdata)
    OSDbg_AppHooksEn                         0x00009276   Data           1  os_dbg.o(.constdata)
    OSDbg_EndiannessTest                     0x00009278   Data           4  os_dbg.o(.constdata)
    OSDbg_CalledFromISRChkEn                 0x0000927c   Data           1  os_dbg.o(.constdata)
    OSDbg_FlagEn                             0x0000927d   Data           1  os_dbg.o(.constdata)
    OSDbg_FlagGrp                            0x00009280   Data          40  os_dbg.o(.constdata)
    OSDbg_FlagDelEn                          0x000092a8   Data           1  os_dbg.o(.constdata)
    OSDbg_FlagModeClrEn                      0x000092a9   Data           1  os_dbg.o(.constdata)
    OSDbg_FlagPendAbortEn                    0x000092aa   Data           1  os_dbg.o(.constdata)
    OSDbg_FlagGrpSize                        0x000092ac   Data           2  os_dbg.o(.constdata)
    OSDbg_FlagWidth                          0x000092ae   Data           2  os_dbg.o(.constdata)
    OSDbg_IntQ                               0x000092b0   Data           2  os_dbg.o(.constdata)
    OSDbg_ISRPostDeferredEn                  0x000092b2   Data           1  os_dbg.o(.constdata)
    OSDbg_Mem                                0x000092b4   Data          32  os_dbg.o(.constdata)
    OSDbg_MemEn                              0x000092d4   Data           1  os_dbg.o(.constdata)
    OSDbg_MemSize                            0x000092d6   Data           2  os_dbg.o(.constdata)
    OSDbg_MsgEn                              0x000092d8   Data           1  os_dbg.o(.constdata)
    OSDbg_MsgSize                            0x000092da   Data           2  os_dbg.o(.constdata)
    OSDbg_MsgPoolSize                        0x000092dc   Data           2  os_dbg.o(.constdata)
    OSDbg_MsgQSize                           0x000092de   Data           2  os_dbg.o(.constdata)
    OSDbg_Mutex                              0x000092e0   Data          44  os_dbg.o(.constdata)
    OSDbg_MutexEn                            0x0000930c   Data           1  os_dbg.o(.constdata)
    OSDbg_MutexDelEn                         0x0000930d   Data           1  os_dbg.o(.constdata)
    OSDbg_MutexPendAbortEn                   0x0000930e   Data           1  os_dbg.o(.constdata)
    OSDbg_MutexSize                          0x00009310   Data           2  os_dbg.o(.constdata)
    OSDbg_ObjTypeChkEn                       0x00009312   Data           1  os_dbg.o(.constdata)
    OSDbg_PendMultiEn                        0x00009313   Data           1  os_dbg.o(.constdata)
    OSDbg_PendDataSize                       0x00009314   Data           2  os_dbg.o(.constdata)
    OSDbg_PendListSize                       0x00009316   Data           2  os_dbg.o(.constdata)
    OSDbg_PendObjSize                        0x00009318   Data           2  os_dbg.o(.constdata)
    OSDbg_PrioMax                            0x0000931a   Data           2  os_dbg.o(.constdata)
    OSDbg_PrioTblSize                        0x0000931c   Data           2  os_dbg.o(.constdata)
    OSDbg_PtrSize                            0x0000931e   Data           2  os_dbg.o(.constdata)
    OSDbg_Q                                  0x00009320   Data          48  os_dbg.o(.constdata)
    OSDbg_QEn                                0x00009350   Data           1  os_dbg.o(.constdata)
    OSDbg_QDelEn                             0x00009351   Data           1  os_dbg.o(.constdata)
    OSDbg_QFlushEn                           0x00009352   Data           1  os_dbg.o(.constdata)
    OSDbg_QPendAbortEn                       0x00009353   Data           1  os_dbg.o(.constdata)
    OSDbg_QSize                              0x00009354   Data           2  os_dbg.o(.constdata)
    OSDbg_SchedRoundRobinEn                  0x00009356   Data           1  os_dbg.o(.constdata)
    OSDbg_Sem                                0x00009358   Data          40  os_dbg.o(.constdata)
    OSDbg_SemEn                              0x00009380   Data           1  os_dbg.o(.constdata)
    OSDbg_SemDelEn                           0x00009381   Data           1  os_dbg.o(.constdata)
    OSDbg_SemPendAbortEn                     0x00009382   Data           1  os_dbg.o(.constdata)
    OSDbg_SemSetEn                           0x00009383   Data           1  os_dbg.o(.constdata)
    OSDbg_SemSize                            0x00009384   Data           2  os_dbg.o(.constdata)
    OSDbg_RdyList                            0x00009386   Data           2  os_dbg.o(.constdata)
    OSDbg_RdyListSize                        0x00009388   Data           4  os_dbg.o(.constdata)
    OSDbg_StkWidth                           0x0000938c   Data           1  os_dbg.o(.constdata)
    OSDbg_StatTaskEn                         0x0000938d   Data           1  os_dbg.o(.constdata)
    OSDbg_StatTaskStkChkEn                   0x0000938e   Data           1  os_dbg.o(.constdata)
    OSDbg_TaskChangePrioEn                   0x0000938f   Data           1  os_dbg.o(.constdata)
    OSDbg_TaskDelEn                          0x00009390   Data           1  os_dbg.o(.constdata)
    OSDbg_TaskQEn                            0x00009391   Data           1  os_dbg.o(.constdata)
    OSDbg_TaskQPendAbortEn                   0x00009392   Data           1  os_dbg.o(.constdata)
    OSDbg_TaskProfileEn                      0x00009393   Data           1  os_dbg.o(.constdata)
    OSDbg_TaskRegTblSize                     0x00009394   Data           2  os_dbg.o(.constdata)
    OSDbg_TaskSemPendAbortEn                 0x00009396   Data           1  os_dbg.o(.constdata)
    OSDbg_TaskSuspendEn                      0x00009397   Data           1  os_dbg.o(.constdata)
    OSDbg_TCBSize                            0x00009398   Data           2  os_dbg.o(.constdata)
    OSDbg_TickListSize                       0x0000939a   Data           2  os_dbg.o(.constdata)
    OSDbg_TimeDlyHMSMEn                      0x0000939c   Data           1  os_dbg.o(.constdata)
    OSDbg_TimeDlyResumeEn                    0x0000939d   Data           1  os_dbg.o(.constdata)
    OSDbg_TLS_TblSize                        0x0000939e   Data           2  os_dbg.o(.constdata)
    OSDbg_Tmr                                0x000093a0   Data          48  os_dbg.o(.constdata)
    OSDbg_TmrEn                              0x000093d0   Data           1  os_dbg.o(.constdata)
    OSDbg_TmrDelEn                           0x000093d1   Data           1  os_dbg.o(.constdata)
    OSDbg_TmrSize                            0x000093d2   Data           2  os_dbg.o(.constdata)
    OSDbg_VersionNbr                         0x000093d4   Data           2  os_dbg.o(.constdata)
    OSDbg_DataSize                           0x000093d8   Data           4  os_dbg.o(.constdata)
    CPU_EndiannessTest                       0x000094dc   Data           4  cpu_core.o(.constdata)
    Region$$Table$$Base                      0x000094e0   Number         0  anon$$obj.o(Region$$Table)
    Region$$Table$$Limit                     0x00009500   Number         0  anon$$obj.o(Region$$Table)
    Math_RandSeedCur                         0x1fffe02c   Data           4  lib_math.o(.data)
    Mem_SegHeadPtr                           0x1fffe030   Data           4  lib_mem.o(.data)
    OSPrioTbl                                0x1fffe034   Data           8  os_prio.o(.data)
    OS_AppTaskCreateHookPtr                  0x1fffe03c   Data           4  os_var.o(.data)
    OS_AppTaskDelHookPtr                     0x1fffe040   Data           4  os_var.o(.data)
    OS_AppTaskReturnHookPtr                  0x1fffe044   Data           4  os_var.o(.data)
    OS_AppIdleTaskHookPtr                    0x1fffe048   Data           4  os_var.o(.data)
    OS_AppStatTaskHookPtr                    0x1fffe04c   Data           4  os_var.o(.data)
    OS_AppTaskSwHookPtr                      0x1fffe050   Data           4  os_var.o(.data)
    OS_AppTimeTickHookPtr                    0x1fffe054   Data           4  os_var.o(.data)
    OSIdleTaskCtr                            0x1fffe058   Data           4  os_var.o(.data)
    OSIntNestingCtr                          0x1fffe05c   Data           1  os_var.o(.data)
    OSIntDisTimeMax                          0x1fffe060   Data           4  os_var.o(.data)
    OSRunning                                0x1fffe064   Data           1  os_var.o(.data)
    OSFlagDbgListPtr                         0x1fffe068   Data           4  os_var.o(.data)
    OSFlagQty                                0x1fffe06c   Data           2  os_var.o(.data)
    OSMemDbgListPtr                          0x1fffe070   Data           4  os_var.o(.data)
    OSMemQty                                 0x1fffe074   Data           2  os_var.o(.data)
    OSMutexDbgListPtr                        0x1fffe078   Data           4  os_var.o(.data)
    OSMutexQty                               0x1fffe07c   Data           2  os_var.o(.data)
    OSPrioCur                                0x1fffe07e   Data           1  os_var.o(.data)
    OSPrioHighRdy                            0x1fffe07f   Data           1  os_var.o(.data)
    OSPrioSaved                              0x1fffe080   Data           1  os_var.o(.data)
    OSQDbgListPtr                            0x1fffe084   Data           4  os_var.o(.data)
    OSQQty                                   0x1fffe088   Data           2  os_var.o(.data)
    OSSchedLockTimeBegin                     0x1fffe08c   Data           4  os_var.o(.data)
    OSSchedLockTimeMax                       0x1fffe090   Data           4  os_var.o(.data)
    OSSchedLockTimeMaxCur                    0x1fffe094   Data           4  os_var.o(.data)
    OSSchedLockNestingCtr                    0x1fffe098   Data           1  os_var.o(.data)
    OSSemDbgListPtr                          0x1fffe09c   Data           4  os_var.o(.data)
    OSSemQty                                 0x1fffe0a0   Data           2  os_var.o(.data)
    OSStatResetFlag                          0x1fffe0a2   Data           1  os_var.o(.data)
    OSStatTaskCPUUsage                       0x1fffe0a4   Data           2  os_var.o(.data)
    OSStatTaskCPUUsageMax                    0x1fffe0a6   Data           2  os_var.o(.data)
    OSStatTaskCtr                            0x1fffe0a8   Data           4  os_var.o(.data)
    OSStatTaskCtrMax                         0x1fffe0ac   Data           4  os_var.o(.data)
    OSStatTaskCtrRun                         0x1fffe0b0   Data           4  os_var.o(.data)
    OSStatTaskRdy                            0x1fffe0b4   Data           1  os_var.o(.data)
    OSStatTaskTimeMax                        0x1fffe0b8   Data           4  os_var.o(.data)
    OSTaskCtxSwCtr                           0x1fffe0bc   Data           4  os_var.o(.data)
    OSTaskDbgListPtr                         0x1fffe0c0   Data           4  os_var.o(.data)
    OSTaskQty                                0x1fffe0c4   Data           2  os_var.o(.data)
    OSTaskRegNextAvailID                     0x1fffe0c6   Data           1  os_var.o(.data)
    OSTickCtr                                0x1fffe0c8   Data           4  os_var.o(.data)
    OSTickTaskTimeMax                        0x1fffe0cc   Data           4  os_var.o(.data)
    OSTickListDly                            0x1fffe0d0   Data           8  os_var.o(.data)
    OSTickListTimeout                        0x1fffe0d8   Data           8  os_var.o(.data)
    OSTmrDbgListPtr                          0x1fffe0e0   Data           4  os_var.o(.data)
    OSTmrListEntries                         0x1fffe0e4   Data           2  os_var.o(.data)
    OSTmrListPtr                             0x1fffe0e8   Data           4  os_var.o(.data)
    OSTmrQty                                 0x1fffe0ec   Data           2  os_var.o(.data)
    OSTmrTaskTimeMax                         0x1fffe0f0   Data           4  os_var.o(.data)
    OSTmrTickCtr                             0x1fffe0f4   Data           4  os_var.o(.data)
    OSTmrUpdateCnt                           0x1fffe0f8   Data           4  os_var.o(.data)
    OSTmrUpdateCtr                           0x1fffe0fc   Data           4  os_var.o(.data)
    OSTCBCurPtr                              0x1fffe100   Data           4  os_var.o(.data)
    OSTCBHighRdyPtr                          0x1fffe104   Data           4  os_var.o(.data)
    OS_CPU_ExceptStkBase                     0x1fffe108   Data           4  os_cpu_c.o(.data)
    CPU_TS_TmrFreq_Hz                        0x1fffe10c   Data           4  cpu_core.o(.data)
    CPU_IntDisMeasCtr                        0x1fffe110   Data           2  cpu_core.o(.data)
    CPU_IntDisNestCtr                        0x1fffe112   Data           2  cpu_core.o(.data)
    CPU_IntDisMeasStart_cnts                 0x1fffe114   Data           4  cpu_core.o(.data)
    CPU_IntDisMeasStop_cnts                  0x1fffe118   Data           4  cpu_core.o(.data)
    CPU_IntDisMeasOvrhd_cnts                 0x1fffe11c   Data           4  cpu_core.o(.data)
    CPU_IntDisMeasMaxCur_cnts                0x1fffe120   Data           4  cpu_core.o(.data)
    CPU_IntDisMeasMax_cnts                   0x1fffe124   Data           4  cpu_core.o(.data)
    Mem_Heap                                 0x1fffeddc   Data        2048  lib_mem.o(.bss)
    Mem_SegHeap                              0x1ffff5dc   Data          20  lib_mem.o(.bss)
    OSCfg_IdleTaskStk                        0x1ffff5f0   Data         512  os_cfg_app.o(.bss)
    OSCfg_ISRStk                             0x1ffff7f0   Data         512  os_cfg_app.o(.bss)
    OSCfg_MsgPool                            0x1ffff9f0   Data        1600  os_cfg_app.o(.bss)
    OSCfg_StatTaskStk                        0x20000030   Data         512  os_cfg_app.o(.bss)
    OSCfg_TickTaskStk                        0x20000230   Data         512  os_cfg_app.o(.bss)
    OSCfg_TmrTaskStk                         0x20000430   Data         512  os_cfg_app.o(.bss)
    OSIdleTaskTCB                            0x20000630   Data         188  os_var.o(.bss)
    OSMsgPool                                0x200006ec   Data          12  os_var.o(.bss)
    OSRdyList                                0x200006f8   Data         768  os_var.o(.bss)
    OSStatTaskTCB                            0x200009f8   Data         188  os_var.o(.bss)
    OSTickTaskTCB                            0x20000ab4   Data         188  os_var.o(.bss)
    OSTmrMutex                               0x20000b70   Data          44  os_var.o(.bss)
    OSTmrTaskTCB                             0x20000b9c   Data         188  os_var.o(.bss)
    CPU_Name                                 0x20000c58   Data          16  cpu_core.o(.bss)
    __libspace_start                         0x20000c68   Data          96  libspace.o(.bss)
    __temporary_stack_top$libspace           0x20000cc8   Data           0  libspace.o(.bss)



==============================================================================

Memory Map of the image

  Image Entry point : 0x000000c1

  Load Region LR_IROM1 (Base: 0x00000000, Size: 0x00009628, Max: 0x00040000, ABSOLUTE)

    Execution Region ER_IROM1 (Base: 0x00000000, Size: 0x00009500, Max: 0x00040000, ABSOLUTE)

    Base Addr    Size         Type   Attr      Idx    E Section Name        Object

    0x00000000   0x000000c0   Data   RO          245    RESET               cstartup.o
    0x000000c0   0x00000008   Code   RO          666  * !!!main             c_p.l(__main.o)
    0x000000c8   0x0000003c   Code   RO          838    !!!scatter          c_p.l(__scatter.o)
    0x00000104   0x0000001a   Code   RO          840    !!handler_copy      c_p.l(__scatter_copy.o)
    0x0000011e   0x00000002   PAD
    0x00000120   0x0000001c   Code   RO          842    !!handler_zi        c_p.l(__scatter_zi.o)
    0x0000013c   0x00000002   Code   RO          708    .ARM.Collect$$libinit$$00000000  c_p.l(libinit.o)
    0x0000013e   0x00000000   Code   RO          722    .ARM.Collect$$libinit$$00000002  c_p.l(libinit2.o)
    0x0000013e   0x00000000   Code   RO          724    .ARM.Collect$$libinit$$00000004  c_p.l(libinit2.o)
    0x0000013e   0x00000000   Code   RO          727    .ARM.Collect$$libinit$$0000000A  c_p.l(libinit2.o)
    0x0000013e   0x00000000   Code   RO          729    .ARM.Collect$$libinit$$0000000C  c_p.l(libinit2.o)
    0x0000013e   0x00000000   Code   RO          731    .ARM.Collect$$libinit$$0000000E  c_p.l(libinit2.o)
    0x0000013e   0x00000000   Code   RO          734    .ARM.Collect$$libinit$$00000011  c_p.l(libinit2.o)
    0x0000013e   0x00000000   Code   RO          736    .ARM.Collect$$libinit$$00000013  c_p.l(libinit2.o)
    0x0000013e   0x00000000   Code   RO          738    .ARM.Collect$$libinit$$00000015  c_p.l(libinit2.o)
    0x0000013e   0x00000000   Code   RO          740    .ARM.Collect$$libinit$$00000017  c_p.l(libinit2.o)
    0x0000013e   0x00000000   Code   RO          742    .ARM.Collect$$libinit$$00000019  c_p.l(libinit2.o)
    0x0000013e   0x00000000   Code   RO          744    .ARM.Collect$$libinit$$0000001B  c_p.l(libinit2.o)
    0x0000013e   0x00000000   Code   RO          746    .ARM.Collect$$libinit$$0000001D  c_p.l(libinit2.o)
    0x0000013e   0x00000000   Code   RO          748    .ARM.Collect$$libinit$$0000001F  c_p.l(libinit2.o)
    0x0000013e   0x00000000   Code   RO          750    .ARM.Collect$$libinit$$00000021  c_p.l(libinit2.o)
    0x0000013e   0x00000000   Code   RO          752    .ARM.Collect$$libinit$$00000023  c_p.l(libinit2.o)
    0x0000013e   0x00000000   Code   RO          754    .ARM.Collect$$libinit$$00000025  c_p.l(libinit2.o)
    0x0000013e   0x00000000   Code   RO          758    .ARM.Collect$$libinit$$0000002C  c_p.l(libinit2.o)
    0x0000013e   0x00000000   Code   RO          760    .ARM.Collect$$libinit$$0000002E  c_p.l(libinit2.o)
    0x0000013e   0x00000000   Code   RO          762    .ARM.Collect$$libinit$$00000030  c_p.l(libinit2.o)
    0x0000013e   0x00000000   Code   RO          764    .ARM.Collect$$libinit$$00000032  c_p.l(libinit2.o)
    0x0000013e   0x00000002   Code   RO          765    .ARM.Collect$$libinit$$00000033  c_p.l(libinit2.o)
    0x00000140   0x00000002   Code   RO          796    .ARM.Collect$$libshutdown$$00000000  c_p.l(libshutdown.o)
    0x00000142   0x00000000   Code   RO          823    .ARM.Collect$$libshutdown$$00000003  c_p.l(libshutdown2.o)
    0x00000142   0x00000000   Code   RO          826    .ARM.Collect$$libshutdown$$00000006  c_p.l(libshutdown2.o)
    0x00000142   0x00000000   Code   RO          829    .ARM.Collect$$libshutdown$$00000009  c_p.l(libshutdown2.o)
    0x00000142   0x00000000   Code   RO          831    .ARM.Collect$$libshutdown$$0000000B  c_p.l(libshutdown2.o)
    0x00000142   0x00000000   Code   RO          834    .ARM.Collect$$libshutdown$$0000000E  c_p.l(libshutdown2.o)
    0x00000142   0x00000002   Code   RO          835    .ARM.Collect$$libshutdown$$0000000F  c_p.l(libshutdown2.o)
    0x00000144   0x00000000   Code   RO          668    .ARM.Collect$$rtentry$$00000000  c_p.l(__rtentry.o)
    0x00000144   0x00000000   Code   RO          678    .ARM.Collect$$rtentry$$00000002  c_p.l(__rtentry2.o)
    0x00000144   0x00000006   Code   RO          690    .ARM.Collect$$rtentry$$00000004  c_p.l(__rtentry4.o)
    0x0000014a   0x00000000   Code   RO          680    .ARM.Collect$$rtentry$$00000009  c_p.l(__rtentry2.o)
    0x0000014a   0x00000004   Code   RO          681    .ARM.Collect$$rtentry$$0000000A  c_p.l(__rtentry2.o)
    0x0000014e   0x00000000   Code   RO          683    .ARM.Collect$$rtentry$$0000000C  c_p.l(__rtentry2.o)
    0x0000014e   0x00000008   Code   RO          684    .ARM.Collect$$rtentry$$0000000D  c_p.l(__rtentry2.o)
    0x00000156   0x00000002   Code   RO          713    .ARM.Collect$$rtexit$$00000000  c_p.l(rtexit.o)
    0x00000158   0x00000000   Code   RO          769    .ARM.Collect$$rtexit$$00000002  c_p.l(rtexit2.o)
    0x00000158   0x00000004   Code   RO          770    .ARM.Collect$$rtexit$$00000003  c_p.l(rtexit2.o)
    0x0000015c   0x00000006   Code   RO          771    .ARM.Collect$$rtexit$$00000004  c_p.l(rtexit2.o)
    0x00000162   0x00000002   PAD
    0x00000164   0x00000228   Code   RO            1    .text               app.o
    0x0000038c   0x00000050   Code   RO          209    .text               cpu_bsp.o
    0x000003dc   0x00000002   Code   RO          358    .text               os_cfg_app.o
    0x000003de   0x00000002   PAD
    0x000003e0   0x0000001e   Code   RO          641    .text               cpu_a.o
    0x000003fe   0x00000002   Code   RO          785    .text               c_p.l(use_no_semi.o)
    0x00000400   0x00000010   Code   RO          246    .ARM.__at_0x400     cstartup.o
    0x00000410   0x00000754   Code   RO          138    .text               bsp.o
    0x00000b64   0x0000024c   Code   RO          192    .text               bsp_int.o
    0x00000db0   0x00000030   Code   RO          247    .text               cstartup.o
    0x00000de0   0x00000310   Code   RO          254    .text               bsp_lcd.o
    0x000010f0   0x0000025a   Code   RO          274    .text               lib_ascii.o
    0x0000134a   0x00000002   PAD
    0x0000134c   0x00000094   Code   RO          292    .text               lib_math.o
    0x000013e0   0x00000b90   Code   RO          319    .text               lib_mem.o
    0x00001f70   0x0000099c   Code   RO          341    .text               lib_str.o
    0x0000290c   0x00000c08   Code   RO          384    .text               os_core.o
    0x00003514   0x000001a8   Code   RO          398    .text               os_dbg.o
    0x000036bc   0x00000a38   Code   RO          413    .text               os_flag.o
    0x000040f4   0x000001ac   Code   RO          431    .text               os_mem.o
    0x000042a0   0x000001b4   Code   RO          443    .text               os_msg.o
    0x00004454   0x000007d0   Code   RO          455    .text               os_mutex.o
    0x00004c24   0x00000084   Code   RO          479    .text               os_prio.o
    0x00004ca8   0x000005d4   Code   RO          498    .text               os_q.o
    0x0000527c   0x00000644   Code   RO          510    .text               os_sem.o
    0x000058c0   0x00000668   Code   RO          522    .text               os_stat.o
    0x00005f28   0x00001338   Code   RO          534    .text               os_task.o
    0x00007260   0x0000045a   Code   RO          546    .text               os_tick.o
    0x000076ba   0x00000002   PAD
    0x000076bc   0x00000400   Code   RO          558    .text               os_time.o
    0x00007abc   0x0000061c   Code   RO          570    .text               os_tmr.o
    0x000080d8   0x0000009c   Code   RO          596    .text               os_cpu_a.o
    0x00008174   0x00000260   Code   RO          599    .text               os_cpu_c.o
    0x000083d4   0x000004d8   Code   RO          621    .text               cpu_core.o
    0x000088ac   0x000005c4   Code   RO          644    .text               cpu_c.o
    0x00008e70   0x00000102   Code   RO          658    .text               c_p.l(lludiv.o)
    0x00008f72   0x0000015a   Code   RO          660    .text               c_p.l(aeabi_sdiv.o)
    0x000090cc   0x00000006   Code   RO          664    .text               c_p.l(heapauxi.o)
    0x000090d2   0x0000003e   Code   RO          694    .text               c_p.l(sys_stackheap_outer.o)
    0x00009110   0x0000000c   Code   RO          697    .text               c_p.l(exit.o)
    0x0000911c   0x00000008   Code   RO          709    .text               c_p.l(libspace.o)
    0x00009124   0x0000000c   Code   RO          766    .text               c_p.l(sys_exit.o)
    0x00009130   0x00000000   Code   RO          787    .text               c_p.l(indicate_semi.o)
    0x00009130   0x0000001c   Code   RO          393    i.__ARM_common_switch8  os_core.o
    0x0000914c   0x00000094   Data   RO          342    .constdata          lib_str.o
    0x000091e0   0x00000094   Data   RO          360    .constdata          os_cfg_app.o
    0x00009274   0x00000168   Data   RO          399    .constdata          os_dbg.o
    0x000093dc   0x00000104   Data   RO          623    .constdata          cpu_core.o
    0x000094e0   0x00000020   Data   RO          836    Region$$Table       anon$$obj.o


    Execution Region RW_IRAM1 (Base: 0x1fffe000, Size: 0x00002dc8, Max: 0x00008000, ABSOLUTE)

    Base Addr    Size         Type   Attr      Idx    E Section Name        Object

    0x1fffe000   0x00000006   Data   RW            3    .data               app.o
    0x1fffe006   0x00000002   PAD
    0x1fffe008   0x00000004   Data   RW          140    .data               bsp.o
    0x1fffe00c   0x00000020   Data   RW          255    .data               bsp_lcd.o
    0x1fffe02c   0x00000004   Data   RW          293    .data               lib_math.o
    0x1fffe030   0x00000004   Data   RW          321    .data               lib_mem.o
    0x1fffe034   0x00000008   Data   RW          480    .data               os_prio.o
    0x1fffe03c   0x000000cc   Data   RW          583    .data               os_var.o
    0x1fffe108   0x00000004   Data   RW          600    .data               os_cpu_c.o
    0x1fffe10c   0x0000001c   Data   RW          624    .data               cpu_core.o
    0x1fffe128   0x00000af0   Zero   RW            2    .bss                app.o
    0x1fffec18   0x0000001a   Zero   RW          139    .bss                bsp.o
    0x1fffec32   0x00000002   PAD
    0x1fffec34   0x000001a8   Zero   RW          193    .bss                bsp_int.o
    0x1fffeddc   0x00000814   Zero   RW          320    .bss                lib_mem.o
    0x1ffff5f0   0x00001040   Zero   RW          359    .bss                os_cfg_app.o
    0x20000630   0x00000628   Zero   RW          582    .bss                os_var.o
    0x20000c58   0x00000010   Zero   RW          622    .bss                cpu_core.o
    0x20000c68   0x00000060   Zero   RW          710    .bss                c_p.l(libspace.o)
    0x20000cc8   0x00000000   Zero   RW          244    HEAP                cstartup.o
    0x20000cc8   0x00000100   Zero   RW          243    STACK               cstartup.o


==============================================================================

Image component sizes


      Code (inc. data)   RO Data    RW Data    ZI Data      Debug   Object Name

       552        122          0          6       2800      29461   app.o
      1876         98          0          4         26      21596   bsp.o
       588          8          0          0        424       6844   bsp_int.o
       784         50          0         32          0       5391   bsp_lcd.o
        30          0          0          0          0        412   cpu_a.o
        80          4          0          0          0       2839   cpu_bsp.o
      1476        136          0          0          0       3561   cpu_c.o
      1240         50        260         28         16       9783   cpu_core.o
        64         38        192          0        256        836   cstartup.o
       602          0          0          0          0      14936   lib_ascii.o
       148         14          0          4          0       2356   lib_math.o
      2960        106          0          4       2068      26433   lib_mem.o
      2460         10        148          0          0      13538   lib_str.o
         0          0          0          0          0      25654   os_app_hooks.o
         2          0        148          0       4160      20359   os_cfg_app.o
      3108        260          0          0          0      11013   os_core.o
       156         42          0          0          0        492   os_cpu_a.o
       608         98          0          4          0      21643   os_cpu_c.o
       424        278        360          0          0       4913   os_dbg.o
      2616        118          0          0          0       7495   os_flag.o
       428         20          0          0          0       2640   os_mem.o
       436         20          0          0          0       2630   os_msg.o
      2000        138          0          0          0       5398   os_mutex.o
       132          4          0          8          0       1888   os_prio.o
      1492         78          0          0          0       5936   os_q.o
      1604         94          0          0          0       5944   os_sem.o
      1640        188          0          0          0       3009   os_stat.o
      4920        254          0          0          0      12458   os_task.o
      1114         76          0          0          0       3796   os_tick.o
      1024         62          0          0          0       3065   os_time.o
      1564        164          0          0          0       5927   os_tmr.o
         0          0          0        204       1576      18144   os_var.o

    ----------------------------------------------------------------------
     36134       2530       1140        296      11328     300390   Object Totals
         0          0         32          0          0          0   (incl. Generated)
         6          0          0          2          2          0   (incl. Padding)

    ----------------------------------------------------------------------

      Code (inc. data)   RO Data    RW Data    ZI Data      Debug   Library Member Name

         8          0          0          0          0         68   __main.o
         0          0          0          0          0          0   __rtentry.o
        12          0          0          0          0          0   __rtentry2.o
         6          0          0          0          0          0   __rtentry4.o
        60          8          0          0          0          0   __scatter.o
        26          0          0          0          0          0   __scatter_copy.o
        28          0          0          0          0          0   __scatter_zi.o
       346          0          0          0          0         92   aeabi_sdiv.o
        12          0          0          0          0         64   exit.o
         6          0          0          0          0        136   heapauxi.o
         0          0          0          0          0          0   indicate_semi.o
         2          0          0          0          0          0   libinit.o
         2          0          0          0          0          0   libinit2.o
         2          0          0          0          0          0   libshutdown.o
         2          0          0          0          0          0   libshutdown2.o
         8          4          0          0         96         68   libspace.o
       258          0          0          0          0         88   lludiv.o
         2          0          0          0          0          0   rtexit.o
        10          0          0          0          0          0   rtexit2.o
        12          4          0          0          0         60   sys_exit.o
        62          0          0          0          0         80   sys_stackheap_outer.o
         2          0          0          0          0         68   use_no_semi.o

    ----------------------------------------------------------------------
       870         16          0          0         96        724   Library Totals
         4          0          0          0          0          0   (incl. Padding)

    ----------------------------------------------------------------------

      Code (inc. data)   RO Data    RW Data    ZI Data      Debug   Library Name

       866         16          0          0         96        724   c_p.l

    ----------------------------------------------------------------------
       870         16          0          0         96        724   Library Totals

    ----------------------------------------------------------------------

==============================================================================


      Code (inc. data)   RO Data    RW Data    ZI Data      Debug   

     37004       2546       1140        296      11424     298638   Grand Totals
     37004       2546       1140        296      11424     298638   ELF Image Totals
     37004       2546       1140        296          0          0   ROM Totals

==============================================================================

    Total RO  Size (Code + RO Data)                38144 (  37.25kB)
    Total RW  Size (RW Data + ZI Data)             11720 (  11.45kB)
    Total ROM Size (Code + RO Data + RW Data)      38440 (  37.54kB)

==============================================================================

