Component: ARM Compiler 5.05 update 2 (build 169) Tool: armlink [4d0f33]

==============================================================================

Section Cross References

    app.o(.text) refers to bsp.o(.text) for BSP_TSI_SliderRead
    app.o(.text) refers to os_time.o(.text) for OSTimeDlyHMSM
    app.o(.text) refers to bsp_lcd.o(.text) for BSP_LCD_Write
    app.o(.text) refers to os_task.o(.text) for OSTaskCreate
    app.o(.text) refers to os_stat.o(.text) for OSStatTaskCPUUsageInit
    app.o(.text) refers to cpu_core.o(.text) for CPU_IntDisMeasMaxCurReset
    app.o(.text) refers to lib_mem.o(.text) for Mem_Init
    app.o(.text) refers to lib_math.o(.text) for Math_Init
    app.o(.text) refers to bsp_int.o(.text) for BSP_IntDisAll
    app.o(.text) refers to os_core.o(.text) for OSInit
    app.o(.text) refers to app.o(.data) for App_TSI_SliderPosPct
    app.o(.text) refers to app.o(.bss) for App_Task_LCD_Stk
    os_app_hooks.o(.text) refers to cpu_a.o(.text) for CPU_SR_Save
    os_app_hooks.o(.text) refers to cpu_core.o(.text) for CPU_IntDisMeasStart
    os_app_hooks.o(.text) refers to os_var.o(.data) for OS_AppTaskCreateHookPtr
    bsp.o(.text) refers to bsp_int.o(.text) for BSP_IntVectSet
    bsp.o(.text) refers to cpu_a.o(.text) for CPU_SR_Save
    bsp.o(.text) refers to cpu_core.o(.text) for CPU_IntDisMeasStart
    bsp.o(.text) refers to bsp.o(.bss) for BSP_TSI_Slider
    bsp.o(.text) refers to aeabi_sdiv.o(.text) for __aeabi_uidivmod
    bsp.o(.text) refers to os_cpu_c.o(.text) for OS_CPU_SysTickInit
    bsp.o(.text) refers to bsp.o(.data) for BSP_CPU_ClkFreq_MHz
    bsp.o(.text) refers to os_cfg_app.o(.constdata) for OSCfg_TickRate_Hz
    bsp_int.o(.text) refers to cpu_c.o(.text) for CPU_IntSrcDis
    bsp_int.o(.text) refers to cpu_a.o(.text) for CPU_IntDis
    bsp_int.o(.text) refers to cpu_core.o(.text) for CPU_IntDisMeasStart
    bsp_int.o(.text) refers to os_core.o(.text) for OSIntEnter
    bsp_int.o(.text) refers to bsp_int.o(.bss) for BSP_IntVectTbl
    cpu_bsp.o(.text) refers to bsp.o(.text) for BSP_CPU_ClkFreq
    cpu_bsp.o(.text) refers to cpu_core.o(.text) for CPU_TS_TmrFreqSet
    cpu_bsp.o(.text) refers to lludiv.o(.text) for __aeabi_uldivmod
    bsp_os.o(.text) refers to os_sem.o(.text) for OSSemCreate
    bsp_os.o(.text) refers to aeabi_sdiv.o(.text) for __aeabi_uidivmod
    bsp_os.o(.text) refers to os_time.o(.text) for OSTimeDlyHMSM
    bsp_os.o(.text) refers to os_cfg_app.o(.constdata) for OSCfg_TickRate_Hz
    cstartup.o(STACK) refers (Special) to heapauxi.o(.text) for __use_two_region_memory
    cstartup.o(HEAP) refers (Special) to heapauxi.o(.text) for __use_two_region_memory
    cstartup.o(RESET) refers (Special) to heapauxi.o(.text) for __use_two_region_memory
    cstartup.o(RESET) refers to cstartup.o(STACK) for __initial_sp
    cstartup.o(RESET) refers to cstartup.o(.text) for App_Reset_ISR
    cstartup.o(RESET) refers to os_cpu_a.o(.text) for OS_CPU_PendSVHandler
    cstartup.o(RESET) refers to os_cpu_c.o(.text) for OS_CPU_SysTickHandler
    cstartup.o(RESET) refers to bsp_int.o(.text) for BSP_IntHandlerDMA0
    cstartup.o(.ARM.__at_0x400) refers (Special) to heapauxi.o(.text) for __use_two_region_memory
    cstartup.o(.text) refers (Special) to heapauxi.o(.text) for __use_two_region_memory
    cstartup.o(.text) refers to __main.o(!!!main) for __main
    cstartup.o(.text) refers to cstartup.o(HEAP) for Heap_Mem
    cstartup.o(.text) refers to cstartup.o(STACK) for Stack_Mem
    bsp_lcd.o(.text) refers to bsp_lcd.o(.data) for BSP_LCD_WFRL
    lib_math.o(.text) refers to cpu_a.o(.text) for CPU_SR_Save
    lib_math.o(.text) refers to cpu_core.o(.text) for CPU_IntDisMeasStart
    lib_math.o(.text) refers to lib_math.o(.data) for Math_RandSeedCur
    lib_mem.o(.text) refers to cpu_a.o(.text) for CPU_SR_Save
    lib_mem.o(.text) refers to cpu_core.o(.text) for CPU_IntDisMeasStart
    lib_mem.o(.text) refers to lib_mem.o(.data) for Mem_SegHeadPtr
    lib_mem.o(.text) refers to lib_mem.o(.bss) for Mem_Heap
    lib_str.o(.text) refers to lib_ascii.o(.text) for ASCII_ToLower
    lib_str.o(.text) refers to aeabi_sdiv.o(.text) for __aeabi_uidivmod
    lib_str.o(.text) refers to lib_str.o(.constdata) for Str_MultOvfThTbl_Int32U
    os_cfg_app.o(.constdata) refers to os_cfg_app.o(.bss) for OSCfg_IdleTaskStk
    os_core.o(.text) refers to cpu_a.o(.text) for CPU_SR_Save
    os_core.o(.text) refers to cpu_core.o(.text) for CPU_IntDisMeasStart
    os_core.o(.text) refers to os_cpu_c.o(.text) for OSIdleTaskHook
    os_core.o(.text) refers to os_task.o(.text) for OSTaskCreate
    os_core.o(.text) refers to os_prio.o(.text) for OS_PrioInit
    os_core.o(.text) refers to os_flag.o(.text) for OS_FlagInit
    os_core.o(.text) refers to os_mem.o(.text) for OS_MemInit
    os_core.o(.text) refers to os_msg.o(.text) for OS_MsgPoolInit
    os_core.o(.text) refers to os_mutex.o(.text) for OS_MutexInit
    os_core.o(.text) refers to os_q.o(.text) for OS_QInit
[...]
    ../clib/angel/rt.s                       0x00000000   Number         0  aeabi_idiv0_sigfpe.o ABSOLUTE
    ../clib/angel/rt.s                       0x00000000   Number         0  aeabi_ldiv0.o ABSOLUTE
    ../clib/angel/rt.s                       0x00000000   Number         0  aeabi_ldiv0_sigfpe.o ABSOLUTE
    ../clib/angel/rt.s                       0x00000000   Number         0  rt_div0.o ABSOLUTE
    ../clib/angel/rt.s                       0x00000000   Number         0  rt_raise.o ABSOLUTE
    ../clib/angel/scatterp.s                 0x00000000   Number         0  __scatter.o ABSOLUTE
    ../clib/angel/startup.s                  0x00000000   Number         0  __main.o ABSOLUTE
    ../clib/angel/sys.s                      0x00000000   Number         0  indicate_semi.o ABSOLUTE
    ../clib/angel/sys.s                      0x00000000   Number         0  libspace.o ABSOLUTE
    ../clib/angel/sys.s                      0x00000000   Number         0  tempstk.o ABSOLUTE
    ../clib/angel/sys.s                      0x00000000   Number         0  use_no_semi.o ABSOLUTE
    ../clib/angel/sys.s                      0x00000000   Number         0  sys_stackheap_outer.o ABSOLUTE
    ../clib/angel/sysapp.c                   0x00000000   Number         0  sys_exit.o ABSOLUTE
    ../clib/angel/sysapp.c                   0x00000000   Number         0  sys_wrch.o ABSOLUTE
    ../clib/angel/sysapp.c                   0x00000000   Number         0  sys_command.o ABSOLUTE
    ../clib/armsys.c                         0x00000000   Number         0  no_argv.o ABSOLUTE
    ../clib/armsys.c                         0x00000000   Number         0  _get_argv_nomalloc.o ABSOLUTE
    ../clib/armsys.c                         0x00000000   Number         0  argv_veneer.o ABSOLUTE
    ../clib/division.c                       0x00000000   Number         0  lludiv.o ABSOLUTE
    ../clib/division.s                       0x00000000   Number         0  aeabi_sdiv_div0.o ABSOLUTE
    ../clib/division.s                       0x00000000   Number         0  aeabi_sdiv.o ABSOLUTE
    ../clib/heapalloc.c                      0x00000000   Number         0  hrguard.o ABSOLUTE
    ../clib/heapaux.c                        0x00000000   Number         0  heapauxi.o ABSOLUTE
    ../clib/libinit.s                        0x00000000   Number         0  libinit.o ABSOLUTE
    ../clib/libinit.s                        0x00000000   Number         0  libshutdown.o ABSOLUTE
    ../clib/libinit.s                        0x00000000   Number         0  libshutdown2.o ABSOLUTE
    ../clib/libinit.s                        0x00000000   Number         0  libinit2.o ABSOLUTE
    ../clib/signal.c                         0x00000000   Number         0  __raise.o ABSOLUTE
    ../clib/signal.c                         0x00000000   Number         0  defsig_rtmem_formal.o ABSOLUTE
    ../clib/signal.c                         0x00000000   Number         0  defsig_fpe_inner.o ABSOLUTE
    ../clib/signal.c                         0x00000000   Number         0  defsig_exit.o ABSOLUTE
    ../clib/signal.c                         0x00000000   Number         0  defsig_fpe_formal.o ABSOLUTE
    ../clib/signal.c                         0x00000000   Number         0  defsig_fpe_outer.o ABSOLUTE
    ../clib/signal.c                         0x00000000   Number         0  defsig_general.o ABSOLUTE
    ../clib/signal.c                         0x00000000   Number         0  defsig_other.o ABSOLUTE
    ../clib/signal.c                         0x00000000   Number         0  defsig_segv_inner.o ABSOLUTE
    ../clib/signal.c                         0x00000000   Number         0  defsig_cppl_inner.o ABSOLUTE
    ../clib/signal.c                         0x00000000   Number         0  defsig_pvfn_inner.o ABSOLUTE
    ../clib/signal.c                         0x00000000   Number         0  defsig_stak_inner.o ABSOLUTE
    ../clib/signal.c                         0x00000000   Number         0  defsig_rtmem_outer.o ABSOLUTE
    ../clib/signal.c                         0x00000000   Number         0  defsig_rtmem_inner.o ABSOLUTE
    ../clib/signal.c                         0x00000000   Number         0  defsig_rtred_inner.o ABSOLUTE
    ../clib/signal.c                         0x00000000   Number         0  defsig_abrt_inner.o ABSOLUTE
    ../clib/signal.s                         0x00000000   Number         0  defsig.o ABSOLUTE
    ../clib/stdlib.c                         0x00000000   Number         0  exit.o ABSOLUTE
    ../fplib/cfplib/fpinit.c                 0x00000000   Number         0  fpinit.o ABSOLUTE
    ..\..\..\..\..\Software\uC-CPU\ARM-Cortex-M0\RealView\cpu_a.asm 0x00000000   Number         0  cpu_a.o ABSOLUTE
    ..\..\..\..\..\Software\uC-CPU\ARM-Cortex-M0\RealView\cpu_c.c 0x00000000   Number         0  cpu_c.o ABSOLUTE
    ..\..\..\..\..\Software\uC-CPU\cpu_core.c 0x00000000   Number         0  cpu_core.o ABSOLUTE
    ..\..\..\..\..\Software\uC-LIB\lib_ascii.c 0x00000000   Number         0  lib_ascii.o ABSOLUTE
    ..\..\..\..\..\Software\uC-LIB\lib_math.c 0x00000000   Number         0  lib_math.o ABSOLUTE
    ..\..\..\..\..\Software\uC-LIB\lib_mem.c 0x00000000   Number         0  lib_mem.o ABSOLUTE
    ..\..\..\..\..\Software\uC-LIB\lib_str.c 0x00000000   Number         0  lib_str.o ABSOLUTE
    ..\..\..\..\..\Software\uCOS-III\Ports\ARM-Cortex-M0\Generic\RealView\os_cpu_a.s 0x00000000   Number         0  os_cpu_a.o ABSOLUTE
    ..\..\..\..\..\Software\uCOS-III\Ports\ARM-Cortex-M0\Generic\RealView\os_cpu_c.c 0x00000000   Number         0  os_cpu_c.o ABSOLUTE
    ..\..\..\..\..\Software\uCOS-III\Source\os_cfg_app.c 0x00000000   Number         0  os_cfg_app.o ABSOLUTE
    ..\..\..\..\..\Software\uCOS-III\Source\os_core.c 0x00000000   Number         0  os_core.o ABSOLUTE
    ..\..\..\..\..\Software\uCOS-III\Source\os_dbg.c 0x00000000   Number         0  os_dbg.o ABSOLUTE
    ..\..\..\..\..\Software\uCOS-III\Source\os_flag.c 0x00000000   Number         0  os_flag.o ABSOLUTE
    ..\..\..\..\..\Software\uCOS-III\Source\os_int.c 0x00000000   Number         0  os_int.o ABSOLUTE
    ..\..\..\..\..\Software\uCOS-III\Source\os_mem.c 0x00000000   Number         0  os_mem.o ABSOLUTE
    ..\..\..\..\..\Software\uCOS-III\Source\os_msg.c 0x00000000   Number         0  os_msg.o ABSOLUTE
    ..\..\..\..\..\Software\uCOS-III\Source\os_mutex.c 0x00000000   Number         0  os_mutex.o ABSOLUTE
    ..\..\..\..\..\Software\uCOS-III\Source\os_pend_multi.c 0x00000000   Number         0  os_pend_multi.o ABSOLUTE
    ..\..\..\..\..\Software\uCOS-III\Source\os_prio.c 0x00000000   Number         0  os_prio.o ABSOLUTE
    ..\..\..\..\..\Software\uCOS-III\Source\os_q.c 0x00000000   Number         0  os_q.o ABSOLUTE
    ..\..\..\..\..\Software\uCOS-III\Source\os_sem.c 0x00000000   Number         0  os_sem.o ABSOLUTE
    ..\..\..\..\..\Software\uCOS-III\Source\os_stat.c 0x00000000   Number         0  os_stat.o ABSOLUTE
    ..\..\..\..\..\Software\uCOS-III\Source\os_task.c 0x00000000   Number         0  os_task.o ABSOLUTE
    ..\..\..\..\..\Software\uCOS-III\Source\os_tick.c 0x00000000   Number         0  os_tick.o ABSOLUTE
    ..\..\..\..\..\Software\uCOS-III\Source\os_time.c 0x00000000   Number         0  os_time.o ABSOLUTE
    ..\..\..\..\..\Software\uCOS-III\Source\os_tmr.c 0x00000000   Number         0  os_tmr.o ABSOLUTE
    ..\..\..\..\..\Software\uCOS-III\Source\os_var.c 0x00000000   Number         0  os_var.o ABSOLUTE
    ..\..\BSP\KeilMDK\cstartup.s             0x00000000   Number         0  cstartup.o ABSOLUTE
    ..\..\BSP\OS\uCOS-III\bsp_os.c           0x00000000   Number         0  bsp_os.o ABSOLUTE
    ..\..\BSP\bsp.c                          0x00000000   Number         0  bsp.o ABSOLUTE
    ..\..\BSP\bsp_int.c                      0x00000000   Number         0  bsp_int.o ABSOLUTE
    ..\..\BSP\bsp_lcd.c                      0x00000000   Number         0  bsp_lcd.o ABSOLUTE
    ..\..\BSP\cpu_bsp.c                      0x00000000   Number         0  cpu_bsp.o ABSOLUTE
    ..\app.c                                 0x00000000   Number         0  app.o ABSOLUTE
    ..\os_app_hooks.c                        0x00000000   Number         0  os_app_hooks.o ABSOLUTE
    dc.s                                     0x00000000   Number         0  dc.o ABSOLUTE
    !!!main                                  0x000000c0   Section        8  __main.o(!!!main)
    !!!scatter                               0x000000c8   Section       60  __scatter.o(!!!scatter)
    !!handler_copy                           0x00000104   Section       26  __scatter_copy.o(!!handler_copy)
    !!handler_zi                             0x00000120   Section       28  __scatter_zi.o(!!handler_zi)
    .ARM.Collect$$libinit$$00000000          0x0000013c   Section        2  libinit.o(.ARM.Collect$$libinit$$00000000)
    .ARM.Collect$$libinit$$00000002          0x0000013e   Section        0  libinit2.o(.ARM.Collect$$libinit$$00000002)
    .ARM.Collect$$libinit$$00000004          0x0000013e   Section        0  libinit2.o(.ARM.Collect$$libinit$$00000004)
    .ARM.Collect$$libinit$$0000000A          0x0000013e   Section        0  libinit2.o(.ARM.Collect$$libinit$$0000000A)
    .ARM.Collect$$libinit$$0000000C          0x0000013e   Section        0  libinit2.o(.ARM.Collect$$libinit$$0000000C)
    .ARM.Collect$$libinit$$0000000E          0x0000013e   Section        0  libinit2.o(.ARM.Collect$$libinit$$0000000E)
    .ARM.Collect$$libinit$$00000011          0x0000013e   Section        0  libinit2.o(.ARM.Collect$$libinit$$00000011)
    .ARM.Collect$$libinit$$00000013          0x0000013e   Section        0  libinit2.o(.ARM.Collect$$libinit$$00000013)
    .ARM.Collect$$libinit$$00000015          0x0000013e   Section        0  libinit2.o(.ARM.Collect$$libinit$$00000015)
    .ARM.Collect$$libinit$$00000017          0x0000013e   Section        0  libinit2.o(.ARM.Collect$$libinit$$00000017)
    .ARM.Collect$$libinit$$00000019          0x0000013e   Section        0  libinit2.o(.ARM.Collect$$libinit$$00000019)
    .ARM.Collect$$libinit$$0000001B          0x0000013e   Section        0  libinit2.o(.ARM.Collect$$libinit$$0000001B)
    .ARM.Collect$$libinit$$0000001D          0x0000013e   Section        0  libinit2.o(.ARM.Collect$$libinit$$0000001D)
    .ARM.Collect$$libinit$$0000001F          0x0000013e   Section        0  libinit2.o(.ARM.Collect$$libinit$$0000001F)
    .ARM.Collect$$libinit$$00000021          0x0000013e   Section        0  libinit2.o(.ARM.Collect$$libinit$$00000021)
    .ARM.Collect$$libinit$$00000023          0x0000013e   Section        0  libinit2.o(.ARM.Collect$$libinit$$00000023)
    .ARM.Collect$$libinit$$00000025          0x0000013e   Section        0  libinit2.o(.ARM.Collect$$libinit$$00000025)
    .ARM.Collect$$libinit$$0000002C          0x0000013e   Section        0  libinit2.o(.ARM.Collect$$libinit$$0000002C)
    .ARM.Collect$$libinit$$0000002E          0x0000013e   Section        0  libinit2.o(.ARM.Collect$$libinit$$0000002E)
    .ARM.Collect$$libinit$$00000030          0x0000013e   Section        0  libinit2.o(.ARM.Collect$$libinit$$00000030)
    .ARM.Collect$$libinit$$00000032          0x0000013e   Section        0  libinit2.o(.ARM.Collect$$libinit$$00000032)
    .ARM.Collect$$libinit$$00000033          0x0000013e   Section        2  libinit2.o(.ARM.Collect$$libinit$$00000033)
    .ARM.Collect$$libshutdown$$00000000      0x00000140   Section        2  libshutdown.o(.ARM.Collect$$libshutdown$$00000000)
    .ARM.Collect$$libshutdown$$00000003      0x00000142   Section        0  libshutdown2.o(.ARM.Collect$$libshutdown$$00000003)
    .ARM.Collect$$libshutdown$$00000006      0x00000142   Section        0  libshutdown2.o(.ARM.Collect$$libshutdown$$00000006)
    .ARM.Collect$$libshutdown$$00000009      0x00000142   Section        0  libshutdown2.o(.ARM.Collect$$libshutdown$$00000009)
    .ARM.Collect$$libshutdown$$0000000B      0x00000142   Section        0  libshutdown2.o(.ARM.Collect$$libshutdown$$0000000B)
    .ARM.Collect$$libshutdown$$0000000E      0x00000142   Section        0  libshutdown2.o(.ARM.Collect$$libshutdown$$0000000E)
    .ARM.Collect$$libshutdown$$0000000F      0x00000142   Section        2  libshutdown2.o(.ARM.Collect$$libshutdown$$0000000F)
    .ARM.Collect$$rtentry$$00000000          0x00000144   Section        0  __rtentry.o(.ARM.Collect$$rtentry$$00000000)
    .ARM.Collect$$rtentry$$00000002          0x00000144   Section        0  __rtentry2.o(.ARM.Collect$$rtentry$$00000002)
    .ARM.Collect$$rtentry$$00000004          0x00000144   Section        6  __rtentry4.o(.ARM.Collect$$rtentry$$00000004)
    .ARM.Collect$$rtentry$$00000009          0x0000014a   Section        0  __rtentry2.o(.ARM.Collect$$rtentry$$00000009)
    .ARM.Collect$$rtentry$$0000000A          0x0000014a   Section        4  __rtentry2.o(.ARM.Collect$$rtentry$$0000000A)
    .ARM.Collect$$rtentry$$0000000C          0x0000014e   Section        0  __rtentry2.o(.ARM.Collect$$rtentry$$0000000C)
    .ARM.Collect$$rtentry$$0000000D          0x0000014e   Section        8  __rtentry2.o(.ARM.Collect$$rtentry$$0000000D)
    .ARM.Collect$$rtexit$$00000000           0x00000156   Section        2  rtexit.o(.ARM.Collect$$rtexit$$00000000)
    .ARM.Collect$$rtexit$$00000002           0x00000158   Section        0  rtexit2.o(.ARM.Collect$$rtexit$$00000002)
    .ARM.Collect$$rtexit$$00000003           0x00000158   Section        4  rtexit2.o(.ARM.Collect$$rtexit$$00000003)
    .ARM.Collect$$rtexit$$00000004           0x0000015c   Section        6  rtexit2.o(.ARM.Collect$$rtexit$$00000004)
    .text                                    0x00000164   Section        0  app.o(.text)
    App_TaskTSI_Slider                       0x00000165   Thumb Code    32  app.o(.text)
    App_Task_LCD                             0x00000185   Thumb Code    68  app.o(.text)
    App_TaskCreate                           0x000001c9   Thumb Code   100  app.o(.text)
    App_ObjCreate                            0x0000022d   Thumb Code     2  app.o(.text)
    App_TaskStart                            0x0000022f   Thumb Code    84  app.o(.text)
    .text                                    0x00000354   Section        0  cpu_bsp.o(.text)
    .text                                    0x000003a4   Section       48  cstartup.o(.text)
    .text                                    0x000003d4   Section        0  os_cfg_app.o(.text)
    .text                                    0x000003d8   Section       30  cpu_a.o(.text)
    .text                                    0x000003f6   Section        0  heapauxi.o(.text)
    .text                                    0x000003fc   Section        2  use_no_semi.o(.text)
    .text                                    0x000003fe   Section        0  indicate_semi.o(.text)
    .ARM.__at_0x400                          0x00000400   Section       16  cstartup.o(.ARM.__at_0x400)
    .text                                    0x00000410   Section        0  bsp.o(.text)
    BSP_IRC_Init                             0x00000411   Thumb Code    64  bsp.o(.text)
    BSP_TSI_SelfCal                          0x00000451   Thumb Code   256  bsp.o(.text)
    BSP_TSI_IntHandler                       0x00000551   Thumb Code   182  bsp.o(.text)
    BSP_TSI_Init                             0x00000607   Thumb Code    92  bsp.o(.text)
    BSP_SW_Init                              0x00000663   Thumb Code    38  bsp.o(.text)
    BSP_LED_Init                             0x000006e9   Thumb Code    56  bsp.o(.text)
    BSP_PLL_Init                             0x00000721   Thumb Code   264  bsp.o(.text)
    .text                                    0x00000aac   Section        0  bsp_int.o(.text)
    BSP_IntHandlerDummy                      0x00000b55   Thumb Code     2  bsp_int.o(.text)
    BSP_IntHandler                           0x00000b6d   Thumb Code    68  bsp_int.o(.text)
    .text                                    0x00000cf8   Section        0  bsp_lcd.o(.text)
    .text                                    0x00001008   Section        0  lib_ascii.o(.text)
    .text                                    0x00001264   Section        0  lib_math.o(.text)
    .text                                    0x000012f8   Section        0  lib_mem.o(.text)
    Mem_SegCreateCritical                    0x000012f9   Thumb Code    28  lib_mem.o(.text)
    Mem_SegAllocExtCritical                  0x000015ed   Thumb Code   134  lib_mem.o(.text)
    Mem_SegAllocInternal                     0x00001673   Thumb Code   108  lib_mem.o(.text)
    Mem_SegOverlapChkCritical                0x00001899   Thumb Code    82  lib_mem.o(.text)
    Mem_DynPoolCreateInternal                0x00001bbf   Thumb Code   196  lib_mem.o(.text)
    .text                                    0x00001e88   Section        0  lib_str.o(.text)
    Str_FmtNbr_Int32                         0x000023a1   Thumb Code   502  lib_str.o(.text)
    Str_ParseNbr_Int32                       0x000025f3   Thumb Code   456  lib_str.o(.text)
    .text                                    0x00002824   Section        0  os_core.o(.text)
    .text                                    0x0000342c   Section        0  os_dbg.o(.text)
    .text                                    0x000035d4   Section        0  os_flag.o(.text)
    .text                                    0x0000400c   Section        0  os_mem.o(.text)
    .text                                    0x000041b8   Section        0  os_msg.o(.text)
    .text                                    0x0000436c   Section        0  os_mutex.o(.text)
    .text                                    0x00004b3c   Section        0  os_prio.o(.text)
    .text                                    0x00004bc0   Section        0  os_q.o(.text)
    .text                                    0x00005194   Section        0  os_sem.o(.text)
    .text                                    0x000057d8   Section        0  os_stat.o(.text)
    .text                                    0x00005e40   Section        0  os_task.o(.text)
    .text                                    0x00007178   Section        0  os_tick.o(.text)
    OS_TickListUpdateTimeout                 0x00007179   Thumb Code   222  os_tick.o(.text)
    OS_TickListUpdateDly                     0x00007257   Thumb Code   154  os_tick.o(.text)
    .text                                    0x000075d4   Section        0  os_time.o(.text)
    .text                                    0x000079d4   Section        0  os_tmr.o(.text)
    OS_TmrUnlock                             0x000079d5   Thumb Code    14  os_tmr.o(.text)
    OS_TmrLock                               0x00007a05   Thumb Code    20  os_tmr.o(.text)
    .text                                    0x00007ff0   Section      156  os_cpu_a.o(.text)
    .text                                    0x0000808c   Section        0  os_cpu_c.o(.text)
    .text                                    0x000082ec   Section        0  cpu_core.o(.text)
    CPU_NameInit                             0x00008387   Thumb Code     8  cpu_core.o(.text)
    CPU_IntDisMeasInit                       0x0000838f   Thumb Code   104  cpu_core.o(.text)
    CPU_TS_Init                              0x000083f7   Thumb Code    14  cpu_core.o(.text)
    CPU_IntDisMeasMaxCalc                    0x00008509   Thumb Code    24  cpu_core.o(.text)
    .text                                    0x000087c4   Section        0  cpu_c.o(.text)
    .text                                    0x00008d88   Section        0  lludiv.o(.text)
    .text                                    0x00008e8a   Section      346  aeabi_sdiv.o(.text)
    .text                                    0x00008fe4   Section       62  sys_stackheap_outer.o(.text)
    .text                                    0x00009022   Section        0  exit.o(.text)
    .text                                    0x00009030   Section        8  libspace.o(.text)
    .text                                    0x00009038   Section        0  sys_exit.o(.text)
    i.__ARM_common_switch8                   0x00009044   Section        0  os_core.o(i.__ARM_common_switch8)
    .constdata                               0x00009060   Section      148  lib_str.o(.constdata)
    Str_MultOvfThTbl_Int32U                  0x00009060   Data         148  lib_str.o(.constdata)
    .constdata                               0x000090f4   Section      148  os_cfg_app.o(.constdata)
    .constdata                               0x00009188   Section      360  os_dbg.o(.constdata)
    .constdata                               0x000092f0   Section      260  cpu_core.o(.constdata)
    CPU_CntLeadZerosTbl                      0x000092f0   Data         256  cpu_core.o(.constdata)
    .data                                    0x20000000   Section        6  app.o(.data)
    App_LCD_Dig1                             0x20000000   Data           1  app.o(.data)
    App_LCD_Dig2                             0x20000001   Data           1  app.o(.data)
    App_LCD_Dig3                             0x20000002   Data           1  app.o(.data)
    App_LCD_Dig4                             0x20000003   Data           1  app.o(.data)
    App_TSI_SliderPosMm                      0x20000004   Data           1  app.o(.data)
    App_TSI_SliderPosPct                     0x20000005   Data           1  app.o(.data)
    .data                                    0x20000008   Section        4  bsp.o(.data)
    BSP_CPU_ClkFreq_MHz                      0x20000008   Data           4  bsp.o(.data)
    .data                                    0x2000000c   Section       32  bsp_lcd.o(.data)
    BSP_LCD_WFRL                             0x2000000c   Data          16  bsp_lcd.o(.data)
    BSP_LCD_WFRH                             0x2000001c   Data          16  bsp_lcd.o(.data)
    .data                                    0x2000002c   Section        4  lib_math.o(.data)
    .data                                    0x20000030   Section        4  lib_mem.o(.data)
    .data                                    0x20000034   Section        8  os_prio.o(.data)
    .data                                    0x2000003c   Section      204  os_var.o(.data)
    .data                                    0x20000108   Section        4  os_cpu_c.o(.data)
    .data                                    0x2000010c   Section       28  cpu_core.o(.data)
    .bss                                     0x20000128   Section     2100  app.o(.bss)
    App_TaskStartTCB                         0x20000128   Data         188  app.o(.bss)
    App_TaskStartStk                         0x200001e4   Data         512  app.o(.bss)
    App_Task_LCD_TCB                         0x200003e4   Data         188  app.o(.bss)
    App_Task_LCD_Stk                         0x200004a0   Data         512  app.o(.bss)
    App_TaskTSI_SliderTCB                    0x200006a0   Data         188  app.o(.bss)
    App_TaskTSI_SliderStk                    0x2000075c   Data         512  app.o(.bss)
    .bss                                     0x2000095c   Section       26  bsp.o(.bss)
    BSP_TSI_Slider                           0x2000095c   Data          26  bsp.o(.bss)
    .bss                                     0x20000978   Section      424  bsp_int.o(.bss)
    BSP_IntVectTbl                           0x20000978   Data         424  bsp_int.o(.bss)
    .bss                                     0x20000b20   Section     2068  lib_mem.o(.bss)
    .bss                                     0x20001334   Section     4160  os_cfg_app.o(.bss)
    .bss                                     0x20002374   Section     1576  os_var.o(.bss)
    .bss                                     0x2000299c   Section       16  cpu_core.o(.bss)
    .bss                                     0x200029ac   Section       96  libspace.o(.bss)
    HEAP                                     0x20002a10   Section        0  cstartup.o(HEAP)
    STACK                                    0x20002a10   Section      256  cstartup.o(STACK)
    Heap_Mem                                 0x20002a10   Data           0  cstartup.o(HEAP)
    Stack_Mem                                0x20002a10   Data         256  cstartup.o(STACK)
    __initial_sp                             0x20002b10   Data           0  cstartup.o(STACK)

    Global Symbols

    Symbol Name                              Value     Ov Type        Size  Object(Section)

    BuildAttributes$$THM_ISAv3M$S$PE$A:L22$X:L11$S22$IEEE1$IW$USESV6$~STKCKD$USESV7$~SHL$OSPACE$ROPI$EBA8$UX$STANDARDLIB$REQ8$PRES8$EABIv2 0x00000000   Number         0  anon$$obj.o ABSOLUTE
    __ARM_use_no_argv                        0x00000000   Number         0  app.o ABSOLUTE
    __Vectors                                0x00000000   Data           4  cstartup.o(RESET)
    __ARM_exceptions_init                     - Undefined Weak Reference
    __alloca_initialize                       - Undefined Weak Reference
    __arm_preinit_                            - Undefined Weak Reference
    __cpp_initialize__aeabi_                  - Undefined Weak Reference
    __cxa_finalize                            - Undefined Weak Reference
    __rt_locale                               - Undefined Weak Reference
    __sigvec_lookup                           - Undefined Weak Reference
    _atexit_init                              - Undefined Weak Reference
    _call_atexit_fns                          - Undefined Weak Reference
    _clock_init                               - Undefined Weak Reference
    _fp_trap_init                             - Undefined Weak Reference
    _fp_trap_shutdown                         - Undefined Weak Reference
    _get_lc_collate                           - Undefined Weak Reference
    _get_lc_ctype                             - Undefined Weak Reference
    _get_lc_monetary                          - Undefined Weak Reference
    _get_lc_numeric                           - Undefined Weak Reference
    _get_lc_time                              - Undefined Weak Reference
    _getenv_init                              - Undefined Weak Reference
    _handle_redirection                       - Undefined Weak Reference
    _init_alloc                               - Undefined Weak Reference
    _init_user_alloc                          - Undefined Weak Reference
    _initio                                   - Undefined Weak Reference
    _rand_init                                - Undefined Weak Reference
    _signal_finish                            - Undefined Weak Reference
    _signal_init                              - Undefined Weak Reference
    _terminate_alloc                          - Undefined Weak Reference
    _terminate_user_alloc                     - Undefined Weak Reference
    _terminateio                              - Undefined Weak Reference
    __Vectors_End                            0x000000c0   Data           0  cstartup.o(RESET)
    __Vectors_Size                           0x000000c0   Number         0  cstartup.o ABSOLUTE
    __main                                   0x000000c1   Thumb Code     8  __main.o(!!!main)
    __scatterload                            0x000000c9   Thumb Code     0  __scatter.o(!!!scatter)
    __scatterload_rt2                        0x000000c9   Thumb Code    52  __scatter.o(!!!scatter)
    __scatterload_rt2_thumb_only             0x000000c9   Thumb Code     0  __scatter.o(!!!scatter)
    __scatterload_null                       0x000000d9   Thumb Code     0  __scatter.o(!!!scatter)
    __scatterload_copy                       0x00000105   Thumb Code    26  __scatter_copy.o(!!handler_copy)
    __scatterload_zeroinit                   0x00000121   Thumb Code    28  __scatter_zi.o(!!handler_zi)
    __rt_lib_init                            0x0000013d   Thumb Code     0  libinit.o(.ARM.Collect$$libinit$$00000000)
    __rt_lib_init_alloca_1                   0x0000013f   Thumb Code     0  libinit2.o(.ARM.Collect$$libinit$$0000002E)
    __rt_lib_init_argv_1                     0x0000013f   Thumb Code     0  libinit2.o(.ARM.Collect$$libinit$$0000002C)
    __rt_lib_init_atexit_1                   0x0000013f   Thumb Code     0  libinit2.o(.ARM.Collect$$libinit$$0000001B)
    __rt_lib_init_clock_1                    0x0000013f   Thumb Code     0  libinit2.o(.ARM.Collect$$libinit$$00000021)
    __rt_lib_init_cpp_1                      0x0000013f   Thumb Code     0  libinit2.o(.ARM.Collect$$libinit$$00000032)
    __rt_lib_init_exceptions_1               0x0000013f   Thumb Code     0  libinit2.o(.ARM.Collect$$libinit$$00000030)
    __rt_lib_init_fp_1                       0x0000013f   Thumb Code     0  libinit2.o(.ARM.Collect$$libinit$$00000002)
    __rt_lib_init_fp_trap_1                  0x0000013f   Thumb Code     0  libinit2.o(.ARM.Collect$$libinit$$0000001F)
    __rt_lib_init_getenv_1                   0x0000013f   Thumb Code     0  libinit2.o(.ARM.Collect$$libinit$$00000023)
    __rt_lib_init_heap_1                     0x0000013f   Thumb Code     0  libinit2.o(.ARM.Collect$$libinit$$0000000A)
    __rt_lib_init_lc_collate_1               0x0000013f   Thumb Code     0  libinit2.o(.ARM.Collect$$libinit$$00000011)
    __rt_lib_init_lc_ctype_1                 0x0000013f   Thumb Code     0  libinit2.o(.ARM.Collect$$libinit$$00000013)
    __rt_lib_init_lc_monetary_1              0x0000013f   Thumb Code     0  libinit2.o(.ARM.Collect$$libinit$$00000015)
    __rt_lib_init_lc_numeric_1               0x0000013f   Thumb Code     0  libinit2.o(.ARM.Collect$$libinit$$00000017)
    __rt_lib_init_lc_time_1                  0x0000013f   Thumb Code     0  libinit2.o(.ARM.Collect$$libinit$$00000019)
    __rt_lib_init_preinit_1                  0x0000013f   Thumb Code     0  libinit2.o(.ARM.Collect$$libinit$$00000004)
    __rt_lib_init_rand_1                     0x0000013f   Thumb Code     0  libinit2.o(.ARM.Collect$$libinit$$0000000E)
    __rt_lib_init_return                     0x0000013f   Thumb Code     0  libinit2.o(.ARM.Collect$$libinit$$00000033)
    __rt_lib_init_signal_1                   0x0000013f   Thumb Code     0  libinit2.o(.ARM.Collect$$libinit$$0000001D)
    __rt_lib_init_stdio_1                    0x0000013f   Thumb Code     0  libinit2.o(.ARM.Collect$$libinit$$00000025)
    __rt_lib_init_user_alloc_1               0x0000013f   Thumb Code     0  libinit2.o(.ARM.Collect$$libinit$$0000000C)
    __rt_lib_shutdown                        0x00000141   Thumb Code     0  libshutdown.o(.ARM.Collect$$libshutdown$$00000000)
    __rt_lib_shutdown_fp_trap_1              0x00000143   Thumb Code     0  libshutdown2.o(.ARM.Collect$$libshutdown$$00000006)
    __rt_lib_shutdown_heap_1                 0x00000143   Thumb Code     0  libshutdown2.o(.ARM.Collect$$libshutdown$$0000000E)
    __rt_lib_shutdown_return                 0x00000143   Thumb Code     0  libshutdown2.o(.ARM.Collect$$libshutdown$$0000000F)
    __rt_lib_shutdown_signal_1               0x00000143   Thumb Code     0  libshutdown2.o(.ARM.Collect$$libshutdown$$00000009)
    __rt_lib_shutdown_stdio_1                0x00000143   Thumb Code     0  libshutdown2.o(.ARM.Collect$$libshutdown$$00000003)
    __rt_lib_shutdown_user_alloc_1           0x00000143   Thumb Code     0  libshutdown2.o(.ARM.Collect$$libshutdown$$0000000B)
    __rt_entry                               0x00000145   Thumb Code     0  __rtentry.o(.ARM.Collect$$rtentry$$00000000)
    __rt_entry_presh_1                       0x00000145   Thumb Code     0  __rtentry2.o(.ARM.Collect$$rtentry$$00000002)
    __rt_entry_sh                            0x00000145   Thumb Code     0  __rtentry4.o(.ARM.Collect$$rtentry$$00000004)
    __rt_entry_li                            0x0000014b   Thumb Code     0  __rtentry2.o(.ARM.Collect$$rtentry$$0000000A)
    __rt_entry_postsh_1                      0x0000014b   Thumb Code     0  __rtentry2.o(.ARM.Collect$$rtentry$$00000009)
    __rt_entry_main                          0x0000014f   Thumb Code     0  __rtentry2.o(.ARM.Collect$$rtentry$$0000000D)
    __rt_entry_postli_1                      0x0000014f   Thumb Code     0  __rtentry2.o(.ARM.Collect$$rtentry$$0000000C)
    __rt_exit                                0x00000157   Thumb Code     0  rtexit.o(.ARM.Collect$$rtexit$$00000000)
    __rt_exit_ls                             0x00000159   Thumb Code     0  rtexit2.o(.ARM.Collect$$rtexit$$00000003)
    __rt_exit_prels_1                        0x00000159   Thumb Code     0  rtexit2.o(.ARM.Collect$$rtexit$$00000002)
    __rt_exit_exit                           0x0000015d   Thumb Code     0  rtexit2.o(.ARM.Collect$$rtexit$$00000004)
    main                                     0x00000283   Thumb Code    88  app.o(.text)
    CPU_TS_TmrInit                           0x00000355   Thumb Code    18  cpu_bsp.o(.text)
    CPU_TS_TmrRd                             0x00000367   Thumb Code     4  cpu_bsp.o(.text)
    CPU_TS32_to_uSec                         0x0000036b   Thumb Code    54  cpu_bsp.o(.text)
    App_Reset_ISR                            0x000003a5   Thumb Code    10  cstartup.o(.text)
    App_NMI_ISR                              0x000003af   Thumb Code     2  cstartup.o(.text)
    App_Fault_ISR                            0x000003b1   Thumb Code     2  cstartup.o(.text)
    App_Spurious_ISR                         0x000003b3   Thumb Code     2  cstartup.o(.text)
    __user_initial_stackheap                 0x000003b5   Thumb Code     0  cstartup.o(.text)
    OSCfg_Init                               0x000003d5   Thumb Code     2  os_cfg_app.o(.text)
    CPU_IntDis                               0x000003d9   Thumb Code     0  cpu_a.o(.text)
    CPU_IntEn                                0x000003dd   Thumb Code     0  cpu_a.o(.text)
    CPU_SR_Save                              0x000003e1   Thumb Code     0  cpu_a.o(.text)
    CPU_SR_Restore                           0x000003e9   Thumb Code     0  cpu_a.o(.text)
    CPU_WaitForInt                           0x000003ef   Thumb Code     0  cpu_a.o(.text)
    CPU_WaitForExcept                        0x000003f3   Thumb Code     0  cpu_a.o(.text)
    __use_two_region_memory                  0x000003f7   Thumb Code     2  heapauxi.o(.text)
    __rt_heap_escrow$2region                 0x000003f9   Thumb Code     2  heapauxi.o(.text)
    __rt_heap_expand$2region                 0x000003fb   Thumb Code     2  heapauxi.o(.text)
    __I$use$semihosting                      0x000003fd   Thumb Code     0  use_no_semi.o(.text)
    __use_no_semihosting_swi                 0x000003fd   Thumb Code     2  use_no_semi.o(.text)
    __semihosting_library_function           0x000003ff   Thumb Code     0  indicate_semi.o(.text)
    BSP_LED_Off                              0x00000689   Thumb Code    96  bsp.o(.text)
    BSP_CPU_ClkFreq                          0x00000829   Thumb Code     4  bsp.o(.text)
    BSP_Init                                 0x0000082d   Thumb Code   106  bsp.o(.text)
    BSP_Tick_Init                            0x00000897   Thumb Code    28  bsp.o(.text)
    BSP_LED_On                               0x000008b3   Thumb Code    88  bsp.o(.text)
    BSP_LED_Toggle                           0x0000090b   Thumb Code    88  bsp.o(.text)
    BSP_SW_Read                              0x00000963   Thumb Code    86  bsp.o(.text)
    BSP_TSI_SliderRead                       0x000009b9   Thumb Code   206  bsp.o(.text)
    BSP_IntClr                               0x00000aad   Thumb Code     2  bsp_int.o(.text)
    BSP_IntDis                               0x00000aaf   Thumb Code    20  bsp_int.o(.text)
    BSP_IntDisAll                            0x00000ac3   Thumb Code     8  bsp_int.o(.text)
    BSP_IntEn                                0x00000acb   Thumb Code    20  bsp_int.o(.text)
    BSP_IntVectSet                           0x00000adf   Thumb Code    56  bsp_int.o(.text)
    BSP_IntPrioSet                           0x00000b17   Thumb Code    62  bsp_int.o(.text)
    BSP_IntInit                              0x00000b57   Thumb Code    22  bsp_int.o(.text)
    BSP_IntHandlerDMA0                       0x00000bb1   Thumb Code    10  bsp_int.o(.text)
    BSP_IntHandlerDMA1                       0x00000bbb   Thumb Code    10  bsp_int.o(.text)
    BSP_IntHandlerDMA2                       0x00000bc5   Thumb Code    10  bsp_int.o(.text)
    BSP_IntHandlerDMA3                       0x00000bcf   Thumb Code    10  bsp_int.o(.text)
    BSP_IntHandlerRSVD4                      0x00000bd9   Thumb Code    10  bsp_int.o(.text)
    BSP_IntHandlerFTFA                       0x00000be3   Thumb Code    10  bsp_int.o(.text)
    BSP_IntHandlerLVD                        0x00000bed   Thumb Code    10  bsp_int.o(.text)
    BSP_IntHandlerLLWU                       0x00000bf7   Thumb Code    10  bsp_int.o(.text)
    BSP_IntHandlerI2C0                       0x00000c01   Thumb Code    10  bsp_int.o(.text)
    BSP_IntHandlerI2C1                       0x00000c0b   Thumb Code    10  bsp_int.o(.text)
    BSP_IntHandlerSPI0                       0x00000c15   Thumb Code    10  bsp_int.o(.text)
    BSP_IntHandlerSPI1                       0x00000c1f   Thumb Code    10  bsp_int.o(.text)
    BSP_IntHandlerUART0_RX_TX                0x00000c29   Thumb Code    10  bsp_int.o(.text)
    BSP_IntHandlerUART1_RX_TX                0x00000c33   Thumb Code    10  bsp_int.o(.text)
    BSP_IntHandlerUART2_RX_TX                0x00000c3d   Thumb Code    10  bsp_int.o(.text)
    BSP_IntHandlerADC0                       0x00000c47   Thumb Code    10  bsp_int.o(.text)
    BSP_IntHandlerCMP0                       0x00000c51   Thumb Code    10  bsp_int.o(.text)
    BSP_IntHandlerTPM0                       0x00000c5b   Thumb Code    10  bsp_int.o(.text)
    BSP_IntHandlerTPM1                       0x00000c65   Thumb Code    10  bsp_int.o(.text)
    BSP_IntHandlerTPM2                       0x00000c6f   Thumb Code    10  bsp_int.o(.text)
    BSP_IntHandlerRTC_ALARM                  0x00000c79   Thumb Code    10  bsp_int.o(.text)
    BSP_IntHandlerRTC_SECONDS                0x00000c83   Thumb Code    10  bsp_int.o(.text)
    BSP_IntHandlerPIT                        0x00000c8d   Thumb Code    10  bsp_int.o(.text)
    BSP_IntHandlerI2S0                       0x00000c97   Thumb Code    10  bsp_int.o(.text)
    BSP_IntHandlerUSB_OTG                    0x00000ca1   Thumb Code    10  bsp_int.o(.text)
    BSP_IntHandlerDAC0                       0x00000cab   Thumb Code    10  bsp_int.o(.text)
    BSP_IntHandlerTSI0                       0x00000cb5   Thumb Code    10  bsp_int.o(.text)
    BSP_IntHandlerMCG                        0x00000cbf   Thumb Code    10  bsp_int.o(.text)
    BSP_IntHandlerLPTMR0                     0x00000cc9   Thumb Code    10  bsp_int.o(.text)
    BSP_IntHandlerSLCD                       0x00000cd3   Thumb Code    10  bsp_int.o(.text)
    BSP_IntHandlerPORT_A                     0x00000cdd   Thumb Code    10  bsp_int.o(.text)
    BSP_IntHandlerPORT_C_D                   0x00000ce7   Thumb Code    10  bsp_int.o(.text)
    BSP_LCD_Clear                            0x00000cf9   Thumb Code   110  bsp_lcd.o(.text)
    BSP_LCD_Init                             0x00000d67   Thumb Code   240  bsp_lcd.o(.text)
    BSP_LCD_Write                            0x00000e57   Thumb Code   384  bsp_lcd.o(.text)
    ASCII_IsAlpha                            0x00001009   Thumb Code    48  lib_ascii.o(.text)
    ASCII_IsAlphaNum                         0x00001039   Thumb Code    76  lib_ascii.o(.text)
    ASCII_IsLower                            0x00001085   Thumb Code    20  lib_ascii.o(.text)
    ASCII_IsUpper                            0x00001099   Thumb Code    20  lib_ascii.o(.text)
    ASCII_IsDig                              0x000010ad   Thumb Code    20  lib_ascii.o(.text)
    ASCII_IsDigOct                           0x000010c1   Thumb Code    20  lib_ascii.o(.text)
    ASCII_IsDigHex                           0x000010d5   Thumb Code    36  lib_ascii.o(.text)
    ASCII_IsBlank                            0x000010f9   Thumb Code    20  lib_ascii.o(.text)
    ASCII_IsSpace                            0x0000110d   Thumb Code    36  lib_ascii.o(.text)
    ASCII_IsPrint                            0x00001131   Thumb Code    20  lib_ascii.o(.text)
    ASCII_IsGraph                            0x00001145   Thumb Code    20  lib_ascii.o(.text)
    ASCII_IsPunct                            0x00001159   Thumb Code   138  lib_ascii.o(.text)
    ASCII_IsCtrl                             0x000011e3   Thumb Code    26  lib_ascii.o(.text)
    ASCII_ToLower                            0x000011fd   Thumb Code    32  lib_ascii.o(.text)
    ASCII_ToUpper                            0x0000121d   Thumb Code    32  lib_ascii.o(.text)
    ASCII_Cmp                                0x0000123d   Thumb Code    38  lib_ascii.o(.text)
    Math_RandSetSeed                         0x00001265   Thumb Code    48  lib_math.o(.text)
    Math_Init                                0x00001295   Thumb Code    10  lib_math.o(.text)
    Math_RandSeed                            0x0000129f   Thumb Code    16  lib_math.o(.text)
    Math_Rand                                0x000012af   Thumb Code    60  lib_math.o(.text)
    Mem_SegCreate                            0x00001315   Thumb Code    72  lib_mem.o(.text)
    Mem_Init                                 0x0000135d   Thumb Code    50  lib_mem.o(.text)
    Mem_Set                                  0x0000138f   Thumb Code    86  lib_mem.o(.text)
    Mem_Clr                                  0x000013e5   Thumb Code    18  lib_mem.o(.text)
    Mem_Copy                                 0x000013f7   Thumb Code   118  lib_mem.o(.text)
    Mem_Move                                 0x0000146d   Thumb Code   184  lib_mem.o(.text)
    Mem_Cmp                                  0x00001525   Thumb Code   200  lib_mem.o(.text)
    Mem_HeapAlloc                            0x000016df   Thumb Code    80  lib_mem.o(.text)
    Mem_SegRemSizeGet                        0x0000172f   Thumb Code   134  lib_mem.o(.text)
    Mem_HeapGetSizeRem                       0x000017b5   Thumb Code    38  lib_mem.o(.text)
    Mem_SegClr                               0x000017db   Thumb Code    56  lib_mem.o(.text)
    Mem_SegAlloc                             0x00001813   Thumb Code    46  lib_mem.o(.text)
    Mem_SegAllocExt                          0x00001841   Thumb Code    46  lib_mem.o(.text)
    Mem_SegAllocHW                           0x0000186f   Thumb Code    42  lib_mem.o(.text)
    Mem_PoolClr                              0x000018eb   Thumb Code    22  lib_mem.o(.text)
    Mem_PoolCreate                           0x00001901   Thumb Code   376  lib_mem.o(.text)
    Mem_PoolBlkGet                           0x00001a79   Thumb Code    98  lib_mem.o(.text)
    Mem_PoolBlkFree                          0x00001adb   Thumb Code   174  lib_mem.o(.text)
    Mem_PoolBlkGetNbrAvail                   0x00001b89   Thumb Code    54  lib_mem.o(.text)
    Mem_DynPoolCreate                        0x00001c83   Thumb Code    42  lib_mem.o(.text)
    Mem_DynPoolCreateHW                      0x00001cad   Thumb Code    42  lib_mem.o(.text)
    Mem_DynPoolBlkGet                        0x00001cd7   Thumb Code   210  lib_mem.o(.text)
    Mem_DynPoolBlkFree                       0x00001da9   Thumb Code   140  lib_mem.o(.text)
    Mem_DynPoolBlkNbrAvailGet                0x00001e35   Thumb Code    74  lib_mem.o(.text)
    Str_Len_N                                0x00001e89   Thumb Code    32  lib_str.o(.text)
    Str_Len                                  0x00001ea9   Thumb Code    20  lib_str.o(.text)
    Str_Copy_N                               0x00001ebd   Thumb Code    82  lib_str.o(.text)
    Str_Copy                                 0x00001f0f   Thumb Code    24  lib_str.o(.text)
    Str_Cat_N                                0x00001f27   Thumb Code   108  lib_str.o(.text)
    Str_Cat                                  0x00001f93   Thumb Code    24  lib_str.o(.text)
    Str_Cmp_N                                0x00001fab   Thumb Code   188  lib_str.o(.text)
    Str_Cmp                                  0x00002067   Thumb Code    24  lib_str.o(.text)
    Str_CmpIgnoreCase_N                      0x0000207f   Thumb Code   270  lib_str.o(.text)
    Str_CmpIgnoreCase                        0x0000218d   Thumb Code    24  lib_str.o(.text)
    Str_Char_N                               0x000021a5   Thumb Code    82  lib_str.o(.text)
    Str_Char                                 0x000021f7   Thumb Code    24  lib_str.o(.text)
    Str_Char_Last_N                          0x0000220f   Thumb Code    78  lib_str.o(.text)
    Str_Char_Last                            0x0000225d   Thumb Code    24  lib_str.o(.text)
    Str_Char_Replace_N                       0x00002275   Thumb Code    56  lib_str.o(.text)
    Str_Char_Replace                         0x000022ad   Thumb Code    28  lib_str.o(.text)
    Str_Str_N                                0x000022c9   Thumb Code   192  lib_str.o(.text)
    Str_Str                                  0x00002389   Thumb Code    24  lib_str.o(.text)
    Str_FmtNbr_Int32U                        0x00002597   Thumb Code    36  lib_str.o(.text)
    Str_FmtNbr_Int32S                        0x000025bb   Thumb Code    56  lib_str.o(.text)
    Str_ParseNbr_Int32U                      0x000027bb   Thumb Code    30  lib_str.o(.text)
    Str_ParseNbr_Int32S                      0x000027d9   Thumb Code    66  lib_str.o(.text)
    OS_IdleTask                              0x00002825   Thumb Code    66  os_core.o(.text)
    OS_IdleTaskInit                          0x00002867   Thumb Code    66  os_core.o(.text)
    OS_RdyListInit                           0x000028a9   Thumb Code    30  os_core.o(.text)
    OSInit                                   0x000028c7   Thumb Code   296  os_core.o(.text)
    OSIntEnter                               0x000029ef   Thumb Code    34  os_core.o(.text)
    OSIntExit                                0x00002a11   Thumb Code   188  os_core.o(.text)
    OSSched                                  0x00002acd   Thumb Code   128  os_core.o(.text)
    OS_SchedLockTimeMeasStart                0x00002b4d   Thumb Code    20  os_core.o(.text)
    OSSchedLock                              0x00002b61   Thumb Code   106  os_core.o(.text)
    OS_SchedLockTimeMeasStop                 0x00002bcb   Thumb Code    46  os_core.o(.text)
    OSSchedUnlock                            0x00002bf9   Thumb Code   298  os_core.o(.text)
    OSStart                                  0x00002d23   Thumb Code    74  os_core.o(.text)
    OSVersion                                0x00002d6d   Thumb Code    10  os_core.o(.text)
    OS_PendDbgNameAdd                        0x00002d77   Thumb Code    68  os_core.o(.text)
    OS_PendListInsertPrio                    0x00002dbb   Thumb Code   106  os_core.o(.text)
    OS_PendDataInit                          0x00002e25   Thumb Code    38  os_core.o(.text)
    OS_RdyListRemove                         0x00002e4b   Thumb Code    86  os_core.o(.text)
    OS_TaskBlock                             0x00002ea1   Thumb Code    42  os_core.o(.text)
    OS_Pend                                  0x00002ecb   Thumb Code    98  os_core.o(.text)
    OS_PendListRemove1                       0x00002f2d   Thumb Code    66  os_core.o(.text)
    OS_PendListRemove                        0x00002f6f   Thumb Code    44  os_core.o(.text)
    OS_PendAbort1                            0x00002f9b   Thumb Code    36  os_core.o(.text)
    OS_RdyListInsertHead                     0x00002fbf   Thumb Code    58  os_core.o(.text)
    OS_RdyListInsertTail                     0x00002ff9   Thumb Code    56  os_core.o(.text)
    OS_RdyListInsert                         0x00003031   Thumb Code    40  os_core.o(.text)
    OS_PendAbort                             0x00003059   Thumb Code   274  os_core.o(.text)
    OS_PendDbgNameRemove                     0x0000316b   Thumb Code    32  os_core.o(.text)
    OS_PendListChangePrio                    0x0000318b   Thumb Code    62  os_core.o(.text)
    OS_PendListInit                          0x000031c9   Thumb Code    10  os_core.o(.text)
    OS_PendListInsertHead                    0x000031d3   Thumb Code    34  os_core.o(.text)
    OS_PendObjDel1                           0x000031f5   Thumb Code    36  os_core.o(.text)
    OS_PendObjDel                            0x00003219   Thumb Code   192  os_core.o(.text)
    OS_Post1                                 0x000032d9   Thumb Code    40  os_core.o(.text)
    OS_Post                                  0x00003301   Thumb Code   224  os_core.o(.text)
    OS_RdyListMoveHeadToTail                 0x000033e1   Thumb Code    70  os_core.o(.text)
    OS_Dbg_Init                              0x0000342d   Thumb Code   146  os_dbg.o(.text)
    OS_FlagDbgListAdd                        0x000035d5   Thumb Code    38  os_flag.o(.text)
    OSFlagCreate                             0x000035fb   Thumb Code   108  os_flag.o(.text)
    OS_FlagClr                               0x00003667   Thumb Code    28  os_flag.o(.text)
    OS_FlagDbgListRemove                     0x00003683   Thumb Code    50  os_flag.o(.text)
    OSFlagDel                                0x000036b5   Thumb Code   258  os_flag.o(.text)
    OS_FlagBlock                             0x000037b7   Thumb Code    46  os_flag.o(.text)
    OSFlagPend                               0x000037e5   Thumb Code  1214  os_flag.o(.text)
    OSFlagPendAbort                          0x00003ca3   Thumb Code   178  os_flag.o(.text)
    OSFlagPendGetFlagsRdy                    0x00003d55   Thumb Code    74  os_flag.o(.text)
    OS_FlagTaskRdy                           0x00003d9f   Thumb Code   102  os_flag.o(.text)
    OS_FlagPost                              0x00003e05   Thumb Code   454  os_flag.o(.text)
    OSFlagPost                               0x00003fcb   Thumb Code    36  os_flag.o(.text)
    OS_FlagInit                              0x00003fef   Thumb Code    14  os_flag.o(.text)
    OS_MemDbgListAdd                         0x0000400d   Thumb Code    34  os_mem.o(.text)
    OSMemCreate                              0x0000402f   Thumb Code   162  os_mem.o(.text)
    OSMemGet                                 0x000040d1   Thumb Code    98  os_mem.o(.text)
    OSMemPut                                 0x00004133   Thumb Code   100  os_mem.o(.text)
    OS_MemInit                               0x00004197   Thumb Code    14  os_mem.o(.text)
    OS_MsgPoolInit                           0x000041b9   Thumb Code    80  os_msg.o(.text)
    OS_MsgQFreeAll                           0x00004209   Thumb Code    62  os_msg.o(.text)
    OS_MsgQInit                              0x00004247   Thumb Code    14  os_msg.o(.text)
    OS_MsgQGet                               0x00004255   Thumb Code   100  os_msg.o(.text)
    OS_MsgQPut                               0x000042b9   Thumb Code   160  os_msg.o(.text)
    OS_MutexDbgListAdd                       0x0000436d   Thumb Code    38  os_mutex.o(.text)
    OSMutexCreate                            0x00004393   Thumb Code   118  os_mutex.o(.text)
    OS_MutexClr                              0x00004409   Thumb Code    42  os_mutex.o(.text)
    OS_MutexDbgListRemove                    0x00004433   Thumb Code    50  os_mutex.o(.text)
    OSMutexDel                               0x00004465   Thumb Code   398  os_mutex.o(.text)
    OSMutexPend                              0x000045f3   Thumb Code   630  os_mutex.o(.text)
    OSMutexPendAbort                         0x00004869   Thumb Code   344  os_mutex.o(.text)
    OSMutexPost                              0x000049c1   Thumb Code   326  os_mutex.o(.text)
    OS_MutexInit                             0x00004b07   Thumb Code    14  os_mutex.o(.text)
    OS_PrioInit                              0x00004b3d   Thumb Code    20  os_prio.o(.text)
    OS_PrioGetHighest                        0x00004b51   Thumb Code    36  os_prio.o(.text)
    OS_PrioInsert                            0x00004b75   Thumb Code    36  os_prio.o(.text)
    OS_PrioRemove                            0x00004b99   Thumb Code    36  os_prio.o(.text)
    OS_QDbgListAdd                           0x00004bc1   Thumb Code    38  os_q.o(.text)
    OSQCreate                                0x00004be7   Thumb Code   112  os_q.o(.text)
    OS_QClr                                  0x00004c57   Thumb Code    40  os_q.o(.text)
    OS_QDbgListRemove                        0x00004c7f   Thumb Code    50  os_q.o(.text)
    OSQDel                                   0x00004cb1   Thumb Code   258  os_q.o(.text)
    OSQFlush                                 0x00004db3   Thumb Code    80  os_q.o(.text)
    OSQPend                                  0x00004e03   Thumb Code   400  os_q.o(.text)
    OSQPendAbort                             0x00004f93   Thumb Code   244  os_q.o(.text)
    OS_QPost                                 0x00005087   Thumb Code   204  os_q.o(.text)
    OSQPost                                  0x00005153   Thumb Code    40  os_q.o(.text)
    OS_QInit                                 0x0000517b   Thumb Code    14  os_q.o(.text)
    OS_SemDbgListAdd                         0x00005195   Thumb Code    38  os_sem.o(.text)
    OSSemCreate                              0x000051bb   Thumb Code   108  os_sem.o(.text)
    OS_SemClr                                0x00005227   Thumb Code    28  os_sem.o(.text)
    OS_SemDbgListRemove                      0x00005243   Thumb Code    50  os_sem.o(.text)
    OSSemDel                                 0x00005275   Thumb Code   258  os_sem.o(.text)
    OSSemPend                                0x00005377   Thumb Code   386  os_sem.o(.text)
    OSSemPendAbort                           0x000054f9   Thumb Code   248  os_sem.o(.text)
    OS_SemPost                               0x000055f1   Thumb Code   318  os_sem.o(.text)
    OSSemPost                                0x0000572f   Thumb Code    32  os_sem.o(.text)
    OSSemSet                                 0x0000574f   Thumb Code   100  os_sem.o(.text)
    OS_SemInit                               0x000057b3   Thumb Code    14  os_sem.o(.text)
    OSStatReset                              0x000057d9   Thumb Code   320  os_stat.o(.text)
    OSStatTaskCPUUsageInit                   0x00005919   Thumb Code   240  os_stat.o(.text)
    OS_StatTask                              0x00005a09   Thumb Code   846  os_stat.o(.text)
    OS_StatTaskInit                          0x00005d57   Thumb Code   136  os_stat.o(.text)
    OSTaskChangePrio                         0x00005e41   Thumb Code   286  os_task.o(.text)
    OS_TaskDbgListAdd                        0x00005f5f   Thumb Code    42  os_task.o(.text)
    OS_TaskInitTCB                           0x00005f89   Thumb Code   210  os_task.o(.text)
    OSTaskCreate                             0x0000605b   Thumb Code   322  os_task.o(.text)
    OS_TaskDbgListRemove                     0x0000619d   Thumb Code    72  os_task.o(.text)
    OSTaskDel                                0x000061e5   Thumb Code   364  os_task.o(.text)
    OSTaskQFlush                             0x00006351   Thumb Code   124  os_task.o(.text)
    OSTaskQPend                              0x000063cd   Thumb Code   456  os_task.o(.text)
    OSTaskQPendAbort                         0x00006595   Thumb Code   138  os_task.o(.text)
    OS_TaskQPost                             0x0000661f   Thumb Code   268  os_task.o(.text)
    OSTaskQPost                              0x0000672b   Thumb Code    40  os_task.o(.text)
    OSTaskRegGet                             0x00006753   Thumb Code    72  os_task.o(.text)
    OSTaskRegGetID                           0x0000679b   Thumb Code    96  os_task.o(.text)
    OSTaskRegSet                             0x000067fb   Thumb Code    72  os_task.o(.text)
    OS_TaskResume                            0x00006843   Thumb Code   296  os_task.o(.text)
    OSTaskResume                             0x0000696b   Thumb Code    72  os_task.o(.text)
    OSTaskSemPend                            0x000069b3   Thumb Code   508  os_task.o(.text)
    OSTaskSemPendAbort                       0x00006baf   Thumb Code   214  os_task.o(.text)
    OS_TaskSemPost                           0x00006c85   Thumb Code   494  os_task.o(.text)
    OSTaskSemPost                            0x00006e73   Thumb Code    32  os_task.o(.text)
    OSTaskSemSet                             0x00006e93   Thumb Code    86  os_task.o(.text)
    OSTaskStkChk                             0x00006ee9   Thumb Code   228  os_task.o(.text)
    OS_TaskSuspend                           0x00006fcd   Thumb Code   306  os_task.o(.text)
    OSTaskSuspend                            0x000070ff   Thumb Code    48  os_task.o(.text)
    OS_TaskInit                              0x0000712f   Thumb Code    18  os_task.o(.text)
    OS_TaskReturn                            0x00007141   Thumb Code    20  os_task.o(.text)
    OS_TickTask                              0x000072f1   Thumb Code   108  os_tick.o(.text)
    OS_TickTaskInit                          0x0000735d   Thumb Code   140  os_tick.o(.text)
    OS_TickListInsert                        0x000073e9   Thumb Code   134  os_tick.o(.text)
    OS_TickListInsertDly                     0x0000746f   Thumb Code   184  os_tick.o(.text)
    OS_TickListRemove                        0x00007527   Thumb Code   170  os_tick.o(.text)
    OS_TickListResetPeak                     0x000075d1   Thumb Code     2  os_tick.o(.text)
    OSTimeDly                                0x000075d5   Thumb Code   180  os_time.o(.text)
    OSTimeDlyHMSM                            0x00007689   Thumb Code   278  os_time.o(.text)
    OSTimeDlyResume                          0x0000779f   Thumb Code   354  os_time.o(.text)
    OSTimeGet                                0x00007901   Thumb Code    54  os_time.o(.text)
    OSTimeSet                                0x00007937   Thumb Code    54  os_time.o(.text)
    OSTimeTick                               0x0000796d   Thumb Code    52  os_time.o(.text)
    OS_TmrDbgListAdd                         0x000079e3   Thumb Code    34  os_tmr.o(.text)
    OSTmrCreate                              0x00007a19   Thumb Code   100  os_tmr.o(.text)
    OS_TmrClr                                0x00007a7d   Thumb Code    34  os_tmr.o(.text)
    OS_TmrUnlink                             0x00007a9f   Thumb Code    62  os_tmr.o(.text)
    OS_TmrDbgListRemove                      0x00007add   Thumb Code    50  os_tmr.o(.text)
    OSTmrDel                                 0x00007b0f   Thumb Code   152  os_tmr.o(.text)
    OSTmrRemainGet                           0x00007ba7   Thumb Code   126  os_tmr.o(.text)
    OSTmrStart                               0x00007c25   Thumb Code   214  os_tmr.o(.text)
    OSTmrStateGet                            0x00007cfb   Thumb Code    66  os_tmr.o(.text)
    OSTmrStop                                0x00007d3d   Thumb Code   228  os_tmr.o(.text)
    OS_TmrTask                               0x00007e21   Thumb Code   138  os_tmr.o(.text)
    OS_TmrInit                               0x00007eab   Thumb Code   206  os_tmr.o(.text)
    OS_TmrResetPeak                          0x00007f79   Thumb Code     2  os_tmr.o(.text)
    OSStartHighRdy                           0x00007ff1   Thumb Code     0  os_cpu_a.o(.text)
    OSCtxSw                                  0x0000800f   Thumb Code     0  os_cpu_a.o(.text)
    OSIntCtxSw                               0x00008017   Thumb Code     0  os_cpu_a.o(.text)
    OS_CPU_PendSVHandler                     0x0000801f   Thumb Code     0  os_cpu_a.o(.text)
    OSIdleTaskHook                           0x0000808d   Thumb Code    18  os_cpu_c.o(.text)
    OSInitHook                               0x0000809f   Thumb Code    28  os_cpu_c.o(.text)
    OSStatTaskHook                           0x000080bb   Thumb Code    18  os_cpu_c.o(.text)
    OSTaskCreateHook                         0x000080cd   Thumb Code    22  os_cpu_c.o(.text)
    OSTaskDelHook                            0x000080e3   Thumb Code    22  os_cpu_c.o(.text)
    OSTaskReturnHook                         0x000080f9   Thumb Code    22  os_cpu_c.o(.text)
    OSTaskStkInit                            0x0000810f   Thumb Code   108  os_cpu_c.o(.text)
    OSTaskSwHook                             0x0000817b   Thumb Code   148  os_cpu_c.o(.text)
    OSTimeTickHook                           0x0000820f   Thumb Code    18  os_cpu_c.o(.text)
    OS_CPU_SysTickHandler                    0x00008221   Thumb Code    60  os_cpu_c.o(.text)
    OS_CPU_SysTickInit                       0x0000825d   Thumb Code    46  os_cpu_c.o(.text)
    CPU_IntDisMeasStop                       0x000082ed   Thumb Code    64  cpu_core.o(.text)
    CPU_IntDisMeasStart                      0x0000832d   Thumb Code    40  cpu_core.o(.text)
    CPU_NameClr                              0x00008355   Thumb Code    50  cpu_core.o(.text)
    CPU_Init                                 0x00008405   Thumb Code    16  cpu_core.o(.text)
    CPU_SW_Exception                         0x00008415   Thumb Code     4  cpu_core.o(.text)
    CPU_NameGet                              0x00008419   Thumb Code    82  cpu_core.o(.text)
    CPU_NameSet                              0x0000846b   Thumb Code   104  cpu_core.o(.text)
    CPU_TS_Get32                             0x000084d3   Thumb Code    12  cpu_core.o(.text)
    CPU_TS_Update                            0x000084df   Thumb Code     2  cpu_core.o(.text)
    CPU_TS_TmrFreqGet                        0x000084e1   Thumb Code    34  cpu_core.o(.text)
    CPU_TS_TmrFreqSet                        0x00008503   Thumb Code     6  cpu_core.o(.text)
    CPU_IntDisMeasMaxCurGet                  0x00008521   Thumb Code    40  cpu_core.o(.text)
    CPU_IntDisMeasMaxCurReset                0x00008549   Thumb Code    40  cpu_core.o(.text)
    CPU_IntDisMeasMaxGet                     0x00008571   Thumb Code    40  cpu_core.o(.text)
    CPU_CntLeadZeros32                       0x00008599   Thumb Code    62  cpu_core.o(.text)
    CPU_CntLeadZeros                         0x000085d7   Thumb Code    16  cpu_core.o(.text)
    CPU_CntLeadZeros08                       0x000085e7   Thumb Code    10  cpu_core.o(.text)
    CPU_CntLeadZeros16                       0x000085f1   Thumb Code    26  cpu_core.o(.text)
    CPU_CntLeadZeros64                       0x0000860b   Thumb Code   188  cpu_core.o(.text)
    CPU_CntTrailZeros                        0x000086c7   Thumb Code    86  cpu_core.o(.text)
    CPU_CntTrailZeros08                      0x0000871d   Thumb Code    36  cpu_core.o(.text)
    CPU_CntTrailZeros16                      0x00008741   Thumb Code    36  cpu_core.o(.text)
    CPU_CntTrailZeros32                      0x00008765   Thumb Code    36  cpu_core.o(.text)
    CPU_CntTrailZeros64                      0x00008789   Thumb Code    60  cpu_core.o(.text)
    CPU_BitBandClr                           0x000087c5   Thumb Code    80  cpu_c.o(.text)
    CPU_BitBandSet                           0x00008815   Thumb Code    80  cpu_c.o(.text)
    CPU_IntSrcDis                            0x00008865   Thumb Code   202  cpu_c.o(.text)
    CPU_IntSrcEn                             0x0000892f   Thumb Code   204  cpu_c.o(.text)
    CPU_IntSrcPendClr                        0x000089fb   Thumb Code   154  cpu_c.o(.text)
    CPU_IntSrcPrioSet                        0x00008a95   Thumb Code   382  cpu_c.o(.text)
    CPU_IntSrcPrioGet                        0x00008c13   Thumb Code   314  cpu_c.o(.text)
    CPU_RevBits                              0x00008d4d   Thumb Code    42  cpu_c.o(.text)
    __aeabi_uldivmod                         0x00008d89   Thumb Code   258  lludiv.o(.text)
    _ll_udiv                                 0x00008d89   Thumb Code     0  lludiv.o(.text)
    __aeabi_uidiv                            0x00008e8b   Thumb Code     0  aeabi_sdiv.o(.text)
    __aeabi_uidivmod                         0x00008e8b   Thumb Code    20  aeabi_sdiv.o(.text)
    __aeabi_idiv                             0x00008e9f   Thumb Code     0  aeabi_sdiv.o(.text)
    __aeabi_idivmod                          0x00008e9f   Thumb Code   326  aeabi_sdiv.o(.text)
    __user_setup_stackheap                   0x00008fe5   Thumb Code    62  sys_stackheap_outer.o(.text)
    exit                                     0x00009023   Thumb Code    12  exit.o(.text)
    __user_libspace                          0x00009031   Thumb Code     8  libspace.o(.text)
    __user_perproc_libspace                  0x00009031   Thumb Code     0  libspace.o(.text)
    __user_perthread_libspace                0x00009031   Thumb Code     0  libspace.o(.text)
    _sys_exit                                0x00009039   Thumb Code     8  sys_exit.o(.text)
    __ARM_common_switch8                     0x00009045   Thumb Code    28  os_core.o(i.__ARM_common_switch8)
    OSCfg_IdleTaskStkBasePtr                 0x000090f4   Data           4  os_cfg_app.o(.constdata)
    OSCfg_IdleTaskStkLimit                   0x000090f8   Data           4  os_cfg_app.o(.constdata)
    OSCfg_IdleTaskStkSize                    0x000090fc   Data           4  os_cfg_app.o(.constdata)
    OSCfg_IdleTaskStkSizeRAM                 0x00009100   Data           4  os_cfg_app.o(.constdata)
    OSCfg_IntQBasePtr                        0x00009104   Data           4  os_cfg_app.o(.constdata)
    OSCfg_IntQSize                           0x00009108   Data           2  os_cfg_app.o(.constdata)
    OSCfg_IntQSizeRAM                        0x0000910c   Data           4  os_cfg_app.o(.constdata)
    OSCfg_IntQTaskStkBasePtr                 0x00009110   Data           4  os_cfg_app.o(.constdata)
    OSCfg_IntQTaskStkLimit                   0x00009114   Data           4  os_cfg_app.o(.constdata)
    OSCfg_IntQTaskStkSize                    0x00009118   Data           4  os_cfg_app.o(.constdata)
    OSCfg_IntQTaskStkSizeRAM                 0x0000911c   Data           4  os_cfg_app.o(.constdata)
    OSCfg_ISRStkBasePtr                      0x00009120   Data           4  os_cfg_app.o(.constdata)
    OSCfg_ISRStkSize                         0x00009124   Data           4  os_cfg_app.o(.constdata)
    OSCfg_ISRStkSizeRAM                      0x00009128   Data           4  os_cfg_app.o(.constdata)
    OSCfg_MsgPoolSize                        0x0000912c   Data           2  os_cfg_app.o(.constdata)
    OSCfg_MsgPoolSizeRAM                     0x00009130   Data           4  os_cfg_app.o(.constdata)
    OSCfg_MsgPoolBasePtr                     0x00009134   Data           4  os_cfg_app.o(.constdata)
    OSCfg_StatTaskPrio                       0x00009138   Data           1  os_cfg_app.o(.constdata)
    OSCfg_StatTaskRate_Hz                    0x0000913c   Data           4  os_cfg_app.o(.constdata)
    OSCfg_StatTaskStkBasePtr                 0x00009140   Data           4  os_cfg_app.o(.constdata)
    OSCfg_StatTaskStkLimit                   0x00009144   Data           4  os_cfg_app.o(.constdata)
    OSCfg_StatTaskStkSize                    0x00009148   Data           4  os_cfg_app.o(.constdata)
    OSCfg_StatTaskStkSizeRAM                 0x0000914c   Data           4  os_cfg_app.o(.constdata)
    OSCfg_StkSizeMin                         0x00009150   Data           4  os_cfg_app.o(.constdata)
    OSCfg_TickRate_Hz                        0x00009154   Data           4  os_cfg_app.o(.constdata)
    OSCfg_TickTaskPrio                       0x00009158   Data           1  os_cfg_app.o(.constdata)
    OSCfg_TickTaskStkBasePtr                 0x0000915c   Data           4  os_cfg_app.o(.constdata)
    OSCfg_TickTaskStkLimit                   0x00009160   Data           4  os_cfg_app.o(.constdata)
    OSCfg_TickTaskStkSize                    0x00009164   Data           4  os_cfg_app.o(.constdata)
    OSCfg_TickTaskStkSizeRAM                 0x00009168   Data           4  os_cfg_app.o(.constdata)
    OSCfg_TmrTaskPrio                        0x0000916c   Data           1  os_cfg_app.o(.constdata)
    OSCfg_TmrTaskRate_Hz                     0x00009170   Data           4  os_cfg_app.o(.constdata)
    OSCfg_TmrTaskStkBasePtr                  0x00009174   Data           4  os_cfg_app.o(.constdata)
    OSCfg_TmrTaskStkLimit                    0x00009178   Data           4  os_cfg_app.o(.constdata)
    OSCfg_TmrTaskStkSize                     0x0000917c   Data           4  os_cfg_app.o(.constdata)
    OSCfg_TmrTaskStkSizeRAM                  0x00009180   Data           4  os_cfg_app.o(.constdata)
    OSCfg_DataSizeRAM                        0x00009184   Data           4  os_cfg_app.o(.constdata)
    OSDbg_DbgEn                              0x00009188   Data           1  os_dbg.o(.constdata)
    OSDbg_ArgChkEn                           0x00009189   Data           1  os_dbg.o(.constdata)
    OSDbg_AppHooksEn                         0x0000918a   Data           1  os_dbg.o(.constdata)
    OSDbg_EndiannessTest                     0x0000918c   Data           4  os_dbg.o(.constdata)
    OSDbg_CalledFromISRChkEn                 0x00009190   Data           1  os_dbg.o(.constdata)
    OSDbg_FlagEn                             0x00009191   Data           1  os_dbg.o(.constdata)
    OSDbg_FlagGrp                            0x00009194   Data          40  os_dbg.o(.constdata)
    OSDbg_FlagDelEn                          0x000091bc   Data           1  os_dbg.o(.constdata)
    OSDbg_FlagModeClrEn                      0x000091bd   Data           1  os_dbg.o(.constdata)
    OSDbg_FlagPendAbortEn                    0x000091be   Data           1  os_dbg.o(.constdata)
    OSDbg_FlagGrpSize                        0x000091c0   Data           2  os_dbg.o(.constdata)
    OSDbg_FlagWidth                          0x000091c2   Data           2  os_dbg.o(.constdata)
    OSDbg_IntQ                               0x000091c4   Data           2  os_dbg.o(.constdata)
    OSDbg_ISRPostDeferredEn                  0x000091c6   Data           1  os_dbg.o(.constdata)
    OSDbg_Mem                                0x000091c8   Data          32  os_dbg.o(.constdata)
    OSDbg_MemEn                              0x000091e8   Data           1  os_dbg.o(.constdata)
    OSDbg_MemSize                            0x000091ea   Data           2  os_dbg.o(.constdata)
    OSDbg_MsgEn                              0x000091ec   Data           1  os_dbg.o(.constdata)
    OSDbg_MsgSize                            0x000091ee   Data           2  os_dbg.o(.constdata)
    OSDbg_MsgPoolSize                        0x000091f0   Data           2  os_dbg.o(.constdata)
    OSDbg_MsgQSize                           0x000091f2   Data           2  os_dbg.o(.constdata)
    OSDbg_Mutex                              0x000091f4   Data          44  os_dbg.o(.constdata)
    OSDbg_MutexEn                            0x00009220   Data           1  os_dbg.o(.constdata)
    OSDbg_MutexDelEn                         0x00009221   Data           1  os_dbg.o(.constdata)
    OSDbg_MutexPendAbortEn                   0x00009222   Data           1  os_dbg.o(.constdata)
    OSDbg_MutexSize                          0x00009224   Data           2  os_dbg.o(.constdata)
    OSDbg_ObjTypeChkEn                       0x00009226   Data           1  os_dbg.o(.constdata)
    OSDbg_PendMultiEn                        0x00009227   Data           1  os_dbg.o(.constdata)
    OSDbg_PendDataSize                       0x00009228   Data           2  os_dbg.o(.constdata)
    OSDbg_PendListSize                       0x0000922a   Data           2  os_dbg.o(.constdata)
    OSDbg_PendObjSize                        0x0000922c   Data           2  os_dbg.o(.constdata)
    OSDbg_PrioMax                            0x0000922e   Data           2  os_dbg.o(.constdata)
    OSDbg_PrioTblSize                        0x00009230   Data           2  os_dbg.o(.constdata)
    OSDbg_PtrSize                            0x00009232   Data           2  os_dbg.o(.constdata)
    OSDbg_Q                                  0x00009234   Data          48  os_dbg.o(.constdata)
    OSDbg_QEn                                0x00009264   Data           1  os_dbg.o(.constdata)
    OSDbg_QDelEn                             0x00009265   Data           1  os_dbg.o(.constdata)
    OSDbg_QFlushEn                           0x00009266   Data           1  os_dbg.o(.constdata)
    OSDbg_QPendAbortEn                       0x00009267   Data           1  os_dbg.o(.constdata)
    OSDbg_QSize                              0x00009268   Data           2  os_dbg.o(.constdata)
    OSDbg_SchedRoundRobinEn                  0x0000926a   Data           1  os_dbg.o(.constdata)
    OSDbg_Sem                                0x0000926c   Data          40  os_dbg.o(.constdata)
    OSDbg_SemEn                              0x00009294   Data           1  os_dbg.o(.constdata)
    OSDbg_SemDelEn                           0x00009295   Data           1  os_dbg.o(.constdata)
    OSDbg_SemPendAbortEn                     0x00009296   Data           1  os_dbg.o(.constdata)
    OSDbg_SemSetEn                           0x00009297   Data           1  os_dbg.o(.constdata)
    OSDbg_SemSize                            0x00009298   Data           2  os_dbg.o(.constdata)
    OSDbg_RdyList                            0x0000929a   Data           2  os_dbg.o(.constdata)
    OSDbg_RdyListSize                        0x0000929c   Data           4  os_dbg.o(.constdata)
    OSDbg_StkWidth                           0x000092a0   Data           1  os_dbg.o(.constdata)
    OSDbg_StatTaskEn                         0x000092a1   Data           1  os_dbg.o(.constdata)
    OSDbg_StatTaskStkChkEn                   0x000092a2   Data           1  os_dbg.o(.constdata)
    OSDbg_TaskChangePrioEn                   0x000092a3   Data           1  os_dbg.o(.constdata)
    OSDbg_TaskDelEn                          0x000092a4   Data           1  os_dbg.o(.constdata)
    OSDbg_TaskQEn                            0x000092a5   Data           1  os_dbg.o(.constdata)
    OSDbg_TaskQPendAbortEn                   0x000092a6   Data           1  os_dbg.o(.constdata)
    OSDbg_TaskProfileEn                      0x000092a7   Data           1  os_dbg.o(.constdata)
    OSDbg_TaskRegTblSize                     0x000092a8   Data           2  os_dbg.o(.constdata)
    OSDbg_TaskSemPendAbortEn                 0x000092aa   Data           1  os_dbg.o(.constdata)
    OSDbg_TaskSuspendEn                      0x000092ab   Data           1  os_dbg.o(.constdata)
    OSDbg_TCBSize                            0x000092ac   Data           2  os_dbg.o(.constdata)
    OSDbg_TickListSize                       0x000092ae   Data           2  os_dbg.o(.constdata)
    OSDbg_TimeDlyHMSMEn                      0x000092b0   Data           1  os_dbg.o(.constdata)
    OSDbg_TimeDlyResumeEn                    0x000092b1   Data           1  os_dbg.o(.constdata)
    OSDbg_TLS_TblSize                        0x000092b2   Data           2  os_dbg.o(.constdata)
    OSDbg_Tmr                                0x000092b4   Data          48  os_dbg.o(.constdata)
    OSDbg_TmrEn                              0x000092e4   Data           1  os_dbg.o(.constdata)
    OSDbg_TmrDelEn                           0x000092e5   Data           1  os_dbg.o(.constdata)
    OSDbg_TmrSize                            0x000092e6   Data           2  os_dbg.o(.constdata)
    OSDbg_VersionNbr                         0x000092e8   Data           2  os_dbg.o(.constdata)
    OSDbg_DataSize                           0x000092ec   Data           4  os_dbg.o(.constdata)
    CPU_EndiannessTest                       0x000093f0   Data           4  cpu_core.o(.constdata)
    Region$$Table$$Base                      0x000093f4   Number         0  anon$$obj.o(Region$$Table)
    Region$$Table$$Limit                     0x00009414   Number         0  anon$$obj.o(Region$$Table)
    Math_RandSeedCur                         0x2000002c   Data           4  lib_math.o(.data)
    Mem_SegHeadPtr                           0x20000030   Data           4  lib_mem.o(.data)
    OSPrioTbl                                0x20000034   Data           8  os_prio.o(.data)
    OS_AppTaskCreateHookPtr                  0x2000003c   Data           4  os_var.o(.data)
    OS_AppTaskDelHookPtr                     0x20000040   Data           4  os_var.o(.data)
    OS_AppTaskReturnHookPtr                  0x20000044   Data           4  os_var.o(.data)
    OS_AppIdleTaskHookPtr                    0x20000048   Data           4  os_var.o(.data)
    OS_AppStatTaskHookPtr                    0x2000004c   Data           4  os_var.o(.data)
    OS_AppTaskSwHookPtr                      0x20000050   Data           4  os_var.o(.data)
    OS_AppTimeTickHookPtr                    0x20000054   Data           4  os_var.o(.data)
    OSIdleTaskCtr                            0x20000058   Data           4  os_var.o(.data)
    OSIntNestingCtr                          0x2000005c   Data           1  os_var.o(.data)
    OSIntDisTimeMax                          0x20000060   Data           4  os_var.o(.data)
    OSRunning                                0x20000064   Data           1  os_var.o(.data)
    OSFlagDbgListPtr                         0x20000068   Data           4  os_var.o(.data)
    OSFlagQty                                0x2000006c   Data           2  os_var.o(.data)
    OSMemDbgListPtr                          0x20000070   Data           4  os_var.o(.data)
    OSMemQty                                 0x20000074   Data           2  os_var.o(.data)
    OSMutexDbgListPtr                        0x20000078   Data           4  os_var.o(.data)
    OSMutexQty                               0x2000007c   Data           2  os_var.o(.data)
    OSPrioCur                                0x2000007e   Data           1  os_var.o(.data)
    OSPrioHighRdy                            0x2000007f   Data           1  os_var.o(.data)
    OSPrioSaved                              0x20000080   Data           1  os_var.o(.data)
    OSQDbgListPtr                            0x20000084   Data           4  os_var.o(.data)
    OSQQty                                   0x20000088   Data           2  os_var.o(.data)
    OSSchedLockTimeBegin                     0x2000008c   Data           4  os_var.o(.data)
    OSSchedLockTimeMax                       0x20000090   Data           4  os_var.o(.data)
    OSSchedLockTimeMaxCur                    0x20000094   Data           4  os_var.o(.data)
    OSSchedLockNestingCtr                    0x20000098   Data           1  os_var.o(.data)
    OSSemDbgListPtr                          0x2000009c   Data           4  os_var.o(.data)
    OSSemQty                                 0x200000a0   Data           2  os_var.o(.data)
    OSStatResetFlag                          0x200000a2   Data           1  os_var.o(.data)
    OSStatTaskCPUUsage                       0x200000a4   Data           2  os_var.o(.data)
    OSStatTaskCPUUsageMax                    0x200000a6   Data           2  os_var.o(.data)
    OSStatTaskCtr                            0x200000a8   Data           4  os_var.o(.data)
    OSStatTaskCtrMax                         0x200000ac   Data           4  os_var.o(.data)
    OSStatTaskCtrRun                         0x200000b0   Data           4  os_var.o(.data)
    OSStatTaskRdy                            0x200000b4   Data           1  os_var.o(.data)
    OSStatTaskTimeMax                        0x200000b8   Data           4  os_var.o(.data)
    OSTaskCtxSwCtr                           0x200000bc   Data           4  os_var.o(.data)
    OSTaskDbgListPtr                         0x200000c0   Data           4  os_var.o(.data)
    OSTaskQty                                0x200000c4   Data           2  os_var.o(.data)
    OSTaskRegNextAvailID                     0x200000c6   Data           1  os_var.o(.data)
    OSTickCtr                                0x200000c8   Data           4  os_var.o(.data)
    OSTickTaskTimeMax                        0x200000cc   Data           4  os_var.o(.data)
    OSTickListDly                            0x200000d0   Data           8  os_var.o(.data)
    OSTickListTimeout                        0x200000d8   Data           8  os_var.o(.data)
    OSTmrDbgListPtr                          0x200000e0   Data           4  os_var.o(.data)
    OSTmrListEntries                         0x200000e4   Data           2  os_var.o(.data)
    OSTmrListPtr                             0x200000e8   Data           4  os_var.o(.data)
    OSTmrQty                                 0x200000ec   Data           2  os_var.o(.data)
    OSTmrTaskTimeMax                         0x200000f0   Data           4  os_var.o(.data)
    OSTmrTickCtr                             0x200000f4   Data           4  os_var.o(.data)
    OSTmrUpdateCnt                           0x200000f8   Data           4  os_var.o(.data)
    OSTmrUpdateCtr                           0x200000fc   Data           4  os_var.o(.data)
    OSTCBCurPtr                              0x20000100   Data           4  os_var.o(.data)
    OSTCBHighRdyPtr                          0x20000104   Data           4  os_var.o(.data)
    OS_CPU_ExceptStkBase                     0x20000108   Data           4  os_cpu_c.o(.data)
    CPU_TS_TmrFreq_Hz                        0x2000010c   Data           4  cpu_core.o(.data)
    CPU_IntDisMeasCtr                        0x20000110   Data           2  cpu_core.o(.data)
    CPU_IntDisNestCtr                        0x20000112   Data           2  cpu_core.o(.data)
    CPU_IntDisMeasStart_cnts                 0x20000114   Data           4  cpu_core.o(.data)
    CPU_IntDisMeasStop_cnts                  0x20000118   Data           4  cpu_core.o(.data)
    CPU_IntDisMeasOvrhd_cnts                 0x2000011c   Data           4  cpu_core.o(.data)
    CPU_IntDisMeasMaxCur_cnts                0x20000120   Data           4  cpu_core.o(.data)
    CPU_IntDisMeasMax_cnts                   0x20000124   Data           4  cpu_core.o(.data)
    Mem_Heap                                 0x20000b20   Data        2048  lib_mem.o(.bss)
    Mem_SegHeap                              0x20001320   Data          20  lib_mem.o(.bss)
    OSCfg_IdleTaskStk                        0x20001334   Data         512  os_cfg_app.o(.bss)
    OSCfg_ISRStk                             0x20001534   Data         512  os_cfg_app.o(.bss)
    OSCfg_MsgPool                            0x20001734   Data        1600  os_cfg_app.o(.bss)
    OSCfg_StatTaskStk                        0x20001d74   Data         512  os_cfg_app.o(.bss)
    OSCfg_TickTaskStk                        0x20001f74   Data         512  os_cfg_app.o(.bss)
    OSCfg_TmrTaskStk                         0x20002174   Data         512  os_cfg_app.o(.bss)
    OSIdleTaskTCB                            0x20002374   Data         188  os_var.o(.bss)
    OSMsgPool                                0x20002430   Data          12  os_var.o(.bss)
    OSRdyList                                0x2000243c   Data         768  os_var.o(.bss)
    OSStatTaskTCB                            0x2000273c   Data         188  os_var.o(.bss)
    OSTickTaskTCB                            0x200027f8   Data         188  os_var.o(.bss)
    OSTmrMutex                               0x200028b4   Data          44  os_var.o(.bss)
    OSTmrTaskTCB                             0x200028e0   Data         188  os_var.o(.bss)
    CPU_Name                                 0x2000299c   Data          16  cpu_core.o(.bss)
    __libspace_start                         0x200029ac   Data          96  libspace.o(.bss)
    __temporary_stack_top$libspace           0x20002a0c   Data           0  libspace.o(.bss)



==============================================================================

Memory Map of the image

  Image Entry point : 0x000000c1

  Load Region LR_IROM1 (Base: 0x00000000, Size: 0x0000953c, Max: 0x00040000, ABSOLUTE)

    Execution Region ER_IROM1 (Base: 0x00000000, Size: 0x00009414, Max: 0x00040000, ABSOLUTE)

    Base Addr    Size         Type   Attr      Idx    E Section Name        Object

    0x00000000   0x000000c0   Data   RO          242    RESET               cstartup.o
    0x000000c0   0x00000008   Code   RO          660  * !!!main             c_p.l(__main.o)
    0x000000c8   0x0000003c   Code   RO          832    !!!scatter          c_p.l(__scatter.o)
    0x00000104   0x0000001a   Code   RO          834    !!handler_copy      c_p.l(__scatter_copy.o)
    0x0000011e   0x00000002   PAD
    0x00000120   0x0000001c   Code   RO          836    !!handler_zi        c_p.l(__scatter_zi.o)
    0x0000013c   0x00000002   Code   RO          702    .ARM.Collect$$libinit$$00000000  c_p.l(libinit.o)
    0x0000013e   0x00000000   Code   RO          716    .ARM.Collect$$libinit$$00000002  c_p.l(libinit2.o)
    0x0000013e   0x00000000   Code   RO          718    .ARM.Collect$$libinit$$00000004  c_p.l(libinit2.o)
    0x0000013e   0x00000000   Code   RO          721    .ARM.Collect$$libinit$$0000000A  c_p.l(libinit2.o)
    0x0000013e   0x00000000   Code   RO          723    .ARM.Collect$$libinit$$0000000C  c_p.l(libinit2.o)
    0x0000013e   0x00000000   Code   RO          725    .ARM.Collect$$libinit$$0000000E  c_p.l(libinit2.o)
    0x0000013e   0x00000000   Code   RO          728    .ARM.Collect$$libinit$$00000011  c_p.l(libinit2.o)
    0x0000013e   0x00000000   Code   RO          730    .ARM.Collect$$libinit$$00000013  c_p.l(libinit2.o)
    0x0000013e   0x00000000   Code   RO          732    .ARM.Collect$$libinit$$00000015  c_p.l(libinit2.o)
    0x0000013e   0x00000000   Code   RO          734    .ARM.Collect$$libinit$$00000017  c_p.l(libinit2.o)
    0x0000013e   0x00000000   Code   RO          736    .ARM.Collect$$libinit$$00000019  c_p.l(libinit2.o)
    0x0000013e   0x00000000   Code   RO          738    .ARM.Collect$$libinit$$0000001B  c_p.l(libinit2.o)
    0x0000013e   0x00000000   Code   RO          740    .ARM.Collect$$libinit$$0000001D  c_p.l(libinit2.o)
    0x0000013e   0x00000000   Code   RO          742    .ARM.Collect$$libinit$$0000001F  c_p.l(libinit2.o)
    0x0000013e   0x00000000   Code   RO          744    .ARM.Collect$$libinit$$00000021  c_p.l(libinit2.o)
    0x0000013e   0x00000000   Code   RO          746    .ARM.Collect$$libinit$$00000023  c_p.l(libinit2.o)
    0x0000013e   0x00000000   Code   RO          748    .ARM.Collect$$libinit$$00000025  c_p.l(libinit2.o)
    0x0000013e   0x00000000   Code   RO          752    .ARM.Collect$$libinit$$0000002C  c_p.l(libinit2.o)
    0x0000013e   0x00000000   Code   RO          754    .ARM.Collect$$libinit$$0000002E  c_p.l(libinit2.o)
    0x0000013e   0x00000000   Code   RO          756    .ARM.Collect$$libinit$$00000030  c_p.l(libinit2.o)
    0x0000013e   0x00000000   Code   RO          758    .ARM.Collect$$libinit$$00000032  c_p.l(libinit2.o)
    0x0000013e   0x00000002   Code   RO          759    .ARM.Collect$$libinit$$00000033  c_p.l(libinit2.o)
    0x00000140   0x00000002   Code   RO          790    .ARM.Collect$$libshutdown$$00000000  c_p.l(libshutdown.o)
    0x00000142   0x00000000   Code   RO          817    .ARM.Collect$$libshutdown$$00000003  c_p.l(libshutdown2.o)
    0x00000142   0x00000000   Code   RO          820    .ARM.Collect$$libshutdown$$00000006  c_p.l(libshutdown2.o)
    0x00000142   0x00000000   Code   RO          823    .ARM.Collect$$libshutdown$$00000009  c_p.l(libshutdown2.o)
    0x00000142   0x00000000   Code   RO          825    .ARM.Collect$$libshutdown$$0000000B  c_p.l(libshutdown2.o)
    0x00000142   0x00000000   Code   RO          828    .ARM.Collect$$libshutdown$$0000000E  c_p.l(libshutdown2.o)
    0x00000142   0x00000002   Code   RO          829    .ARM.Collect$$libshutdown$$0000000F  c_p.l(libshutdown2.o)
    0x00000144   0x00000000   Code   RO          662    .ARM.Collect$$rtentry$$00000000  c_p.l(__rtentry.o)
    0x00000144   0x00000000   Code   RO          672    .ARM.Collect$$rtentry$$00000002  c_p.l(__rtentry2.o)
    0x00000144   0x00000006   Code   RO          684    .ARM.Collect$$rtentry$$00000004  c_p.l(__rtentry4.o)
    0x0000014a   0x00000000   Code   RO          674    .ARM.Collect$$rtentry$$00000009  c_p.l(__rtentry2.o)
    0x0000014a   0x00000004   Code   RO          675    .ARM.Collect$$rtentry$$0000000A  c_p.l(__rtentry2.o)
    0x0000014e   0x00000000   Code   RO          677    .ARM.Collect$$rtentry$$0000000C  c_p.l(__rtentry2.o)
    0x0000014e   0x00000008   Code   RO          678    .ARM.Collect$$rtentry$$0000000D  c_p.l(__rtentry2.o)
    0x00000156   0x00000002   Code   RO          707    .ARM.Collect$$rtexit$$00000000  c_p.l(rtexit.o)
    0x00000158   0x00000000   Code   RO          763    .ARM.Collect$$rtexit$$00000002  c_p.l(rtexit2.o)
    0x00000158   0x00000004   Code   RO          764    .ARM.Collect$$rtexit$$00000003  c_p.l(rtexit2.o)
    0x0000015c   0x00000006   Code   RO          765    .ARM.Collect$$rtexit$$00000004  c_p.l(rtexit2.o)
    0x00000162   0x00000002   PAD
    0x00000164   0x000001f0   Code   RO            1    .text               app.o
    0x00000354   0x00000050   Code   RO          206    .text               cpu_bsp.o
    0x000003a4   0x00000030   Code   RO          244    .text               cstartup.o
    0x000003d4   0x00000002   Code   RO          352    .text               os_cfg_app.o
    0x000003d6   0x00000002   PAD
    0x000003d8   0x0000001e   Code   RO          635    .text               cpu_a.o
    0x000003f6   0x00000006   Code   RO          658    .text               c_p.l(heapauxi.o)
    0x000003fc   0x00000002   Code   RO          779    .text               c_p.l(use_no_semi.o)
    0x000003fe   0x00000000   Code   RO          781    .text               c_p.l(indicate_semi.o)
    0x000003fe   0x00000002   PAD
    0x00000400   0x00000010   Code   RO          243    .ARM.__at_0x400     cstartup.o
    0x00000410   0x0000069c   Code   RO          135    .text               bsp.o
    0x00000aac   0x0000024c   Code   RO          189    .text               bsp_int.o
    0x00000cf8   0x00000310   Code   RO          251    .text               bsp_lcd.o
    0x00001008   0x0000025a   Code   RO          268    .text               lib_ascii.o
    0x00001262   0x00000002   PAD
    0x00001264   0x00000094   Code   RO          286    .text               lib_math.o
    0x000012f8   0x00000b90   Code   RO          313    .text               lib_mem.o
    0x00001e88   0x0000099c   Code   RO          335    .text               lib_str.o
    0x00002824   0x00000c08   Code   RO          378    .text               os_core.o
    0x0000342c   0x000001a8   Code   RO          392    .text               os_dbg.o
    0x000035d4   0x00000a38   Code   RO          407    .text               os_flag.o
    0x0000400c   0x000001ac   Code   RO          425    .text               os_mem.o
    0x000041b8   0x000001b4   Code   RO          437    .text               os_msg.o
    0x0000436c   0x000007d0   Code   RO          449    .text               os_mutex.o
    0x00004b3c   0x00000084   Code   RO          473    .text               os_prio.o
    0x00004bc0   0x000005d4   Code   RO          492    .text               os_q.o
    0x00005194   0x00000644   Code   RO          504    .text               os_sem.o
    0x000057d8   0x00000668   Code   RO          516    .text               os_stat.o
    0x00005e40   0x00001338   Code   RO          528    .text               os_task.o
    0x00007178   0x0000045a   Code   RO          540    .text               os_tick.o
    0x000075d2   0x00000002   PAD
    0x000075d4   0x00000400   Code   RO          552    .text               os_time.o
    0x000079d4   0x0000061c   Code   RO          564    .text               os_tmr.o
    0x00007ff0   0x0000009c   Code   RO          590    .text               os_cpu_a.o
    0x0000808c   0x00000260   Code   RO          593    .text               os_cpu_c.o
    0x000082ec   0x000004d8   Code   RO          615    .text               cpu_core.o
    0x000087c4   0x000005c4   Code   RO          638    .text               cpu_c.o
    0x00008d88   0x00000102   Code   RO          652    .text               c_p.l(lludiv.o)
    0x00008e8a   0x0000015a   Code   RO          654    .text               c_p.l(aeabi_sdiv.o)
    0x00008fe4   0x0000003e   Code   RO          688    .text               c_p.l(sys_stackheap_outer.o)
    0x00009022   0x0000000c   Code   RO          691    .text               c_p.l(exit.o)
    0x0000902e   0x00000002   PAD
    0x00009030   0x00000008   Code   RO          703    .text               c_p.l(libspace.o)
    0x00009038   0x0000000c   Code   RO          760    .text               c_p.l(sys_exit.o)
    0x00009044   0x0000001c   Code   RO          387    i.__ARM_common_switch8  os_core.o
    0x00009060   0x00000094   Data   RO          336    .constdata          lib_str.o
    0x000090f4   0x00000094   Data   RO          354    .constdata          os_cfg_app.o
    0x00009188   0x00000168   Data   RO          393    .constdata          os_dbg.o
    0x000092f0   0x00000104   Data   RO          617    .constdata          cpu_core.o
    0x000093f4   0x00000020   Data   RO          830    Region$$Table       anon$$obj.o


    Execution Region RW_IRAM1 (Base: 0x20000000, Size: 0x00002b10, Max: 0x00020000, ABSOLUTE)

    Base Addr    Size         Type   Attr      Idx    E Section Name        Object

    0x20000000   0x00000006   Data   RW            3    .data               app.o
    0x20000006   0x00000002   PAD
    0x20000008   0x00000004   Data   RW          137    .data               bsp.o
    0x2000000c   0x00000020   Data   RW          252    .data               bsp_lcd.o
    0x2000002c   0x00000004   Data   RW          287    .data               lib_math.o
    0x20000030   0x00000004   Data   RW          315    .data               lib_mem.o
    0x20000034   0x00000008   Data   RW          474    .data               os_prio.o
    0x2000003c   0x000000cc   Data   RW          577    .data               os_var.o
    0x20000108   0x00000004   Data   RW          594    .data               os_cpu_c.o
    0x2000010c   0x0000001c   Data   RW          618    .data               cpu_core.o
    0x20000128   0x00000834   Zero   RW            2    .bss                app.o
    0x2000095c   0x0000001a   Zero   RW          136    .bss                bsp.o
    0x20000976   0x00000002   PAD
    0x20000978   0x000001a8   Zero   RW          190    .bss                bsp_int.o
    0x20000b20   0x00000814   Zero   RW          314    .bss                lib_mem.o
    0x20001334   0x00001040   Zero   RW          353    .bss                os_cfg_app.o
    0x20002374   0x00000628   Zero   RW          576    .bss                os_var.o
    0x2000299c   0x00000010   Zero   RW          616    .bss                cpu_core.o
    0x200029ac   0x00000060   Zero   RW          704    .bss                c_p.l(libspace.o)
    0x20002a0c   0x00000004   PAD
    0x20002a10   0x00000000   Zero   RW          241    HEAP                cstartup.o
    0x20002a10   0x00000100   Zero   RW          240    STACK               cstartup.o

